Copyright 1986-2019 Xilinx, Inc. All Rights Reserved.
------------------------------------------------------------------------------------------
| Tool Version : Vivado v.2019.2 (lin64) Build 2708876 Wed Nov  6 21:39:14 MST 2019
| Date         : Fri Nov 19 17:53:40 2021
| Host         : mario.ece.utexas.edu running 64-bit CentOS Linux release 7.9.2009 (Core)
| Command      : report_utilization -hierarchical -file new_reports/util_letter.log
| Design       : device_interface
| Device       : 7z020clg400-1
| Design State : Routed
------------------------------------------------------------------------------------------

Utilization Design Information

Table of Contents
-----------------
1. Utilization by Hierarchy

1. Utilization by Hierarchy
---------------------------

+---------------------------------------+--------------------------------+------------+------------+---------+------+------+--------+--------+--------------+
|                Instance               |             Module             | Total LUTs | Logic LUTs | LUTRAMs | SRLs |  FFs | RAMB36 | RAMB18 | DSP48 Blocks |
+---------------------------------------+--------------------------------+------------+------------+---------+------+------+--------+--------+--------------+
| device_interface                      |                          (top) |      21603 |      21359 |     240 |    4 | 2715 |      0 |      0 |            0 |
|   (device_interface)                  |                          (top) |        361 |        121 |     240 |    0 |    9 |      0 |      0 |            0 |
|   model                               |                         wisard |      21242 |      21238 |       0 |    4 | 2706 |      0 |      0 |            0 |
|     (model)                           |                         wisard |         28 |         28 |       0 |    0 |    3 |      0 |      0 |            0 |
|     discrim0                          | discriminator__parameterized24 |         44 |         44 |       0 |    0 |   73 |      0 |      0 |            0 |
|       (discrim0)                      | discriminator__parameterized24 |         12 |         12 |       0 |    0 |    0 |      0 |      0 |            0 |
|       count                           |                    popcount_35 |         19 |         19 |       0 |    0 |   36 |      0 |      0 |            0 |
|       filter0                         | bloom_filter__parameterized310 |          2 |          2 |       0 |    0 |    4 |      0 |      0 |            0 |
|       gen_filt_inst[10].filter        | bloom_filter__parameterized308 |          1 |          1 |       0 |    0 |    3 |      0 |      0 |            0 |
|       gen_filt_inst[11].filter        | bloom_filter__parameterized309 |          1 |          1 |       0 |    0 |    3 |      0 |      0 |            0 |
|       gen_filt_inst[1].filter         | bloom_filter__parameterized299 |          1 |          1 |       0 |    0 |    3 |      0 |      0 |            0 |
|       gen_filt_inst[2].filter         | bloom_filter__parameterized300 |          1 |          1 |       0 |    0 |    3 |      0 |      0 |            0 |
|       gen_filt_inst[3].filter         | bloom_filter__parameterized301 |          1 |          1 |       0 |    0 |    3 |      0 |      0 |            0 |
|       gen_filt_inst[4].filter         | bloom_filter__parameterized302 |          1 |          1 |       0 |    0 |    3 |      0 |      0 |            0 |
|       gen_filt_inst[5].filter         | bloom_filter__parameterized303 |          1 |          1 |       0 |    0 |    3 |      0 |      0 |            0 |
|       gen_filt_inst[6].filter         | bloom_filter__parameterized304 |          1 |          1 |       0 |    0 |    3 |      0 |      0 |            0 |
|       gen_filt_inst[7].filter         | bloom_filter__parameterized305 |          1 |          1 |       0 |    0 |    3 |      0 |      0 |            0 |
|       gen_filt_inst[8].filter         | bloom_filter__parameterized306 |          1 |          1 |       0 |    0 |    3 |      0 |      0 |            0 |
|       gen_filt_inst[9].filter         | bloom_filter__parameterized307 |          1 |          1 |       0 |    0 |    3 |      0 |      0 |            0 |
|     gen_discriminator[10].discrim     |  discriminator__parameterized8 |         43 |         43 |       0 |    0 |   68 |      0 |      0 |            0 |
|       (gen_discriminator[10].discrim) |  discriminator__parameterized8 |         12 |         12 |       0 |    0 |    0 |      0 |      0 |            0 |
|       count                           |                    popcount_34 |         19 |         19 |       0 |    0 |   32 |      0 |      0 |            0 |
|       filter0                         | bloom_filter__parameterized118 |          1 |          1 |       0 |    0 |    3 |      0 |      0 |            0 |
|       gen_filt_inst[10].filter        | bloom_filter__parameterized116 |          1 |          1 |       0 |    0 |    3 |      0 |      0 |            0 |
|       gen_filt_inst[11].filter        | bloom_filter__parameterized117 |          1 |          1 |       0 |    0 |    3 |      0 |      0 |            0 |
|       gen_filt_inst[1].filter         | bloom_filter__parameterized107 |          1 |          1 |       0 |    0 |    3 |      0 |      0 |            0 |
|       gen_filt_inst[2].filter         | bloom_filter__parameterized108 |          1 |          1 |       0 |    0 |    3 |      0 |      0 |            0 |
|       gen_filt_inst[3].filter         | bloom_filter__parameterized109 |          1 |          1 |       0 |    0 |    3 |      0 |      0 |            0 |
|       gen_filt_inst[4].filter         | bloom_filter__parameterized110 |          1 |          1 |       0 |    0 |    3 |      0 |      0 |            0 |
|       gen_filt_inst[5].filter         | bloom_filter__parameterized111 |          1 |          1 |       0 |    0 |    3 |      0 |      0 |            0 |
|       gen_filt_inst[6].filter         | bloom_filter__parameterized112 |          1 |          1 |       0 |    0 |    3 |      0 |      0 |            0 |
|       gen_filt_inst[7].filter         | bloom_filter__parameterized113 |          1 |          1 |       0 |    0 |    3 |      0 |      0 |            0 |
|       gen_filt_inst[8].filter         | bloom_filter__parameterized114 |          1 |          1 |       0 |    0 |    3 |      0 |      0 |            0 |
|       gen_filt_inst[9].filter         | bloom_filter__parameterized115 |          1 |          1 |       0 |    0 |    3 |      0 |      0 |            0 |
|     gen_discriminator[11].discrim     |  discriminator__parameterized9 |         48 |         48 |       0 |    0 |   68 |      0 |      0 |            0 |
|       (gen_discriminator[11].discrim) |  discriminator__parameterized9 |         12 |         12 |       0 |    0 |    0 |      0 |      0 |            0 |
|       count                           |                    popcount_33 |         24 |         24 |       0 |    0 |   32 |      0 |      0 |            0 |
|       filter0                         | bloom_filter__parameterized130 |          1 |          1 |       0 |    0 |    3 |      0 |      0 |            0 |
|       gen_filt_inst[10].filter        | bloom_filter__parameterized128 |          1 |          1 |       0 |    0 |    3 |      0 |      0 |            0 |
|       gen_filt_inst[11].filter        | bloom_filter__parameterized129 |          1 |          1 |       0 |    0 |    3 |      0 |      0 |            0 |
|       gen_filt_inst[1].filter         | bloom_filter__parameterized119 |          1 |          1 |       0 |    0 |    3 |      0 |      0 |            0 |
|       gen_filt_inst[2].filter         | bloom_filter__parameterized120 |          1 |          1 |       0 |    0 |    3 |      0 |      0 |            0 |
|       gen_filt_inst[3].filter         | bloom_filter__parameterized121 |          1 |          1 |       0 |    0 |    3 |      0 |      0 |            0 |
|       gen_filt_inst[4].filter         | bloom_filter__parameterized122 |          1 |          1 |       0 |    0 |    3 |      0 |      0 |            0 |
|       gen_filt_inst[5].filter         | bloom_filter__parameterized123 |          1 |          1 |       0 |    0 |    3 |      0 |      0 |            0 |
|       gen_filt_inst[6].filter         | bloom_filter__parameterized124 |          1 |          1 |       0 |    0 |    3 |      0 |      0 |            0 |
|       gen_filt_inst[7].filter         | bloom_filter__parameterized125 |          1 |          1 |       0 |    0 |    3 |      0 |      0 |            0 |
|       gen_filt_inst[8].filter         | bloom_filter__parameterized126 |          1 |          1 |       0 |    0 |    3 |      0 |      0 |            0 |
|       gen_filt_inst[9].filter         | bloom_filter__parameterized127 |          1 |          1 |       0 |    0 |    3 |      0 |      0 |            0 |
|     gen_discriminator[12].discrim     | discriminator__parameterized10 |         43 |         43 |       0 |    0 |   68 |      0 |      0 |            0 |
|       (gen_discriminator[12].discrim) | discriminator__parameterized10 |         12 |         12 |       0 |    0 |    0 |      0 |      0 |            0 |
|       count                           |                    popcount_32 |         19 |         19 |       0 |    0 |   32 |      0 |      0 |            0 |
|       filter0                         | bloom_filter__parameterized142 |          1 |          1 |       0 |    0 |    3 |      0 |      0 |            0 |
|       gen_filt_inst[10].filter        | bloom_filter__parameterized140 |          1 |          1 |       0 |    0 |    3 |      0 |      0 |            0 |
|       gen_filt_inst[11].filter        | bloom_filter__parameterized141 |          1 |          1 |       0 |    0 |    3 |      0 |      0 |            0 |
|       gen_filt_inst[1].filter         | bloom_filter__parameterized131 |          1 |          1 |       0 |    0 |    3 |      0 |      0 |            0 |
|       gen_filt_inst[2].filter         | bloom_filter__parameterized132 |          1 |          1 |       0 |    0 |    3 |      0 |      0 |            0 |
|       gen_filt_inst[3].filter         | bloom_filter__parameterized133 |          1 |          1 |       0 |    0 |    3 |      0 |      0 |            0 |
|       gen_filt_inst[4].filter         | bloom_filter__parameterized134 |          1 |          1 |       0 |    0 |    3 |      0 |      0 |            0 |
|       gen_filt_inst[5].filter         | bloom_filter__parameterized135 |          1 |          1 |       0 |    0 |    3 |      0 |      0 |            0 |
|       gen_filt_inst[6].filter         | bloom_filter__parameterized136 |          1 |          1 |       0 |    0 |    3 |      0 |      0 |            0 |
|       gen_filt_inst[7].filter         | bloom_filter__parameterized137 |          1 |          1 |       0 |    0 |    3 |      0 |      0 |            0 |
|       gen_filt_inst[8].filter         | bloom_filter__parameterized138 |          1 |          1 |       0 |    0 |    3 |      0 |      0 |            0 |
|       gen_filt_inst[9].filter         | bloom_filter__parameterized139 |          1 |          1 |       0 |    0 |    3 |      0 |      0 |            0 |
|     gen_discriminator[13].discrim     | discriminator__parameterized11 |         48 |         48 |       0 |    0 |   68 |      0 |      0 |            0 |
|       (gen_discriminator[13].discrim) | discriminator__parameterized11 |         12 |         12 |       0 |    0 |    0 |      0 |      0 |            0 |
|       count                           |                    popcount_31 |         24 |         24 |       0 |    0 |   32 |      0 |      0 |            0 |
|       filter0                         | bloom_filter__parameterized154 |          1 |          1 |       0 |    0 |    3 |      0 |      0 |            0 |
|       gen_filt_inst[10].filter        | bloom_filter__parameterized152 |          1 |          1 |       0 |    0 |    3 |      0 |      0 |            0 |
|       gen_filt_inst[11].filter        | bloom_filter__parameterized153 |          1 |          1 |       0 |    0 |    3 |      0 |      0 |            0 |
|       gen_filt_inst[1].filter         | bloom_filter__parameterized143 |          1 |          1 |       0 |    0 |    3 |      0 |      0 |            0 |
|       gen_filt_inst[2].filter         | bloom_filter__parameterized144 |          1 |          1 |       0 |    0 |    3 |      0 |      0 |            0 |
|       gen_filt_inst[3].filter         | bloom_filter__parameterized145 |          1 |          1 |       0 |    0 |    3 |      0 |      0 |            0 |
|       gen_filt_inst[4].filter         | bloom_filter__parameterized146 |          1 |          1 |       0 |    0 |    3 |      0 |      0 |            0 |
|       gen_filt_inst[5].filter         | bloom_filter__parameterized147 |          1 |          1 |       0 |    0 |    3 |      0 |      0 |            0 |
|       gen_filt_inst[6].filter         | bloom_filter__parameterized148 |          1 |          1 |       0 |    0 |    3 |      0 |      0 |            0 |
|       gen_filt_inst[7].filter         | bloom_filter__parameterized149 |          1 |          1 |       0 |    0 |    3 |      0 |      0 |            0 |
|       gen_filt_inst[8].filter         | bloom_filter__parameterized150 |          1 |          1 |       0 |    0 |    3 |      0 |      0 |            0 |
|       gen_filt_inst[9].filter         | bloom_filter__parameterized151 |          1 |          1 |       0 |    0 |    3 |      0 |      0 |            0 |
|     gen_discriminator[14].discrim     | discriminator__parameterized12 |         43 |         43 |       0 |    0 |   68 |      0 |      0 |            0 |
|       (gen_discriminator[14].discrim) | discriminator__parameterized12 |         12 |         12 |       0 |    0 |    0 |      0 |      0 |            0 |
|       count                           |                    popcount_30 |         19 |         19 |       0 |    0 |   32 |      0 |      0 |            0 |
|       filter0                         | bloom_filter__parameterized166 |          1 |          1 |       0 |    0 |    3 |      0 |      0 |            0 |
|       gen_filt_inst[10].filter        | bloom_filter__parameterized164 |          1 |          1 |       0 |    0 |    3 |      0 |      0 |            0 |
|       gen_filt_inst[11].filter        | bloom_filter__parameterized165 |          1 |          1 |       0 |    0 |    3 |      0 |      0 |            0 |
|       gen_filt_inst[1].filter         | bloom_filter__parameterized155 |          1 |          1 |       0 |    0 |    3 |      0 |      0 |            0 |
|       gen_filt_inst[2].filter         | bloom_filter__parameterized156 |          1 |          1 |       0 |    0 |    3 |      0 |      0 |            0 |
|       gen_filt_inst[3].filter         | bloom_filter__parameterized157 |          1 |          1 |       0 |    0 |    3 |      0 |      0 |            0 |
|       gen_filt_inst[4].filter         | bloom_filter__parameterized158 |          1 |          1 |       0 |    0 |    3 |      0 |      0 |            0 |
|       gen_filt_inst[5].filter         | bloom_filter__parameterized159 |          1 |          1 |       0 |    0 |    3 |      0 |      0 |            0 |
|       gen_filt_inst[6].filter         | bloom_filter__parameterized160 |          1 |          1 |       0 |    0 |    3 |      0 |      0 |            0 |
|       gen_filt_inst[7].filter         | bloom_filter__parameterized161 |          1 |          1 |       0 |    0 |    3 |      0 |      0 |            0 |
|       gen_filt_inst[8].filter         | bloom_filter__parameterized162 |          1 |          1 |       0 |    0 |    3 |      0 |      0 |            0 |
|       gen_filt_inst[9].filter         | bloom_filter__parameterized163 |          1 |          1 |       0 |    0 |    3 |      0 |      0 |            0 |
|     gen_discriminator[15].discrim     | discriminator__parameterized13 |         48 |         48 |       0 |    0 |   68 |      0 |      0 |            0 |
|       (gen_discriminator[15].discrim) | discriminator__parameterized13 |         12 |         12 |       0 |    0 |    0 |      0 |      0 |            0 |
|       count                           |                    popcount_29 |         24 |         24 |       0 |    0 |   32 |      0 |      0 |            0 |
|       filter0                         | bloom_filter__parameterized178 |          1 |          1 |       0 |    0 |    3 |      0 |      0 |            0 |
|       gen_filt_inst[10].filter        | bloom_filter__parameterized176 |          1 |          1 |       0 |    0 |    3 |      0 |      0 |            0 |
|       gen_filt_inst[11].filter        | bloom_filter__parameterized177 |          1 |          1 |       0 |    0 |    3 |      0 |      0 |            0 |
|       gen_filt_inst[1].filter         | bloom_filter__parameterized167 |          1 |          1 |       0 |    0 |    3 |      0 |      0 |            0 |
|       gen_filt_inst[2].filter         | bloom_filter__parameterized168 |          1 |          1 |       0 |    0 |    3 |      0 |      0 |            0 |
|       gen_filt_inst[3].filter         | bloom_filter__parameterized169 |          1 |          1 |       0 |    0 |    3 |      0 |      0 |            0 |
|       gen_filt_inst[4].filter         | bloom_filter__parameterized170 |          1 |          1 |       0 |    0 |    3 |      0 |      0 |            0 |
|       gen_filt_inst[5].filter         | bloom_filter__parameterized171 |          1 |          1 |       0 |    0 |    3 |      0 |      0 |            0 |
|       gen_filt_inst[6].filter         | bloom_filter__parameterized172 |          1 |          1 |       0 |    0 |    3 |      0 |      0 |            0 |
|       gen_filt_inst[7].filter         | bloom_filter__parameterized173 |          1 |          1 |       0 |    0 |    3 |      0 |      0 |            0 |
|       gen_filt_inst[8].filter         | bloom_filter__parameterized174 |          1 |          1 |       0 |    0 |    3 |      0 |      0 |            0 |
|       gen_filt_inst[9].filter         | bloom_filter__parameterized175 |          1 |          1 |       0 |    0 |    3 |      0 |      0 |            0 |
|     gen_discriminator[16].discrim     | discriminator__parameterized14 |         43 |         43 |       0 |    0 |   68 |      0 |      0 |            0 |
|       (gen_discriminator[16].discrim) | discriminator__parameterized14 |         12 |         12 |       0 |    0 |    0 |      0 |      0 |            0 |
|       count                           |                    popcount_28 |         19 |         19 |       0 |    0 |   32 |      0 |      0 |            0 |
|       filter0                         | bloom_filter__parameterized190 |          1 |          1 |       0 |    0 |    3 |      0 |      0 |            0 |
|       gen_filt_inst[10].filter        | bloom_filter__parameterized188 |          1 |          1 |       0 |    0 |    3 |      0 |      0 |            0 |
|       gen_filt_inst[11].filter        | bloom_filter__parameterized189 |          1 |          1 |       0 |    0 |    3 |      0 |      0 |            0 |
|       gen_filt_inst[1].filter         | bloom_filter__parameterized179 |          1 |          1 |       0 |    0 |    3 |      0 |      0 |            0 |
|       gen_filt_inst[2].filter         | bloom_filter__parameterized180 |          1 |          1 |       0 |    0 |    3 |      0 |      0 |            0 |
|       gen_filt_inst[3].filter         | bloom_filter__parameterized181 |          1 |          1 |       0 |    0 |    3 |      0 |      0 |            0 |
|       gen_filt_inst[4].filter         | bloom_filter__parameterized182 |          1 |          1 |       0 |    0 |    3 |      0 |      0 |            0 |
|       gen_filt_inst[5].filter         | bloom_filter__parameterized183 |          1 |          1 |       0 |    0 |    3 |      0 |      0 |            0 |
|       gen_filt_inst[6].filter         | bloom_filter__parameterized184 |          1 |          1 |       0 |    0 |    3 |      0 |      0 |            0 |
|       gen_filt_inst[7].filter         | bloom_filter__parameterized185 |          1 |          1 |       0 |    0 |    3 |      0 |      0 |            0 |
|       gen_filt_inst[8].filter         | bloom_filter__parameterized186 |          1 |          1 |       0 |    0 |    3 |      0 |      0 |            0 |
|       gen_filt_inst[9].filter         | bloom_filter__parameterized187 |          1 |          1 |       0 |    0 |    3 |      0 |      0 |            0 |
|     gen_discriminator[17].discrim     | discriminator__parameterized15 |         48 |         48 |       0 |    0 |   68 |      0 |      0 |            0 |
|       (gen_discriminator[17].discrim) | discriminator__parameterized15 |         12 |         12 |       0 |    0 |    0 |      0 |      0 |            0 |
|       count                           |                    popcount_27 |         24 |         24 |       0 |    0 |   32 |      0 |      0 |            0 |
|       filter0                         | bloom_filter__parameterized202 |          1 |          1 |       0 |    0 |    3 |      0 |      0 |            0 |
|       gen_filt_inst[10].filter        | bloom_filter__parameterized200 |          1 |          1 |       0 |    0 |    3 |      0 |      0 |            0 |
|       gen_filt_inst[11].filter        | bloom_filter__parameterized201 |          1 |          1 |       0 |    0 |    3 |      0 |      0 |            0 |
|       gen_filt_inst[1].filter         | bloom_filter__parameterized191 |          1 |          1 |       0 |    0 |    3 |      0 |      0 |            0 |
|       gen_filt_inst[2].filter         | bloom_filter__parameterized192 |          1 |          1 |       0 |    0 |    3 |      0 |      0 |            0 |
|       gen_filt_inst[3].filter         | bloom_filter__parameterized193 |          1 |          1 |       0 |    0 |    3 |      0 |      0 |            0 |
|       gen_filt_inst[4].filter         | bloom_filter__parameterized194 |          1 |          1 |       0 |    0 |    3 |      0 |      0 |            0 |
|       gen_filt_inst[5].filter         | bloom_filter__parameterized195 |          1 |          1 |       0 |    0 |    3 |      0 |      0 |            0 |
|       gen_filt_inst[6].filter         | bloom_filter__parameterized196 |          1 |          1 |       0 |    0 |    3 |      0 |      0 |            0 |
|       gen_filt_inst[7].filter         | bloom_filter__parameterized197 |          1 |          1 |       0 |    0 |    3 |      0 |      0 |            0 |
|       gen_filt_inst[8].filter         | bloom_filter__parameterized198 |          1 |          1 |       0 |    0 |    3 |      0 |      0 |            0 |
|       gen_filt_inst[9].filter         | bloom_filter__parameterized199 |          1 |          1 |       0 |    0 |    3 |      0 |      0 |            0 |
|     gen_discriminator[18].discrim     | discriminator__parameterized16 |         43 |         43 |       0 |    0 |   68 |      0 |      0 |            0 |
|       (gen_discriminator[18].discrim) | discriminator__parameterized16 |         12 |         12 |       0 |    0 |    0 |      0 |      0 |            0 |
|       count                           |                    popcount_26 |         19 |         19 |       0 |    0 |   32 |      0 |      0 |            0 |
|       filter0                         | bloom_filter__parameterized214 |          1 |          1 |       0 |    0 |    3 |      0 |      0 |            0 |
|       gen_filt_inst[10].filter        | bloom_filter__parameterized212 |          1 |          1 |       0 |    0 |    3 |      0 |      0 |            0 |
|       gen_filt_inst[11].filter        | bloom_filter__parameterized213 |          1 |          1 |       0 |    0 |    3 |      0 |      0 |            0 |
|       gen_filt_inst[1].filter         | bloom_filter__parameterized203 |          1 |          1 |       0 |    0 |    3 |      0 |      0 |            0 |
|       gen_filt_inst[2].filter         | bloom_filter__parameterized204 |          1 |          1 |       0 |    0 |    3 |      0 |      0 |            0 |
|       gen_filt_inst[3].filter         | bloom_filter__parameterized205 |          1 |          1 |       0 |    0 |    3 |      0 |      0 |            0 |
|       gen_filt_inst[4].filter         | bloom_filter__parameterized206 |          1 |          1 |       0 |    0 |    3 |      0 |      0 |            0 |
|       gen_filt_inst[5].filter         | bloom_filter__parameterized207 |          1 |          1 |       0 |    0 |    3 |      0 |      0 |            0 |
|       gen_filt_inst[6].filter         | bloom_filter__parameterized208 |          1 |          1 |       0 |    0 |    3 |      0 |      0 |            0 |
|       gen_filt_inst[7].filter         | bloom_filter__parameterized209 |          1 |          1 |       0 |    0 |    3 |      0 |      0 |            0 |
|       gen_filt_inst[8].filter         | bloom_filter__parameterized210 |          1 |          1 |       0 |    0 |    3 |      0 |      0 |            0 |
|       gen_filt_inst[9].filter         | bloom_filter__parameterized211 |          1 |          1 |       0 |    0 |    3 |      0 |      0 |            0 |
|     gen_discriminator[19].discrim     | discriminator__parameterized17 |         48 |         48 |       0 |    0 |   68 |      0 |      0 |            0 |
|       (gen_discriminator[19].discrim) | discriminator__parameterized17 |         12 |         12 |       0 |    0 |    0 |      0 |      0 |            0 |
|       count                           |                    popcount_25 |         24 |         24 |       0 |    0 |   32 |      0 |      0 |            0 |
|       filter0                         | bloom_filter__parameterized226 |          1 |          1 |       0 |    0 |    3 |      0 |      0 |            0 |
|       gen_filt_inst[10].filter        | bloom_filter__parameterized224 |          1 |          1 |       0 |    0 |    3 |      0 |      0 |            0 |
|       gen_filt_inst[11].filter        | bloom_filter__parameterized225 |          1 |          1 |       0 |    0 |    3 |      0 |      0 |            0 |
|       gen_filt_inst[1].filter         | bloom_filter__parameterized215 |          1 |          1 |       0 |    0 |    3 |      0 |      0 |            0 |
|       gen_filt_inst[2].filter         | bloom_filter__parameterized216 |          1 |          1 |       0 |    0 |    3 |      0 |      0 |            0 |
|       gen_filt_inst[3].filter         | bloom_filter__parameterized217 |          1 |          1 |       0 |    0 |    3 |      0 |      0 |            0 |
|       gen_filt_inst[4].filter         | bloom_filter__parameterized218 |          1 |          1 |       0 |    0 |    3 |      0 |      0 |            0 |
|       gen_filt_inst[5].filter         | bloom_filter__parameterized219 |          1 |          1 |       0 |    0 |    3 |      0 |      0 |            0 |
|       gen_filt_inst[6].filter         | bloom_filter__parameterized220 |          1 |          1 |       0 |    0 |    3 |      0 |      0 |            0 |
|       gen_filt_inst[7].filter         | bloom_filter__parameterized221 |          1 |          1 |       0 |    0 |    3 |      0 |      0 |            0 |
|       gen_filt_inst[8].filter         | bloom_filter__parameterized222 |          1 |          1 |       0 |    0 |    3 |      0 |      0 |            0 |
|       gen_filt_inst[9].filter         | bloom_filter__parameterized223 |          1 |          1 |       0 |    0 |    3 |      0 |      0 |            0 |
|     gen_discriminator[1].discrim      |                  discriminator |         48 |         48 |       0 |    0 |   68 |      0 |      0 |            0 |
|       (gen_discriminator[1].discrim)  |                  discriminator |         12 |         12 |       0 |    0 |    0 |      0 |      0 |            0 |
|       count                           |                    popcount_24 |         24 |         24 |       0 |    0 |   32 |      0 |      0 |            0 |
|       filter0                         |  bloom_filter__parameterized10 |          1 |          1 |       0 |    0 |    3 |      0 |      0 |            0 |
|       gen_filt_inst[10].filter        |   bloom_filter__parameterized8 |          1 |          1 |       0 |    0 |    3 |      0 |      0 |            0 |
|       gen_filt_inst[11].filter        |   bloom_filter__parameterized9 |          1 |          1 |       0 |    0 |    3 |      0 |      0 |            0 |
|       gen_filt_inst[1].filter         |                   bloom_filter |          1 |          1 |       0 |    0 |    3 |      0 |      0 |            0 |
|       gen_filt_inst[2].filter         |   bloom_filter__parameterized0 |          1 |          1 |       0 |    0 |    3 |      0 |      0 |            0 |
|       gen_filt_inst[3].filter         |   bloom_filter__parameterized1 |          1 |          1 |       0 |    0 |    3 |      0 |      0 |            0 |
|       gen_filt_inst[4].filter         |   bloom_filter__parameterized2 |          1 |          1 |       0 |    0 |    3 |      0 |      0 |            0 |
|       gen_filt_inst[5].filter         |   bloom_filter__parameterized3 |          1 |          1 |       0 |    0 |    3 |      0 |      0 |            0 |
|       gen_filt_inst[6].filter         |   bloom_filter__parameterized4 |          1 |          1 |       0 |    0 |    3 |      0 |      0 |            0 |
|       gen_filt_inst[7].filter         |   bloom_filter__parameterized5 |          1 |          1 |       0 |    0 |    3 |      0 |      0 |            0 |
|       gen_filt_inst[8].filter         |   bloom_filter__parameterized6 |          1 |          1 |       0 |    0 |    3 |      0 |      0 |            0 |
|       gen_filt_inst[9].filter         |   bloom_filter__parameterized7 |          1 |          1 |       0 |    0 |    3 |      0 |      0 |            0 |
|     gen_discriminator[20].discrim     | discriminator__parameterized18 |         43 |         43 |       0 |    0 |   68 |      0 |      0 |            0 |
|       (gen_discriminator[20].discrim) | discriminator__parameterized18 |         12 |         12 |       0 |    0 |    0 |      0 |      0 |            0 |
|       count                           |                    popcount_23 |         19 |         19 |       0 |    0 |   32 |      0 |      0 |            0 |
|       filter0                         | bloom_filter__parameterized238 |          1 |          1 |       0 |    0 |    3 |      0 |      0 |            0 |
|       gen_filt_inst[10].filter        | bloom_filter__parameterized236 |          1 |          1 |       0 |    0 |    3 |      0 |      0 |            0 |
|       gen_filt_inst[11].filter        | bloom_filter__parameterized237 |          1 |          1 |       0 |    0 |    3 |      0 |      0 |            0 |
|       gen_filt_inst[1].filter         | bloom_filter__parameterized227 |          1 |          1 |       0 |    0 |    3 |      0 |      0 |            0 |
|       gen_filt_inst[2].filter         | bloom_filter__parameterized228 |          1 |          1 |       0 |    0 |    3 |      0 |      0 |            0 |
|       gen_filt_inst[3].filter         | bloom_filter__parameterized229 |          1 |          1 |       0 |    0 |    3 |      0 |      0 |            0 |
|       gen_filt_inst[4].filter         | bloom_filter__parameterized230 |          1 |          1 |       0 |    0 |    3 |      0 |      0 |            0 |
|       gen_filt_inst[5].filter         | bloom_filter__parameterized231 |          1 |          1 |       0 |    0 |    3 |      0 |      0 |            0 |
|       gen_filt_inst[6].filter         | bloom_filter__parameterized232 |          1 |          1 |       0 |    0 |    3 |      0 |      0 |            0 |
|       gen_filt_inst[7].filter         | bloom_filter__parameterized233 |          1 |          1 |       0 |    0 |    3 |      0 |      0 |            0 |
|       gen_filt_inst[8].filter         | bloom_filter__parameterized234 |          1 |          1 |       0 |    0 |    3 |      0 |      0 |            0 |
|       gen_filt_inst[9].filter         | bloom_filter__parameterized235 |          1 |          1 |       0 |    0 |    3 |      0 |      0 |            0 |
|     gen_discriminator[21].discrim     | discriminator__parameterized19 |         48 |         48 |       0 |    0 |   68 |      0 |      0 |            0 |
|       (gen_discriminator[21].discrim) | discriminator__parameterized19 |         12 |         12 |       0 |    0 |    0 |      0 |      0 |            0 |
|       count                           |                    popcount_22 |         24 |         24 |       0 |    0 |   32 |      0 |      0 |            0 |
|       filter0                         | bloom_filter__parameterized250 |          1 |          1 |       0 |    0 |    3 |      0 |      0 |            0 |
|       gen_filt_inst[10].filter        | bloom_filter__parameterized248 |          1 |          1 |       0 |    0 |    3 |      0 |      0 |            0 |
|       gen_filt_inst[11].filter        | bloom_filter__parameterized249 |          1 |          1 |       0 |    0 |    3 |      0 |      0 |            0 |
|       gen_filt_inst[1].filter         | bloom_filter__parameterized239 |          1 |          1 |       0 |    0 |    3 |      0 |      0 |            0 |
|       gen_filt_inst[2].filter         | bloom_filter__parameterized240 |          1 |          1 |       0 |    0 |    3 |      0 |      0 |            0 |
|       gen_filt_inst[3].filter         | bloom_filter__parameterized241 |          1 |          1 |       0 |    0 |    3 |      0 |      0 |            0 |
|       gen_filt_inst[4].filter         | bloom_filter__parameterized242 |          1 |          1 |       0 |    0 |    3 |      0 |      0 |            0 |
|       gen_filt_inst[5].filter         | bloom_filter__parameterized243 |          1 |          1 |       0 |    0 |    3 |      0 |      0 |            0 |
|       gen_filt_inst[6].filter         | bloom_filter__parameterized244 |          1 |          1 |       0 |    0 |    3 |      0 |      0 |            0 |
|       gen_filt_inst[7].filter         | bloom_filter__parameterized245 |          1 |          1 |       0 |    0 |    3 |      0 |      0 |            0 |
|       gen_filt_inst[8].filter         | bloom_filter__parameterized246 |          1 |          1 |       0 |    0 |    3 |      0 |      0 |            0 |
|       gen_filt_inst[9].filter         | bloom_filter__parameterized247 |          1 |          1 |       0 |    0 |    3 |      0 |      0 |            0 |
|     gen_discriminator[22].discrim     | discriminator__parameterized20 |         43 |         43 |       0 |    0 |   68 |      0 |      0 |            0 |
|       (gen_discriminator[22].discrim) | discriminator__parameterized20 |         12 |         12 |       0 |    0 |    0 |      0 |      0 |            0 |
|       count                           |                    popcount_21 |         19 |         19 |       0 |    0 |   32 |      0 |      0 |            0 |
|       filter0                         | bloom_filter__parameterized262 |          1 |          1 |       0 |    0 |    3 |      0 |      0 |            0 |
|       gen_filt_inst[10].filter        | bloom_filter__parameterized260 |          1 |          1 |       0 |    0 |    3 |      0 |      0 |            0 |
|       gen_filt_inst[11].filter        | bloom_filter__parameterized261 |          1 |          1 |       0 |    0 |    3 |      0 |      0 |            0 |
|       gen_filt_inst[1].filter         | bloom_filter__parameterized251 |          1 |          1 |       0 |    0 |    3 |      0 |      0 |            0 |
|       gen_filt_inst[2].filter         | bloom_filter__parameterized252 |          1 |          1 |       0 |    0 |    3 |      0 |      0 |            0 |
|       gen_filt_inst[3].filter         | bloom_filter__parameterized253 |          1 |          1 |       0 |    0 |    3 |      0 |      0 |            0 |
|       gen_filt_inst[4].filter         | bloom_filter__parameterized254 |          1 |          1 |       0 |    0 |    3 |      0 |      0 |            0 |
|       gen_filt_inst[5].filter         | bloom_filter__parameterized255 |          1 |          1 |       0 |    0 |    3 |      0 |      0 |            0 |
|       gen_filt_inst[6].filter         | bloom_filter__parameterized256 |          1 |          1 |       0 |    0 |    3 |      0 |      0 |            0 |
|       gen_filt_inst[7].filter         | bloom_filter__parameterized257 |          1 |          1 |       0 |    0 |    3 |      0 |      0 |            0 |
|       gen_filt_inst[8].filter         | bloom_filter__parameterized258 |          1 |          1 |       0 |    0 |    3 |      0 |      0 |            0 |
|       gen_filt_inst[9].filter         | bloom_filter__parameterized259 |          1 |          1 |       0 |    0 |    3 |      0 |      0 |            0 |
|     gen_discriminator[23].discrim     | discriminator__parameterized21 |         49 |         49 |       0 |    0 |   68 |      0 |      0 |            0 |
|       (gen_discriminator[23].discrim) | discriminator__parameterized21 |         12 |         12 |       0 |    0 |    0 |      0 |      0 |            0 |
|       count                           |                    popcount_20 |         25 |         25 |       0 |    0 |   32 |      0 |      0 |            0 |
|       filter0                         | bloom_filter__parameterized274 |          1 |          1 |       0 |    0 |    3 |      0 |      0 |            0 |
|       gen_filt_inst[10].filter        | bloom_filter__parameterized272 |          1 |          1 |       0 |    0 |    3 |      0 |      0 |            0 |
|       gen_filt_inst[11].filter        | bloom_filter__parameterized273 |          1 |          1 |       0 |    0 |    3 |      0 |      0 |            0 |
|       gen_filt_inst[1].filter         | bloom_filter__parameterized263 |          1 |          1 |       0 |    0 |    3 |      0 |      0 |            0 |
|       gen_filt_inst[2].filter         | bloom_filter__parameterized264 |          1 |          1 |       0 |    0 |    3 |      0 |      0 |            0 |
|       gen_filt_inst[3].filter         | bloom_filter__parameterized265 |          1 |          1 |       0 |    0 |    3 |      0 |      0 |            0 |
|       gen_filt_inst[4].filter         | bloom_filter__parameterized266 |          1 |          1 |       0 |    0 |    3 |      0 |      0 |            0 |
|       gen_filt_inst[5].filter         | bloom_filter__parameterized267 |          1 |          1 |       0 |    0 |    3 |      0 |      0 |            0 |
|       gen_filt_inst[6].filter         | bloom_filter__parameterized268 |          1 |          1 |       0 |    0 |    3 |      0 |      0 |            0 |
|       gen_filt_inst[7].filter         | bloom_filter__parameterized269 |          1 |          1 |       0 |    0 |    3 |      0 |      0 |            0 |
|       gen_filt_inst[8].filter         | bloom_filter__parameterized270 |          1 |          1 |       0 |    0 |    3 |      0 |      0 |            0 |
|       gen_filt_inst[9].filter         | bloom_filter__parameterized271 |          1 |          1 |       0 |    0 |    3 |      0 |      0 |            0 |
|     gen_discriminator[24].discrim     | discriminator__parameterized22 |         43 |         43 |       0 |    0 |   68 |      0 |      0 |            0 |
|       (gen_discriminator[24].discrim) | discriminator__parameterized22 |         12 |         12 |       0 |    0 |    0 |      0 |      0 |            0 |
|       count                           |                    popcount_19 |         19 |         19 |       0 |    0 |   32 |      0 |      0 |            0 |
|       filter0                         | bloom_filter__parameterized286 |          1 |          1 |       0 |    0 |    3 |      0 |      0 |            0 |
|       gen_filt_inst[10].filter        | bloom_filter__parameterized284 |          1 |          1 |       0 |    0 |    3 |      0 |      0 |            0 |
|       gen_filt_inst[11].filter        | bloom_filter__parameterized285 |          1 |          1 |       0 |    0 |    3 |      0 |      0 |            0 |
|       gen_filt_inst[1].filter         | bloom_filter__parameterized275 |          1 |          1 |       0 |    0 |    3 |      0 |      0 |            0 |
|       gen_filt_inst[2].filter         | bloom_filter__parameterized276 |          1 |          1 |       0 |    0 |    3 |      0 |      0 |            0 |
|       gen_filt_inst[3].filter         | bloom_filter__parameterized277 |          1 |          1 |       0 |    0 |    3 |      0 |      0 |            0 |
|       gen_filt_inst[4].filter         | bloom_filter__parameterized278 |          1 |          1 |       0 |    0 |    3 |      0 |      0 |            0 |
|       gen_filt_inst[5].filter         | bloom_filter__parameterized279 |          1 |          1 |       0 |    0 |    3 |      0 |      0 |            0 |
|       gen_filt_inst[6].filter         | bloom_filter__parameterized280 |          1 |          1 |       0 |    0 |    3 |      0 |      0 |            0 |
|       gen_filt_inst[7].filter         | bloom_filter__parameterized281 |          1 |          1 |       0 |    0 |    3 |      0 |      0 |            0 |
|       gen_filt_inst[8].filter         | bloom_filter__parameterized282 |          1 |          1 |       0 |    0 |    3 |      0 |      0 |            0 |
|       gen_filt_inst[9].filter         | bloom_filter__parameterized283 |          1 |          1 |       0 |    0 |    3 |      0 |      0 |            0 |
|     gen_discriminator[25].discrim     | discriminator__parameterized23 |         48 |         48 |       0 |    0 |   68 |      0 |      0 |            0 |
|       (gen_discriminator[25].discrim) | discriminator__parameterized23 |         12 |         12 |       0 |    0 |    0 |      0 |      0 |            0 |
|       count                           |                    popcount_18 |         24 |         24 |       0 |    0 |   32 |      0 |      0 |            0 |
|       filter0                         | bloom_filter__parameterized298 |          1 |          1 |       0 |    0 |    3 |      0 |      0 |            0 |
|       gen_filt_inst[10].filter        | bloom_filter__parameterized296 |          1 |          1 |       0 |    0 |    3 |      0 |      0 |            0 |
|       gen_filt_inst[11].filter        | bloom_filter__parameterized297 |          1 |          1 |       0 |    0 |    3 |      0 |      0 |            0 |
|       gen_filt_inst[1].filter         | bloom_filter__parameterized287 |          1 |          1 |       0 |    0 |    3 |      0 |      0 |            0 |
|       gen_filt_inst[2].filter         | bloom_filter__parameterized288 |          1 |          1 |       0 |    0 |    3 |      0 |      0 |            0 |
|       gen_filt_inst[3].filter         | bloom_filter__parameterized289 |          1 |          1 |       0 |    0 |    3 |      0 |      0 |            0 |
|       gen_filt_inst[4].filter         | bloom_filter__parameterized290 |          1 |          1 |       0 |    0 |    3 |      0 |      0 |            0 |
|       gen_filt_inst[5].filter         | bloom_filter__parameterized291 |          1 |          1 |       0 |    0 |    3 |      0 |      0 |            0 |
|       gen_filt_inst[6].filter         | bloom_filter__parameterized292 |          1 |          1 |       0 |    0 |    3 |      0 |      0 |            0 |
|       gen_filt_inst[7].filter         | bloom_filter__parameterized293 |          1 |          1 |       0 |    0 |    3 |      0 |      0 |            0 |
|       gen_filt_inst[8].filter         | bloom_filter__parameterized294 |          1 |          1 |       0 |    0 |    3 |      0 |      0 |            0 |
|       gen_filt_inst[9].filter         | bloom_filter__parameterized295 |          1 |          1 |       0 |    0 |    3 |      0 |      0 |            0 |
|     gen_discriminator[2].discrim      |  discriminator__parameterized0 |         43 |         43 |       0 |    0 |   68 |      0 |      0 |            0 |
|       (gen_discriminator[2].discrim)  |  discriminator__parameterized0 |         12 |         12 |       0 |    0 |    0 |      0 |      0 |            0 |
|       count                           |                    popcount_17 |         19 |         19 |       0 |    0 |   32 |      0 |      0 |            0 |
|       filter0                         |  bloom_filter__parameterized22 |          1 |          1 |       0 |    0 |    3 |      0 |      0 |            0 |
|       gen_filt_inst[10].filter        |  bloom_filter__parameterized20 |          1 |          1 |       0 |    0 |    3 |      0 |      0 |            0 |
|       gen_filt_inst[11].filter        |  bloom_filter__parameterized21 |          1 |          1 |       0 |    0 |    3 |      0 |      0 |            0 |
|       gen_filt_inst[1].filter         |  bloom_filter__parameterized11 |          1 |          1 |       0 |    0 |    3 |      0 |      0 |            0 |
|       gen_filt_inst[2].filter         |  bloom_filter__parameterized12 |          1 |          1 |       0 |    0 |    3 |      0 |      0 |            0 |
|       gen_filt_inst[3].filter         |  bloom_filter__parameterized13 |          1 |          1 |       0 |    0 |    3 |      0 |      0 |            0 |
|       gen_filt_inst[4].filter         |  bloom_filter__parameterized14 |          1 |          1 |       0 |    0 |    3 |      0 |      0 |            0 |
|       gen_filt_inst[5].filter         |  bloom_filter__parameterized15 |          1 |          1 |       0 |    0 |    3 |      0 |      0 |            0 |
|       gen_filt_inst[6].filter         |  bloom_filter__parameterized16 |          1 |          1 |       0 |    0 |    3 |      0 |      0 |            0 |
|       gen_filt_inst[7].filter         |  bloom_filter__parameterized17 |          1 |          1 |       0 |    0 |    3 |      0 |      0 |            0 |
|       gen_filt_inst[8].filter         |  bloom_filter__parameterized18 |          1 |          1 |       0 |    0 |    3 |      0 |      0 |            0 |
|       gen_filt_inst[9].filter         |  bloom_filter__parameterized19 |          1 |          1 |       0 |    0 |    3 |      0 |      0 |            0 |
|     gen_discriminator[3].discrim      |  discriminator__parameterized1 |         48 |         48 |       0 |    0 |   68 |      0 |      0 |            0 |
|       (gen_discriminator[3].discrim)  |  discriminator__parameterized1 |         12 |         12 |       0 |    0 |    0 |      0 |      0 |            0 |
|       count                           |                    popcount_16 |         24 |         24 |       0 |    0 |   32 |      0 |      0 |            0 |
|       filter0                         |  bloom_filter__parameterized34 |          1 |          1 |       0 |    0 |    3 |      0 |      0 |            0 |
|       gen_filt_inst[10].filter        |  bloom_filter__parameterized32 |          1 |          1 |       0 |    0 |    3 |      0 |      0 |            0 |
|       gen_filt_inst[11].filter        |  bloom_filter__parameterized33 |          1 |          1 |       0 |    0 |    3 |      0 |      0 |            0 |
|       gen_filt_inst[1].filter         |  bloom_filter__parameterized23 |          1 |          1 |       0 |    0 |    3 |      0 |      0 |            0 |
|       gen_filt_inst[2].filter         |  bloom_filter__parameterized24 |          1 |          1 |       0 |    0 |    3 |      0 |      0 |            0 |
|       gen_filt_inst[3].filter         |  bloom_filter__parameterized25 |          1 |          1 |       0 |    0 |    3 |      0 |      0 |            0 |
|       gen_filt_inst[4].filter         |  bloom_filter__parameterized26 |          1 |          1 |       0 |    0 |    3 |      0 |      0 |            0 |
|       gen_filt_inst[5].filter         |  bloom_filter__parameterized27 |          1 |          1 |       0 |    0 |    3 |      0 |      0 |            0 |
|       gen_filt_inst[6].filter         |  bloom_filter__parameterized28 |          1 |          1 |       0 |    0 |    3 |      0 |      0 |            0 |
|       gen_filt_inst[7].filter         |  bloom_filter__parameterized29 |          1 |          1 |       0 |    0 |    3 |      0 |      0 |            0 |
|       gen_filt_inst[8].filter         |  bloom_filter__parameterized30 |          1 |          1 |       0 |    0 |    3 |      0 |      0 |            0 |
|       gen_filt_inst[9].filter         |  bloom_filter__parameterized31 |          1 |          1 |       0 |    0 |    3 |      0 |      0 |            0 |
|     gen_discriminator[4].discrim      |  discriminator__parameterized2 |         43 |         43 |       0 |    0 |   68 |      0 |      0 |            0 |
|       (gen_discriminator[4].discrim)  |  discriminator__parameterized2 |         12 |         12 |       0 |    0 |    0 |      0 |      0 |            0 |
|       count                           |                    popcount_15 |         19 |         19 |       0 |    0 |   32 |      0 |      0 |            0 |
|       filter0                         |  bloom_filter__parameterized46 |          1 |          1 |       0 |    0 |    3 |      0 |      0 |            0 |
|       gen_filt_inst[10].filter        |  bloom_filter__parameterized44 |          1 |          1 |       0 |    0 |    3 |      0 |      0 |            0 |
|       gen_filt_inst[11].filter        |  bloom_filter__parameterized45 |          1 |          1 |       0 |    0 |    3 |      0 |      0 |            0 |
|       gen_filt_inst[1].filter         |  bloom_filter__parameterized35 |          1 |          1 |       0 |    0 |    3 |      0 |      0 |            0 |
|       gen_filt_inst[2].filter         |  bloom_filter__parameterized36 |          1 |          1 |       0 |    0 |    3 |      0 |      0 |            0 |
|       gen_filt_inst[3].filter         |  bloom_filter__parameterized37 |          1 |          1 |       0 |    0 |    3 |      0 |      0 |            0 |
|       gen_filt_inst[4].filter         |  bloom_filter__parameterized38 |          1 |          1 |       0 |    0 |    3 |      0 |      0 |            0 |
|       gen_filt_inst[5].filter         |  bloom_filter__parameterized39 |          1 |          1 |       0 |    0 |    3 |      0 |      0 |            0 |
|       gen_filt_inst[6].filter         |  bloom_filter__parameterized40 |          1 |          1 |       0 |    0 |    3 |      0 |      0 |            0 |
|       gen_filt_inst[7].filter         |  bloom_filter__parameterized41 |          1 |          1 |       0 |    0 |    3 |      0 |      0 |            0 |
|       gen_filt_inst[8].filter         |  bloom_filter__parameterized42 |          1 |          1 |       0 |    0 |    3 |      0 |      0 |            0 |
|       gen_filt_inst[9].filter         |  bloom_filter__parameterized43 |          1 |          1 |       0 |    0 |    3 |      0 |      0 |            0 |
|     gen_discriminator[5].discrim      |  discriminator__parameterized3 |         48 |         48 |       0 |    0 |   68 |      0 |      0 |            0 |
|       (gen_discriminator[5].discrim)  |  discriminator__parameterized3 |         12 |         12 |       0 |    0 |    0 |      0 |      0 |            0 |
|       count                           |                    popcount_14 |         24 |         24 |       0 |    0 |   32 |      0 |      0 |            0 |
|       filter0                         |  bloom_filter__parameterized58 |          1 |          1 |       0 |    0 |    3 |      0 |      0 |            0 |
|       gen_filt_inst[10].filter        |  bloom_filter__parameterized56 |          1 |          1 |       0 |    0 |    3 |      0 |      0 |            0 |
|       gen_filt_inst[11].filter        |  bloom_filter__parameterized57 |          1 |          1 |       0 |    0 |    3 |      0 |      0 |            0 |
|       gen_filt_inst[1].filter         |  bloom_filter__parameterized47 |          1 |          1 |       0 |    0 |    3 |      0 |      0 |            0 |
|       gen_filt_inst[2].filter         |  bloom_filter__parameterized48 |          1 |          1 |       0 |    0 |    3 |      0 |      0 |            0 |
|       gen_filt_inst[3].filter         |  bloom_filter__parameterized49 |          1 |          1 |       0 |    0 |    3 |      0 |      0 |            0 |
|       gen_filt_inst[4].filter         |  bloom_filter__parameterized50 |          1 |          1 |       0 |    0 |    3 |      0 |      0 |            0 |
|       gen_filt_inst[5].filter         |  bloom_filter__parameterized51 |          1 |          1 |       0 |    0 |    3 |      0 |      0 |            0 |
|       gen_filt_inst[6].filter         |  bloom_filter__parameterized52 |          1 |          1 |       0 |    0 |    3 |      0 |      0 |            0 |
|       gen_filt_inst[7].filter         |  bloom_filter__parameterized53 |          1 |          1 |       0 |    0 |    3 |      0 |      0 |            0 |
|       gen_filt_inst[8].filter         |  bloom_filter__parameterized54 |          1 |          1 |       0 |    0 |    3 |      0 |      0 |            0 |
|       gen_filt_inst[9].filter         |  bloom_filter__parameterized55 |          1 |          1 |       0 |    0 |    3 |      0 |      0 |            0 |
|     gen_discriminator[6].discrim      |  discriminator__parameterized4 |         43 |         43 |       0 |    0 |   68 |      0 |      0 |            0 |
|       (gen_discriminator[6].discrim)  |  discriminator__parameterized4 |         12 |         12 |       0 |    0 |    0 |      0 |      0 |            0 |
|       count                           |                    popcount_13 |         19 |         19 |       0 |    0 |   32 |      0 |      0 |            0 |
|       filter0                         |  bloom_filter__parameterized70 |          1 |          1 |       0 |    0 |    3 |      0 |      0 |            0 |
|       gen_filt_inst[10].filter        |  bloom_filter__parameterized68 |          1 |          1 |       0 |    0 |    3 |      0 |      0 |            0 |
|       gen_filt_inst[11].filter        |  bloom_filter__parameterized69 |          1 |          1 |       0 |    0 |    3 |      0 |      0 |            0 |
|       gen_filt_inst[1].filter         |  bloom_filter__parameterized59 |          1 |          1 |       0 |    0 |    3 |      0 |      0 |            0 |
|       gen_filt_inst[2].filter         |  bloom_filter__parameterized60 |          1 |          1 |       0 |    0 |    3 |      0 |      0 |            0 |
|       gen_filt_inst[3].filter         |  bloom_filter__parameterized61 |          1 |          1 |       0 |    0 |    3 |      0 |      0 |            0 |
|       gen_filt_inst[4].filter         |  bloom_filter__parameterized62 |          1 |          1 |       0 |    0 |    3 |      0 |      0 |            0 |
|       gen_filt_inst[5].filter         |  bloom_filter__parameterized63 |          1 |          1 |       0 |    0 |    3 |      0 |      0 |            0 |
|       gen_filt_inst[6].filter         |  bloom_filter__parameterized64 |          1 |          1 |       0 |    0 |    3 |      0 |      0 |            0 |
|       gen_filt_inst[7].filter         |  bloom_filter__parameterized65 |          1 |          1 |       0 |    0 |    3 |      0 |      0 |            0 |
|       gen_filt_inst[8].filter         |  bloom_filter__parameterized66 |          1 |          1 |       0 |    0 |    3 |      0 |      0 |            0 |
|       gen_filt_inst[9].filter         |  bloom_filter__parameterized67 |          1 |          1 |       0 |    0 |    3 |      0 |      0 |            0 |
|     gen_discriminator[7].discrim      |  discriminator__parameterized5 |         48 |         48 |       0 |    0 |   68 |      0 |      0 |            0 |
|       (gen_discriminator[7].discrim)  |  discriminator__parameterized5 |         12 |         12 |       0 |    0 |    0 |      0 |      0 |            0 |
|       count                           |                    popcount_12 |         24 |         24 |       0 |    0 |   32 |      0 |      0 |            0 |
|       filter0                         |  bloom_filter__parameterized82 |          1 |          1 |       0 |    0 |    3 |      0 |      0 |            0 |
|       gen_filt_inst[10].filter        |  bloom_filter__parameterized80 |          1 |          1 |       0 |    0 |    3 |      0 |      0 |            0 |
|       gen_filt_inst[11].filter        |  bloom_filter__parameterized81 |          1 |          1 |       0 |    0 |    3 |      0 |      0 |            0 |
|       gen_filt_inst[1].filter         |  bloom_filter__parameterized71 |          1 |          1 |       0 |    0 |    3 |      0 |      0 |            0 |
|       gen_filt_inst[2].filter         |  bloom_filter__parameterized72 |          1 |          1 |       0 |    0 |    3 |      0 |      0 |            0 |
|       gen_filt_inst[3].filter         |  bloom_filter__parameterized73 |          1 |          1 |       0 |    0 |    3 |      0 |      0 |            0 |
|       gen_filt_inst[4].filter         |  bloom_filter__parameterized74 |          1 |          1 |       0 |    0 |    3 |      0 |      0 |            0 |
|       gen_filt_inst[5].filter         |  bloom_filter__parameterized75 |          1 |          1 |       0 |    0 |    3 |      0 |      0 |            0 |
|       gen_filt_inst[6].filter         |  bloom_filter__parameterized76 |          1 |          1 |       0 |    0 |    3 |      0 |      0 |            0 |
|       gen_filt_inst[7].filter         |  bloom_filter__parameterized77 |          1 |          1 |       0 |    0 |    3 |      0 |      0 |            0 |
|       gen_filt_inst[8].filter         |  bloom_filter__parameterized78 |          1 |          1 |       0 |    0 |    3 |      0 |      0 |            0 |
|       gen_filt_inst[9].filter         |  bloom_filter__parameterized79 |          1 |          1 |       0 |    0 |    3 |      0 |      0 |            0 |
|     gen_discriminator[8].discrim      |  discriminator__parameterized6 |         43 |         43 |       0 |    0 |   68 |      0 |      0 |            0 |
|       (gen_discriminator[8].discrim)  |  discriminator__parameterized6 |         12 |         12 |       0 |    0 |    0 |      0 |      0 |            0 |
|       count                           |                    popcount_11 |         19 |         19 |       0 |    0 |   32 |      0 |      0 |            0 |
|       filter0                         |  bloom_filter__parameterized94 |          1 |          1 |       0 |    0 |    3 |      0 |      0 |            0 |
|       gen_filt_inst[10].filter        |  bloom_filter__parameterized92 |          1 |          1 |       0 |    0 |    3 |      0 |      0 |            0 |
|       gen_filt_inst[11].filter        |  bloom_filter__parameterized93 |          1 |          1 |       0 |    0 |    3 |      0 |      0 |            0 |
|       gen_filt_inst[1].filter         |  bloom_filter__parameterized83 |          1 |          1 |       0 |    0 |    3 |      0 |      0 |            0 |
|       gen_filt_inst[2].filter         |  bloom_filter__parameterized84 |          1 |          1 |       0 |    0 |    3 |      0 |      0 |            0 |
|       gen_filt_inst[3].filter         |  bloom_filter__parameterized85 |          1 |          1 |       0 |    0 |    3 |      0 |      0 |            0 |
|       gen_filt_inst[4].filter         |  bloom_filter__parameterized86 |          1 |          1 |       0 |    0 |    3 |      0 |      0 |            0 |
|       gen_filt_inst[5].filter         |  bloom_filter__parameterized87 |          1 |          1 |       0 |    0 |    3 |      0 |      0 |            0 |
|       gen_filt_inst[6].filter         |  bloom_filter__parameterized88 |          1 |          1 |       0 |    0 |    3 |      0 |      0 |            0 |
|       gen_filt_inst[7].filter         |  bloom_filter__parameterized89 |          1 |          1 |       0 |    0 |    3 |      0 |      0 |            0 |
|       gen_filt_inst[8].filter         |  bloom_filter__parameterized90 |          1 |          1 |       0 |    0 |    3 |      0 |      0 |            0 |
|       gen_filt_inst[9].filter         |  bloom_filter__parameterized91 |          1 |          1 |       0 |    0 |    3 |      0 |      0 |            0 |
|     gen_discriminator[9].discrim      |  discriminator__parameterized7 |         48 |         48 |       0 |    0 |   68 |      0 |      0 |            0 |
|       (gen_discriminator[9].discrim)  |  discriminator__parameterized7 |         12 |         12 |       0 |    0 |    0 |      0 |      0 |            0 |
|       count                           |                       popcount |         24 |         24 |       0 |    0 |   32 |      0 |      0 |            0 |
|       filter0                         | bloom_filter__parameterized106 |          1 |          1 |       0 |    0 |    3 |      0 |      0 |            0 |
|       gen_filt_inst[10].filter        | bloom_filter__parameterized104 |          1 |          1 |       0 |    0 |    3 |      0 |      0 |            0 |
|       gen_filt_inst[11].filter        | bloom_filter__parameterized105 |          1 |          1 |       0 |    0 |    3 |      0 |      0 |            0 |
|       gen_filt_inst[1].filter         |  bloom_filter__parameterized95 |          1 |          1 |       0 |    0 |    3 |      0 |      0 |            0 |
|       gen_filt_inst[2].filter         |  bloom_filter__parameterized96 |          1 |          1 |       0 |    0 |    3 |      0 |      0 |            0 |
|       gen_filt_inst[3].filter         |  bloom_filter__parameterized97 |          1 |          1 |       0 |    0 |    3 |      0 |      0 |            0 |
|       gen_filt_inst[4].filter         |  bloom_filter__parameterized98 |          1 |          1 |       0 |    0 |    3 |      0 |      0 |            0 |
|       gen_filt_inst[5].filter         |  bloom_filter__parameterized99 |          1 |          1 |       0 |    0 |    3 |      0 |      0 |            0 |
|       gen_filt_inst[6].filter         | bloom_filter__parameterized100 |          1 |          1 |       0 |    0 |    3 |      0 |      0 |            0 |
|       gen_filt_inst[7].filter         | bloom_filter__parameterized101 |          1 |          1 |       0 |    0 |    3 |      0 |      0 |            0 |
|       gen_filt_inst[8].filter         | bloom_filter__parameterized102 |          1 |          1 |       0 |    0 |    3 |      0 |      0 |            0 |
|       gen_filt_inst[9].filter         | bloom_filter__parameterized103 |          1 |          1 |       0 |    0 |    3 |      0 |      0 |            0 |
|     gen_hash_inst[10].hasher          |                        h3_hash |       1839 |       1839 |       0 |    0 |   71 |      0 |      0 |            0 |
|     gen_hash_inst[11].hasher          |                      h3_hash_0 |       1518 |       1518 |       0 |    0 |   61 |      0 |      0 |            0 |
|     gen_hash_inst[1].hasher           |                      h3_hash_1 |       1684 |       1684 |       0 |    0 |   69 |      0 |      0 |            0 |
|     gen_hash_inst[2].hasher           |                      h3_hash_2 |       1451 |       1451 |       0 |    0 |   61 |      0 |      0 |            0 |
|     gen_hash_inst[3].hasher           |                      h3_hash_3 |       1746 |       1746 |       0 |    0 |   71 |      0 |      0 |            0 |
|     gen_hash_inst[4].hasher           |                      h3_hash_4 |       1387 |       1387 |       0 |    0 |   55 |      0 |      0 |            0 |
|     gen_hash_inst[5].hasher           |                      h3_hash_5 |       1852 |       1852 |       0 |    0 |   67 |      0 |      0 |            0 |
|     gen_hash_inst[6].hasher           |                      h3_hash_6 |       1643 |       1643 |       0 |    0 |   63 |      0 |      0 |            0 |
|     gen_hash_inst[7].hasher           |                      h3_hash_7 |       1825 |       1825 |       0 |    0 |   69 |      0 |      0 |            0 |
|     gen_hash_inst[8].hasher           |                      h3_hash_8 |       1618 |       1618 |       0 |    0 |   63 |      0 |      0 |            0 |
|     gen_hash_inst[9].hasher           |                      h3_hash_9 |       1765 |       1765 |       0 |    0 |   67 |      0 |      0 |            0 |
|     hasher0                           |                     h3_hash_10 |       1644 |       1644 |       0 |    0 |   63 |      0 |      0 |            0 |
|     max                               |                        max_idx |         58 |         54 |       0 |    4 |  150 |      0 |      0 |            0 |
+---------------------------------------+--------------------------------+------------+------------+---------+------+------+--------+--------+--------------+
* Note: The sum of lower-level cells may be larger than their parent cells total, due to cross-hierarchy LUT combining


