Copyright 1986-2019 Xilinx, Inc. All Rights Reserved.
------------------------------------------------------------------------------------------
| Tool Version : Vivado v.2019.2 (lin64) Build 2708876 Wed Nov  6 21:39:14 MST 2019
| Date         : Tue Nov 16 15:19:56 2021
| Host         : mario.ece.utexas.edu running 64-bit CentOS Linux release 7.9.2009 (Core)
| Command      : report_utilization -hierarchical -file new_reports/util_small.log
| Design       : device_interface
| Device       : 7z020clg400-1
| Design State : Routed
------------------------------------------------------------------------------------------

Utilization Design Information

Table of Contents
-----------------
1. Utilization by Hierarchy

1. Utilization by Hierarchy
---------------------------

+--------------------------------------+--------------------------------+------------+------------+---------+------+------+--------+--------+--------------+
|               Instance               |             Module             | Total LUTs | Logic LUTs | LUTRAMs | SRLs |  FFs | RAMB36 | RAMB18 | DSP48 Blocks |
+--------------------------------------+--------------------------------+------------+------------+---------+------+------+--------+--------+--------------+
| device_interface                     |                          (top) |      15756 |      14126 |    1626 |    4 | 3522 |      0 |      0 |            0 |
|   (device_interface)                 |                          (top) |       3243 |       1617 |    1626 |    0 |   76 |      0 |      0 |            0 |
|   model                              |                         wisard |      12514 |      12510 |       0 |    4 | 3446 |      0 |      0 |            0 |
|     (model)                          |                         wisard |         51 |         51 |       0 |    0 |  568 |      0 |      0 |            0 |
|     discrim0                         |  discriminator__parameterized8 |       1153 |       1153 |       0 |    0 |  282 |      0 |      0 |            0 |
|       (discrim0)                     |  discriminator__parameterized8 |         56 |         56 |       0 |    0 |    0 |      0 |      0 |            0 |
|       count                          |                    popcount_12 |        105 |        105 |       0 |    0 |  169 |      0 |      0 |            0 |
|       filter0                        | bloom_filter__parameterized558 |         18 |         18 |       0 |    0 |    3 |      0 |      0 |            0 |
|       gen_filt_inst[10].filter       | bloom_filter__parameterized512 |         18 |         18 |       0 |    0 |    2 |      0 |      0 |            0 |
|       gen_filt_inst[11].filter       | bloom_filter__parameterized513 |         18 |         18 |       0 |    0 |    2 |      0 |      0 |            0 |
|       gen_filt_inst[12].filter       | bloom_filter__parameterized514 |         18 |         18 |       0 |    0 |    2 |      0 |      0 |            0 |
|       gen_filt_inst[13].filter       | bloom_filter__parameterized515 |         18 |         18 |       0 |    0 |    2 |      0 |      0 |            0 |
|       gen_filt_inst[14].filter       | bloom_filter__parameterized516 |         18 |         18 |       0 |    0 |    2 |      0 |      0 |            0 |
|       gen_filt_inst[15].filter       | bloom_filter__parameterized517 |         18 |         18 |       0 |    0 |    2 |      0 |      0 |            0 |
|       gen_filt_inst[16].filter       | bloom_filter__parameterized518 |         18 |         18 |       0 |    0 |    2 |      0 |      0 |            0 |
|       gen_filt_inst[17].filter       | bloom_filter__parameterized519 |         19 |         19 |       0 |    0 |    2 |      0 |      0 |            0 |
|       gen_filt_inst[18].filter       | bloom_filter__parameterized520 |         18 |         18 |       0 |    0 |    2 |      0 |      0 |            0 |
|       gen_filt_inst[19].filter       | bloom_filter__parameterized521 |         18 |         18 |       0 |    0 |    2 |      0 |      0 |            0 |
|       gen_filt_inst[1].filter        | bloom_filter__parameterized503 |         18 |         18 |       0 |    0 |    2 |      0 |      0 |            0 |
|       gen_filt_inst[20].filter       | bloom_filter__parameterized522 |         18 |         18 |       0 |    0 |    2 |      0 |      0 |            0 |
|       gen_filt_inst[21].filter       | bloom_filter__parameterized523 |         18 |         18 |       0 |    0 |    2 |      0 |      0 |            0 |
|       gen_filt_inst[22].filter       | bloom_filter__parameterized524 |         18 |         18 |       0 |    0 |    2 |      0 |      0 |            0 |
|       gen_filt_inst[23].filter       | bloom_filter__parameterized525 |         18 |         18 |       0 |    0 |    2 |      0 |      0 |            0 |
|       gen_filt_inst[24].filter       | bloom_filter__parameterized526 |         18 |         18 |       0 |    0 |    2 |      0 |      0 |            0 |
|       gen_filt_inst[25].filter       | bloom_filter__parameterized527 |         18 |         18 |       0 |    0 |    2 |      0 |      0 |            0 |
|       gen_filt_inst[26].filter       | bloom_filter__parameterized528 |         18 |         18 |       0 |    0 |    2 |      0 |      0 |            0 |
|       gen_filt_inst[27].filter       | bloom_filter__parameterized529 |         18 |         18 |       0 |    0 |    2 |      0 |      0 |            0 |
|       gen_filt_inst[28].filter       | bloom_filter__parameterized530 |         18 |         18 |       0 |    0 |    2 |      0 |      0 |            0 |
|       gen_filt_inst[29].filter       | bloom_filter__parameterized531 |         18 |         18 |       0 |    0 |    2 |      0 |      0 |            0 |
|       gen_filt_inst[2].filter        | bloom_filter__parameterized504 |         18 |         18 |       0 |    0 |    2 |      0 |      0 |            0 |
|       gen_filt_inst[30].filter       | bloom_filter__parameterized532 |         18 |         18 |       0 |    0 |    2 |      0 |      0 |            0 |
|       gen_filt_inst[31].filter       | bloom_filter__parameterized533 |         18 |         18 |       0 |    0 |    2 |      0 |      0 |            0 |
|       gen_filt_inst[32].filter       | bloom_filter__parameterized534 |         18 |         18 |       0 |    0 |    2 |      0 |      0 |            0 |
|       gen_filt_inst[33].filter       | bloom_filter__parameterized535 |         18 |         18 |       0 |    0 |    2 |      0 |      0 |            0 |
|       gen_filt_inst[34].filter       | bloom_filter__parameterized536 |         18 |         18 |       0 |    0 |    2 |      0 |      0 |            0 |
|       gen_filt_inst[35].filter       | bloom_filter__parameterized537 |         18 |         18 |       0 |    0 |    2 |      0 |      0 |            0 |
|       gen_filt_inst[36].filter       | bloom_filter__parameterized538 |         18 |         18 |       0 |    0 |    2 |      0 |      0 |            0 |
|       gen_filt_inst[37].filter       | bloom_filter__parameterized539 |         18 |         18 |       0 |    0 |    2 |      0 |      0 |            0 |
|       gen_filt_inst[38].filter       | bloom_filter__parameterized540 |         18 |         18 |       0 |    0 |    2 |      0 |      0 |            0 |
|       gen_filt_inst[39].filter       | bloom_filter__parameterized541 |         18 |         18 |       0 |    0 |    2 |      0 |      0 |            0 |
|       gen_filt_inst[3].filter        | bloom_filter__parameterized505 |         18 |         18 |       0 |    0 |    2 |      0 |      0 |            0 |
|       gen_filt_inst[40].filter       | bloom_filter__parameterized542 |         18 |         18 |       0 |    0 |    2 |      0 |      0 |            0 |
|       gen_filt_inst[41].filter       | bloom_filter__parameterized543 |         18 |         18 |       0 |    0 |    2 |      0 |      0 |            0 |
|       gen_filt_inst[42].filter       | bloom_filter__parameterized544 |         18 |         18 |       0 |    0 |    2 |      0 |      0 |            0 |
|       gen_filt_inst[43].filter       | bloom_filter__parameterized545 |         18 |         18 |       0 |    0 |    2 |      0 |      0 |            0 |
|       gen_filt_inst[44].filter       | bloom_filter__parameterized546 |         18 |         18 |       0 |    0 |    2 |      0 |      0 |            0 |
|       gen_filt_inst[45].filter       | bloom_filter__parameterized547 |         18 |         18 |       0 |    0 |    2 |      0 |      0 |            0 |
|       gen_filt_inst[46].filter       | bloom_filter__parameterized548 |         18 |         18 |       0 |    0 |    2 |      0 |      0 |            0 |
|       gen_filt_inst[47].filter       | bloom_filter__parameterized549 |         18 |         18 |       0 |    0 |    2 |      0 |      0 |            0 |
|       gen_filt_inst[48].filter       | bloom_filter__parameterized550 |         18 |         18 |       0 |    0 |    2 |      0 |      0 |            0 |
|       gen_filt_inst[49].filter       | bloom_filter__parameterized551 |         18 |         18 |       0 |    0 |    2 |      0 |      0 |            0 |
|       gen_filt_inst[4].filter        | bloom_filter__parameterized506 |         18 |         18 |       0 |    0 |    2 |      0 |      0 |            0 |
|       gen_filt_inst[50].filter       | bloom_filter__parameterized552 |         18 |         18 |       0 |    0 |    2 |      0 |      0 |            0 |
|       gen_filt_inst[51].filter       | bloom_filter__parameterized553 |         18 |         18 |       0 |    0 |    2 |      0 |      0 |            0 |
|       gen_filt_inst[52].filter       | bloom_filter__parameterized554 |         18 |         18 |       0 |    0 |    2 |      0 |      0 |            0 |
|       gen_filt_inst[53].filter       | bloom_filter__parameterized555 |         18 |         18 |       0 |    0 |    2 |      0 |      0 |            0 |
|       gen_filt_inst[54].filter       | bloom_filter__parameterized556 |         18 |         18 |       0 |    0 |    2 |      0 |      0 |            0 |
|       gen_filt_inst[55].filter       | bloom_filter__parameterized557 |          1 |          1 |       0 |    0 |    2 |      0 |      0 |            0 |
|       gen_filt_inst[5].filter        | bloom_filter__parameterized507 |         18 |         18 |       0 |    0 |    2 |      0 |      0 |            0 |
|       gen_filt_inst[6].filter        | bloom_filter__parameterized508 |         18 |         18 |       0 |    0 |    2 |      0 |      0 |            0 |
|       gen_filt_inst[7].filter        | bloom_filter__parameterized509 |         18 |         18 |       0 |    0 |    2 |      0 |      0 |            0 |
|       gen_filt_inst[8].filter        | bloom_filter__parameterized510 |         18 |         18 |       0 |    0 |    2 |      0 |      0 |            0 |
|       gen_filt_inst[9].filter        | bloom_filter__parameterized511 |         18 |         18 |       0 |    0 |    2 |      0 |      0 |            0 |
|     gen_discriminator[1].discrim     |                  discriminator |       1115 |       1115 |       0 |    0 |  275 |      0 |      0 |            0 |
|       (gen_discriminator[1].discrim) |                  discriminator |         56 |         56 |       0 |    0 |    0 |      0 |      0 |            0 |
|       count                          |                    popcount_11 |        113 |        113 |       0 |    0 |  163 |      0 |      0 |            0 |
|       filter0                        |  bloom_filter__parameterized54 |         18 |         18 |       0 |    0 |    2 |      0 |      0 |            0 |
|       gen_filt_inst[10].filter       |   bloom_filter__parameterized8 |         14 |         14 |       0 |    0 |    2 |      0 |      0 |            0 |
|       gen_filt_inst[11].filter       |   bloom_filter__parameterized9 |         18 |         18 |       0 |    0 |    2 |      0 |      0 |            0 |
|       gen_filt_inst[12].filter       |  bloom_filter__parameterized10 |         17 |         17 |       0 |    0 |    2 |      0 |      0 |            0 |
|       gen_filt_inst[13].filter       |  bloom_filter__parameterized11 |         20 |         20 |       0 |    0 |    2 |      0 |      0 |            0 |
|       gen_filt_inst[14].filter       |  bloom_filter__parameterized12 |         18 |         18 |       0 |    0 |    2 |      0 |      0 |            0 |
|       gen_filt_inst[15].filter       |  bloom_filter__parameterized13 |         15 |         15 |       0 |    0 |    2 |      0 |      0 |            0 |
|       gen_filt_inst[16].filter       |  bloom_filter__parameterized14 |         18 |         18 |       0 |    0 |    2 |      0 |      0 |            0 |
|       gen_filt_inst[17].filter       |  bloom_filter__parameterized15 |         18 |         18 |       0 |    0 |    2 |      0 |      0 |            0 |
|       gen_filt_inst[18].filter       |  bloom_filter__parameterized16 |         17 |         17 |       0 |    0 |    2 |      0 |      0 |            0 |
|       gen_filt_inst[19].filter       |  bloom_filter__parameterized17 |         18 |         18 |       0 |    0 |    2 |      0 |      0 |            0 |
|       gen_filt_inst[1].filter        |                   bloom_filter |         18 |         18 |       0 |    0 |    2 |      0 |      0 |            0 |
|       gen_filt_inst[20].filter       |  bloom_filter__parameterized18 |         17 |         17 |       0 |    0 |    2 |      0 |      0 |            0 |
|       gen_filt_inst[21].filter       |  bloom_filter__parameterized19 |         20 |         20 |       0 |    0 |    2 |      0 |      0 |            0 |
|       gen_filt_inst[22].filter       |  bloom_filter__parameterized20 |         15 |         15 |       0 |    0 |    2 |      0 |      0 |            0 |
|       gen_filt_inst[23].filter       |  bloom_filter__parameterized21 |         17 |         17 |       0 |    0 |    2 |      0 |      0 |            0 |
|       gen_filt_inst[24].filter       |  bloom_filter__parameterized22 |         18 |         18 |       0 |    0 |    2 |      0 |      0 |            0 |
|       gen_filt_inst[25].filter       |  bloom_filter__parameterized23 |         17 |         17 |       0 |    0 |    2 |      0 |      0 |            0 |
|       gen_filt_inst[26].filter       |  bloom_filter__parameterized24 |         18 |         18 |       0 |    0 |    2 |      0 |      0 |            0 |
|       gen_filt_inst[27].filter       |  bloom_filter__parameterized25 |         17 |         17 |       0 |    0 |    2 |      0 |      0 |            0 |
|       gen_filt_inst[28].filter       |  bloom_filter__parameterized26 |         11 |         11 |       0 |    0 |    2 |      0 |      0 |            0 |
|       gen_filt_inst[29].filter       |  bloom_filter__parameterized27 |         18 |         18 |       0 |    0 |    2 |      0 |      0 |            0 |
|       gen_filt_inst[2].filter        |   bloom_filter__parameterized0 |         18 |         18 |       0 |    0 |    2 |      0 |      0 |            0 |
|       gen_filt_inst[30].filter       |  bloom_filter__parameterized28 |         18 |         18 |       0 |    0 |    2 |      0 |      0 |            0 |
|       gen_filt_inst[31].filter       |  bloom_filter__parameterized29 |         19 |         19 |       0 |    0 |    2 |      0 |      0 |            0 |
|       gen_filt_inst[32].filter       |  bloom_filter__parameterized30 |         17 |         17 |       0 |    0 |    2 |      0 |      0 |            0 |
|       gen_filt_inst[33].filter       |  bloom_filter__parameterized31 |         17 |         17 |       0 |    0 |    2 |      0 |      0 |            0 |
|       gen_filt_inst[34].filter       |  bloom_filter__parameterized32 |         17 |         17 |       0 |    0 |    2 |      0 |      0 |            0 |
|       gen_filt_inst[35].filter       |  bloom_filter__parameterized33 |         18 |         18 |       0 |    0 |    2 |      0 |      0 |            0 |
|       gen_filt_inst[36].filter       |  bloom_filter__parameterized34 |         18 |         18 |       0 |    0 |    2 |      0 |      0 |            0 |
|       gen_filt_inst[37].filter       |  bloom_filter__parameterized35 |         18 |         18 |       0 |    0 |    2 |      0 |      0 |            0 |
|       gen_filt_inst[38].filter       |  bloom_filter__parameterized36 |         15 |         15 |       0 |    0 |    2 |      0 |      0 |            0 |
|       gen_filt_inst[39].filter       |  bloom_filter__parameterized37 |         18 |         18 |       0 |    0 |    2 |      0 |      0 |            0 |
|       gen_filt_inst[3].filter        |   bloom_filter__parameterized1 |         18 |         18 |       0 |    0 |    2 |      0 |      0 |            0 |
|       gen_filt_inst[40].filter       |  bloom_filter__parameterized38 |         15 |         15 |       0 |    0 |    2 |      0 |      0 |            0 |
|       gen_filt_inst[41].filter       |  bloom_filter__parameterized39 |         18 |         18 |       0 |    0 |    2 |      0 |      0 |            0 |
|       gen_filt_inst[42].filter       |  bloom_filter__parameterized40 |         14 |         14 |       0 |    0 |    2 |      0 |      0 |            0 |
|       gen_filt_inst[43].filter       |  bloom_filter__parameterized41 |         18 |         18 |       0 |    0 |    2 |      0 |      0 |            0 |
|       gen_filt_inst[44].filter       |  bloom_filter__parameterized42 |         18 |         18 |       0 |    0 |    2 |      0 |      0 |            0 |
|       gen_filt_inst[45].filter       |  bloom_filter__parameterized43 |         18 |         18 |       0 |    0 |    2 |      0 |      0 |            0 |
|       gen_filt_inst[46].filter       |  bloom_filter__parameterized44 |         18 |         18 |       0 |    0 |    2 |      0 |      0 |            0 |
|       gen_filt_inst[47].filter       |  bloom_filter__parameterized45 |         18 |         18 |       0 |    0 |    2 |      0 |      0 |            0 |
|       gen_filt_inst[48].filter       |  bloom_filter__parameterized46 |         18 |         18 |       0 |    0 |    2 |      0 |      0 |            0 |
|       gen_filt_inst[49].filter       |  bloom_filter__parameterized47 |         17 |         17 |       0 |    0 |    2 |      0 |      0 |            0 |
|       gen_filt_inst[4].filter        |   bloom_filter__parameterized2 |         18 |         18 |       0 |    0 |    2 |      0 |      0 |            0 |
|       gen_filt_inst[50].filter       |  bloom_filter__parameterized48 |         18 |         18 |       0 |    0 |    2 |      0 |      0 |            0 |
|       gen_filt_inst[51].filter       |  bloom_filter__parameterized49 |         17 |         17 |       0 |    0 |    2 |      0 |      0 |            0 |
|       gen_filt_inst[52].filter       |  bloom_filter__parameterized50 |         18 |         18 |       0 |    0 |    2 |      0 |      0 |            0 |
|       gen_filt_inst[53].filter       |  bloom_filter__parameterized51 |         17 |         17 |       0 |    0 |    2 |      0 |      0 |            0 |
|       gen_filt_inst[54].filter       |  bloom_filter__parameterized52 |         16 |         16 |       0 |    0 |    2 |      0 |      0 |            0 |
|       gen_filt_inst[55].filter       |  bloom_filter__parameterized53 |          0 |          0 |       0 |    0 |    2 |      0 |      0 |            0 |
|       gen_filt_inst[5].filter        |   bloom_filter__parameterized3 |         18 |         18 |       0 |    0 |    2 |      0 |      0 |            0 |
|       gen_filt_inst[6].filter        |   bloom_filter__parameterized4 |         15 |         15 |       0 |    0 |    2 |      0 |      0 |            0 |
|       gen_filt_inst[7].filter        |   bloom_filter__parameterized5 |         13 |         13 |       0 |    0 |    2 |      0 |      0 |            0 |
|       gen_filt_inst[8].filter        |   bloom_filter__parameterized6 |         17 |         17 |       0 |    0 |    2 |      0 |      0 |            0 |
|       gen_filt_inst[9].filter        |   bloom_filter__parameterized7 |         19 |         19 |       0 |    0 |    2 |      0 |      0 |            0 |
|     gen_discriminator[2].discrim     |  discriminator__parameterized0 |       1097 |       1097 |       0 |    0 |  275 |      0 |      0 |            0 |
|       (gen_discriminator[2].discrim) |  discriminator__parameterized0 |          2 |          2 |       0 |    0 |    0 |      0 |      0 |            0 |
|       count                          |                    popcount_10 |        104 |        104 |       0 |    0 |  163 |      0 |      0 |            0 |
|       filter0                        | bloom_filter__parameterized110 |         18 |         18 |       0 |    0 |    2 |      0 |      0 |            0 |
|       gen_filt_inst[10].filter       |  bloom_filter__parameterized64 |         18 |         18 |       0 |    0 |    2 |      0 |      0 |            0 |
|       gen_filt_inst[11].filter       |  bloom_filter__parameterized65 |         18 |         18 |       0 |    0 |    2 |      0 |      0 |            0 |
|       gen_filt_inst[12].filter       |  bloom_filter__parameterized66 |         18 |         18 |       0 |    0 |    2 |      0 |      0 |            0 |
|       gen_filt_inst[13].filter       |  bloom_filter__parameterized67 |         18 |         18 |       0 |    0 |    2 |      0 |      0 |            0 |
|       gen_filt_inst[14].filter       |  bloom_filter__parameterized68 |         18 |         18 |       0 |    0 |    2 |      0 |      0 |            0 |
|       gen_filt_inst[15].filter       |  bloom_filter__parameterized69 |         18 |         18 |       0 |    0 |    2 |      0 |      0 |            0 |
|       gen_filt_inst[16].filter       |  bloom_filter__parameterized70 |         18 |         18 |       0 |    0 |    2 |      0 |      0 |            0 |
|       gen_filt_inst[17].filter       |  bloom_filter__parameterized71 |         18 |         18 |       0 |    0 |    2 |      0 |      0 |            0 |
|       gen_filt_inst[18].filter       |  bloom_filter__parameterized72 |         18 |         18 |       0 |    0 |    2 |      0 |      0 |            0 |
|       gen_filt_inst[19].filter       |  bloom_filter__parameterized73 |         18 |         18 |       0 |    0 |    2 |      0 |      0 |            0 |
|       gen_filt_inst[1].filter        |  bloom_filter__parameterized55 |         18 |         18 |       0 |    0 |    2 |      0 |      0 |            0 |
|       gen_filt_inst[20].filter       |  bloom_filter__parameterized74 |         18 |         18 |       0 |    0 |    2 |      0 |      0 |            0 |
|       gen_filt_inst[21].filter       |  bloom_filter__parameterized75 |         18 |         18 |       0 |    0 |    2 |      0 |      0 |            0 |
|       gen_filt_inst[22].filter       |  bloom_filter__parameterized76 |         18 |         18 |       0 |    0 |    2 |      0 |      0 |            0 |
|       gen_filt_inst[23].filter       |  bloom_filter__parameterized77 |         18 |         18 |       0 |    0 |    2 |      0 |      0 |            0 |
|       gen_filt_inst[24].filter       |  bloom_filter__parameterized78 |         18 |         18 |       0 |    0 |    2 |      0 |      0 |            0 |
|       gen_filt_inst[25].filter       |  bloom_filter__parameterized79 |         18 |         18 |       0 |    0 |    2 |      0 |      0 |            0 |
|       gen_filt_inst[26].filter       |  bloom_filter__parameterized80 |         18 |         18 |       0 |    0 |    2 |      0 |      0 |            0 |
|       gen_filt_inst[27].filter       |  bloom_filter__parameterized81 |         18 |         18 |       0 |    0 |    2 |      0 |      0 |            0 |
|       gen_filt_inst[28].filter       |  bloom_filter__parameterized82 |         18 |         18 |       0 |    0 |    2 |      0 |      0 |            0 |
|       gen_filt_inst[29].filter       |  bloom_filter__parameterized83 |         18 |         18 |       0 |    0 |    2 |      0 |      0 |            0 |
|       gen_filt_inst[2].filter        |  bloom_filter__parameterized56 |         18 |         18 |       0 |    0 |    2 |      0 |      0 |            0 |
|       gen_filt_inst[30].filter       |  bloom_filter__parameterized84 |         18 |         18 |       0 |    0 |    2 |      0 |      0 |            0 |
|       gen_filt_inst[31].filter       |  bloom_filter__parameterized85 |         18 |         18 |       0 |    0 |    2 |      0 |      0 |            0 |
|       gen_filt_inst[32].filter       |  bloom_filter__parameterized86 |         18 |         18 |       0 |    0 |    2 |      0 |      0 |            0 |
|       gen_filt_inst[33].filter       |  bloom_filter__parameterized87 |         18 |         18 |       0 |    0 |    2 |      0 |      0 |            0 |
|       gen_filt_inst[34].filter       |  bloom_filter__parameterized88 |         18 |         18 |       0 |    0 |    2 |      0 |      0 |            0 |
|       gen_filt_inst[35].filter       |  bloom_filter__parameterized89 |         18 |         18 |       0 |    0 |    2 |      0 |      0 |            0 |
|       gen_filt_inst[36].filter       |  bloom_filter__parameterized90 |         18 |         18 |       0 |    0 |    2 |      0 |      0 |            0 |
|       gen_filt_inst[37].filter       |  bloom_filter__parameterized91 |         18 |         18 |       0 |    0 |    2 |      0 |      0 |            0 |
|       gen_filt_inst[38].filter       |  bloom_filter__parameterized92 |         18 |         18 |       0 |    0 |    2 |      0 |      0 |            0 |
|       gen_filt_inst[39].filter       |  bloom_filter__parameterized93 |         18 |         18 |       0 |    0 |    2 |      0 |      0 |            0 |
|       gen_filt_inst[3].filter        |  bloom_filter__parameterized57 |         18 |         18 |       0 |    0 |    2 |      0 |      0 |            0 |
|       gen_filt_inst[40].filter       |  bloom_filter__parameterized94 |         18 |         18 |       0 |    0 |    2 |      0 |      0 |            0 |
|       gen_filt_inst[41].filter       |  bloom_filter__parameterized95 |         18 |         18 |       0 |    0 |    2 |      0 |      0 |            0 |
|       gen_filt_inst[42].filter       |  bloom_filter__parameterized96 |         18 |         18 |       0 |    0 |    2 |      0 |      0 |            0 |
|       gen_filt_inst[43].filter       |  bloom_filter__parameterized97 |         18 |         18 |       0 |    0 |    2 |      0 |      0 |            0 |
|       gen_filt_inst[44].filter       |  bloom_filter__parameterized98 |         18 |         18 |       0 |    0 |    2 |      0 |      0 |            0 |
|       gen_filt_inst[45].filter       |  bloom_filter__parameterized99 |         18 |         18 |       0 |    0 |    2 |      0 |      0 |            0 |
|       gen_filt_inst[46].filter       | bloom_filter__parameterized100 |         18 |         18 |       0 |    0 |    2 |      0 |      0 |            0 |
|       gen_filt_inst[47].filter       | bloom_filter__parameterized101 |         18 |         18 |       0 |    0 |    2 |      0 |      0 |            0 |
|       gen_filt_inst[48].filter       | bloom_filter__parameterized102 |         18 |         18 |       0 |    0 |    2 |      0 |      0 |            0 |
|       gen_filt_inst[49].filter       | bloom_filter__parameterized103 |         18 |         18 |       0 |    0 |    2 |      0 |      0 |            0 |
|       gen_filt_inst[4].filter        |  bloom_filter__parameterized58 |         18 |         18 |       0 |    0 |    2 |      0 |      0 |            0 |
|       gen_filt_inst[50].filter       | bloom_filter__parameterized104 |         18 |         18 |       0 |    0 |    2 |      0 |      0 |            0 |
|       gen_filt_inst[51].filter       | bloom_filter__parameterized105 |         18 |         18 |       0 |    0 |    2 |      0 |      0 |            0 |
|       gen_filt_inst[52].filter       | bloom_filter__parameterized106 |         18 |         18 |       0 |    0 |    2 |      0 |      0 |            0 |
|       gen_filt_inst[53].filter       | bloom_filter__parameterized107 |         18 |         18 |       0 |    0 |    2 |      0 |      0 |            0 |
|       gen_filt_inst[54].filter       | bloom_filter__parameterized108 |         18 |         18 |       0 |    0 |    2 |      0 |      0 |            0 |
|       gen_filt_inst[55].filter       | bloom_filter__parameterized109 |          1 |          1 |       0 |    0 |    2 |      0 |      0 |            0 |
|       gen_filt_inst[5].filter        |  bloom_filter__parameterized59 |         18 |         18 |       0 |    0 |    2 |      0 |      0 |            0 |
|       gen_filt_inst[6].filter        |  bloom_filter__parameterized60 |         18 |         18 |       0 |    0 |    2 |      0 |      0 |            0 |
|       gen_filt_inst[7].filter        |  bloom_filter__parameterized61 |         18 |         18 |       0 |    0 |    2 |      0 |      0 |            0 |
|       gen_filt_inst[8].filter        |  bloom_filter__parameterized62 |         18 |         18 |       0 |    0 |    2 |      0 |      0 |            0 |
|       gen_filt_inst[9].filter        |  bloom_filter__parameterized63 |         18 |         18 |       0 |    0 |    2 |      0 |      0 |            0 |
|     gen_discriminator[3].discrim     |  discriminator__parameterized1 |       1160 |       1160 |       0 |    0 |  275 |      0 |      0 |            0 |
|       (gen_discriminator[3].discrim) |  discriminator__parameterized1 |         56 |         56 |       0 |    0 |    0 |      0 |      0 |            0 |
|       count                          |                     popcount_9 |        113 |        113 |       0 |    0 |  163 |      0 |      0 |            0 |
|       filter0                        | bloom_filter__parameterized166 |         18 |         18 |       0 |    0 |    2 |      0 |      0 |            0 |
|       gen_filt_inst[10].filter       | bloom_filter__parameterized120 |         18 |         18 |       0 |    0 |    2 |      0 |      0 |            0 |
|       gen_filt_inst[11].filter       | bloom_filter__parameterized121 |         18 |         18 |       0 |    0 |    2 |      0 |      0 |            0 |
|       gen_filt_inst[12].filter       | bloom_filter__parameterized122 |         18 |         18 |       0 |    0 |    2 |      0 |      0 |            0 |
|       gen_filt_inst[13].filter       | bloom_filter__parameterized123 |         18 |         18 |       0 |    0 |    2 |      0 |      0 |            0 |
|       gen_filt_inst[14].filter       | bloom_filter__parameterized124 |         18 |         18 |       0 |    0 |    2 |      0 |      0 |            0 |
|       gen_filt_inst[15].filter       | bloom_filter__parameterized125 |         18 |         18 |       0 |    0 |    2 |      0 |      0 |            0 |
|       gen_filt_inst[16].filter       | bloom_filter__parameterized126 |         18 |         18 |       0 |    0 |    2 |      0 |      0 |            0 |
|       gen_filt_inst[17].filter       | bloom_filter__parameterized127 |         18 |         18 |       0 |    0 |    2 |      0 |      0 |            0 |
|       gen_filt_inst[18].filter       | bloom_filter__parameterized128 |         18 |         18 |       0 |    0 |    2 |      0 |      0 |            0 |
|       gen_filt_inst[19].filter       | bloom_filter__parameterized129 |         18 |         18 |       0 |    0 |    2 |      0 |      0 |            0 |
|       gen_filt_inst[1].filter        | bloom_filter__parameterized111 |         18 |         18 |       0 |    0 |    2 |      0 |      0 |            0 |
|       gen_filt_inst[20].filter       | bloom_filter__parameterized130 |         18 |         18 |       0 |    0 |    2 |      0 |      0 |            0 |
|       gen_filt_inst[21].filter       | bloom_filter__parameterized131 |         18 |         18 |       0 |    0 |    2 |      0 |      0 |            0 |
|       gen_filt_inst[22].filter       | bloom_filter__parameterized132 |         18 |         18 |       0 |    0 |    2 |      0 |      0 |            0 |
|       gen_filt_inst[23].filter       | bloom_filter__parameterized133 |         18 |         18 |       0 |    0 |    2 |      0 |      0 |            0 |
|       gen_filt_inst[24].filter       | bloom_filter__parameterized134 |         18 |         18 |       0 |    0 |    2 |      0 |      0 |            0 |
|       gen_filt_inst[25].filter       | bloom_filter__parameterized135 |         18 |         18 |       0 |    0 |    2 |      0 |      0 |            0 |
|       gen_filt_inst[26].filter       | bloom_filter__parameterized136 |         18 |         18 |       0 |    0 |    2 |      0 |      0 |            0 |
|       gen_filt_inst[27].filter       | bloom_filter__parameterized137 |         18 |         18 |       0 |    0 |    2 |      0 |      0 |            0 |
|       gen_filt_inst[28].filter       | bloom_filter__parameterized138 |         18 |         18 |       0 |    0 |    2 |      0 |      0 |            0 |
|       gen_filt_inst[29].filter       | bloom_filter__parameterized139 |         18 |         18 |       0 |    0 |    2 |      0 |      0 |            0 |
|       gen_filt_inst[2].filter        | bloom_filter__parameterized112 |         18 |         18 |       0 |    0 |    2 |      0 |      0 |            0 |
|       gen_filt_inst[30].filter       | bloom_filter__parameterized140 |         18 |         18 |       0 |    0 |    2 |      0 |      0 |            0 |
|       gen_filt_inst[31].filter       | bloom_filter__parameterized141 |         18 |         18 |       0 |    0 |    2 |      0 |      0 |            0 |
|       gen_filt_inst[32].filter       | bloom_filter__parameterized142 |         18 |         18 |       0 |    0 |    2 |      0 |      0 |            0 |
|       gen_filt_inst[33].filter       | bloom_filter__parameterized143 |         18 |         18 |       0 |    0 |    2 |      0 |      0 |            0 |
|       gen_filt_inst[34].filter       | bloom_filter__parameterized144 |         18 |         18 |       0 |    0 |    2 |      0 |      0 |            0 |
|       gen_filt_inst[35].filter       | bloom_filter__parameterized145 |         18 |         18 |       0 |    0 |    2 |      0 |      0 |            0 |
|       gen_filt_inst[36].filter       | bloom_filter__parameterized146 |         18 |         18 |       0 |    0 |    2 |      0 |      0 |            0 |
|       gen_filt_inst[37].filter       | bloom_filter__parameterized147 |         18 |         18 |       0 |    0 |    2 |      0 |      0 |            0 |
|       gen_filt_inst[38].filter       | bloom_filter__parameterized148 |         17 |         17 |       0 |    0 |    2 |      0 |      0 |            0 |
|       gen_filt_inst[39].filter       | bloom_filter__parameterized149 |         18 |         18 |       0 |    0 |    2 |      0 |      0 |            0 |
|       gen_filt_inst[3].filter        | bloom_filter__parameterized113 |         18 |         18 |       0 |    0 |    2 |      0 |      0 |            0 |
|       gen_filt_inst[40].filter       | bloom_filter__parameterized150 |         18 |         18 |       0 |    0 |    2 |      0 |      0 |            0 |
|       gen_filt_inst[41].filter       | bloom_filter__parameterized151 |         18 |         18 |       0 |    0 |    2 |      0 |      0 |            0 |
|       gen_filt_inst[42].filter       | bloom_filter__parameterized152 |         19 |         19 |       0 |    0 |    2 |      0 |      0 |            0 |
|       gen_filt_inst[43].filter       | bloom_filter__parameterized153 |         18 |         18 |       0 |    0 |    2 |      0 |      0 |            0 |
|       gen_filt_inst[44].filter       | bloom_filter__parameterized154 |         18 |         18 |       0 |    0 |    2 |      0 |      0 |            0 |
|       gen_filt_inst[45].filter       | bloom_filter__parameterized155 |         18 |         18 |       0 |    0 |    2 |      0 |      0 |            0 |
|       gen_filt_inst[46].filter       | bloom_filter__parameterized156 |         18 |         18 |       0 |    0 |    2 |      0 |      0 |            0 |
|       gen_filt_inst[47].filter       | bloom_filter__parameterized157 |         18 |         18 |       0 |    0 |    2 |      0 |      0 |            0 |
|       gen_filt_inst[48].filter       | bloom_filter__parameterized158 |         18 |         18 |       0 |    0 |    2 |      0 |      0 |            0 |
|       gen_filt_inst[49].filter       | bloom_filter__parameterized159 |         18 |         18 |       0 |    0 |    2 |      0 |      0 |            0 |
|       gen_filt_inst[4].filter        | bloom_filter__parameterized114 |         18 |         18 |       0 |    0 |    2 |      0 |      0 |            0 |
|       gen_filt_inst[50].filter       | bloom_filter__parameterized160 |         18 |         18 |       0 |    0 |    2 |      0 |      0 |            0 |
|       gen_filt_inst[51].filter       | bloom_filter__parameterized161 |         18 |         18 |       0 |    0 |    2 |      0 |      0 |            0 |
|       gen_filt_inst[52].filter       | bloom_filter__parameterized162 |         18 |         18 |       0 |    0 |    2 |      0 |      0 |            0 |
|       gen_filt_inst[53].filter       | bloom_filter__parameterized163 |         18 |         18 |       0 |    0 |    2 |      0 |      0 |            0 |
|       gen_filt_inst[54].filter       | bloom_filter__parameterized164 |         18 |         18 |       0 |    0 |    2 |      0 |      0 |            0 |
|       gen_filt_inst[55].filter       | bloom_filter__parameterized165 |          1 |          1 |       0 |    0 |    2 |      0 |      0 |            0 |
|       gen_filt_inst[5].filter        | bloom_filter__parameterized115 |         18 |         18 |       0 |    0 |    2 |      0 |      0 |            0 |
|       gen_filt_inst[6].filter        | bloom_filter__parameterized116 |         18 |         18 |       0 |    0 |    2 |      0 |      0 |            0 |
|       gen_filt_inst[7].filter        | bloom_filter__parameterized117 |         18 |         18 |       0 |    0 |    2 |      0 |      0 |            0 |
|       gen_filt_inst[8].filter        | bloom_filter__parameterized118 |         18 |         18 |       0 |    0 |    2 |      0 |      0 |            0 |
|       gen_filt_inst[9].filter        | bloom_filter__parameterized119 |         18 |         18 |       0 |    0 |    2 |      0 |      0 |            0 |
|     gen_discriminator[4].discrim     |  discriminator__parameterized2 |       1097 |       1097 |       0 |    0 |  275 |      0 |      0 |            0 |
|       (gen_discriminator[4].discrim) |  discriminator__parameterized2 |          2 |          2 |       0 |    0 |    0 |      0 |      0 |            0 |
|       count                          |                     popcount_8 |        104 |        104 |       0 |    0 |  163 |      0 |      0 |            0 |
|       filter0                        | bloom_filter__parameterized222 |         18 |         18 |       0 |    0 |    2 |      0 |      0 |            0 |
|       gen_filt_inst[10].filter       | bloom_filter__parameterized176 |         18 |         18 |       0 |    0 |    2 |      0 |      0 |            0 |
|       gen_filt_inst[11].filter       | bloom_filter__parameterized177 |         18 |         18 |       0 |    0 |    2 |      0 |      0 |            0 |
|       gen_filt_inst[12].filter       | bloom_filter__parameterized178 |         18 |         18 |       0 |    0 |    2 |      0 |      0 |            0 |
|       gen_filt_inst[13].filter       | bloom_filter__parameterized179 |         18 |         18 |       0 |    0 |    2 |      0 |      0 |            0 |
|       gen_filt_inst[14].filter       | bloom_filter__parameterized180 |         18 |         18 |       0 |    0 |    2 |      0 |      0 |            0 |
|       gen_filt_inst[15].filter       | bloom_filter__parameterized181 |         18 |         18 |       0 |    0 |    2 |      0 |      0 |            0 |
|       gen_filt_inst[16].filter       | bloom_filter__parameterized182 |         18 |         18 |       0 |    0 |    2 |      0 |      0 |            0 |
|       gen_filt_inst[17].filter       | bloom_filter__parameterized183 |         18 |         18 |       0 |    0 |    2 |      0 |      0 |            0 |
|       gen_filt_inst[18].filter       | bloom_filter__parameterized184 |         18 |         18 |       0 |    0 |    2 |      0 |      0 |            0 |
|       gen_filt_inst[19].filter       | bloom_filter__parameterized185 |         18 |         18 |       0 |    0 |    2 |      0 |      0 |            0 |
|       gen_filt_inst[1].filter        | bloom_filter__parameterized167 |         18 |         18 |       0 |    0 |    2 |      0 |      0 |            0 |
|       gen_filt_inst[20].filter       | bloom_filter__parameterized186 |         18 |         18 |       0 |    0 |    2 |      0 |      0 |            0 |
|       gen_filt_inst[21].filter       | bloom_filter__parameterized187 |         18 |         18 |       0 |    0 |    2 |      0 |      0 |            0 |
|       gen_filt_inst[22].filter       | bloom_filter__parameterized188 |         18 |         18 |       0 |    0 |    2 |      0 |      0 |            0 |
|       gen_filt_inst[23].filter       | bloom_filter__parameterized189 |         18 |         18 |       0 |    0 |    2 |      0 |      0 |            0 |
|       gen_filt_inst[24].filter       | bloom_filter__parameterized190 |         18 |         18 |       0 |    0 |    2 |      0 |      0 |            0 |
|       gen_filt_inst[25].filter       | bloom_filter__parameterized191 |         18 |         18 |       0 |    0 |    2 |      0 |      0 |            0 |
|       gen_filt_inst[26].filter       | bloom_filter__parameterized192 |         18 |         18 |       0 |    0 |    2 |      0 |      0 |            0 |
|       gen_filt_inst[27].filter       | bloom_filter__parameterized193 |         18 |         18 |       0 |    0 |    2 |      0 |      0 |            0 |
|       gen_filt_inst[28].filter       | bloom_filter__parameterized194 |         18 |         18 |       0 |    0 |    2 |      0 |      0 |            0 |
|       gen_filt_inst[29].filter       | bloom_filter__parameterized195 |         18 |         18 |       0 |    0 |    2 |      0 |      0 |            0 |
|       gen_filt_inst[2].filter        | bloom_filter__parameterized168 |         18 |         18 |       0 |    0 |    2 |      0 |      0 |            0 |
|       gen_filt_inst[30].filter       | bloom_filter__parameterized196 |         18 |         18 |       0 |    0 |    2 |      0 |      0 |            0 |
|       gen_filt_inst[31].filter       | bloom_filter__parameterized197 |         18 |         18 |       0 |    0 |    2 |      0 |      0 |            0 |
|       gen_filt_inst[32].filter       | bloom_filter__parameterized198 |         18 |         18 |       0 |    0 |    2 |      0 |      0 |            0 |
|       gen_filt_inst[33].filter       | bloom_filter__parameterized199 |         18 |         18 |       0 |    0 |    2 |      0 |      0 |            0 |
|       gen_filt_inst[34].filter       | bloom_filter__parameterized200 |         18 |         18 |       0 |    0 |    2 |      0 |      0 |            0 |
|       gen_filt_inst[35].filter       | bloom_filter__parameterized201 |         18 |         18 |       0 |    0 |    2 |      0 |      0 |            0 |
|       gen_filt_inst[36].filter       | bloom_filter__parameterized202 |         18 |         18 |       0 |    0 |    2 |      0 |      0 |            0 |
|       gen_filt_inst[37].filter       | bloom_filter__parameterized203 |         18 |         18 |       0 |    0 |    2 |      0 |      0 |            0 |
|       gen_filt_inst[38].filter       | bloom_filter__parameterized204 |         18 |         18 |       0 |    0 |    2 |      0 |      0 |            0 |
|       gen_filt_inst[39].filter       | bloom_filter__parameterized205 |         18 |         18 |       0 |    0 |    2 |      0 |      0 |            0 |
|       gen_filt_inst[3].filter        | bloom_filter__parameterized169 |         18 |         18 |       0 |    0 |    2 |      0 |      0 |            0 |
|       gen_filt_inst[40].filter       | bloom_filter__parameterized206 |         18 |         18 |       0 |    0 |    2 |      0 |      0 |            0 |
|       gen_filt_inst[41].filter       | bloom_filter__parameterized207 |         18 |         18 |       0 |    0 |    2 |      0 |      0 |            0 |
|       gen_filt_inst[42].filter       | bloom_filter__parameterized208 |         18 |         18 |       0 |    0 |    2 |      0 |      0 |            0 |
|       gen_filt_inst[43].filter       | bloom_filter__parameterized209 |         18 |         18 |       0 |    0 |    2 |      0 |      0 |            0 |
|       gen_filt_inst[44].filter       | bloom_filter__parameterized210 |         18 |         18 |       0 |    0 |    2 |      0 |      0 |            0 |
|       gen_filt_inst[45].filter       | bloom_filter__parameterized211 |         18 |         18 |       0 |    0 |    2 |      0 |      0 |            0 |
|       gen_filt_inst[46].filter       | bloom_filter__parameterized212 |         18 |         18 |       0 |    0 |    2 |      0 |      0 |            0 |
|       gen_filt_inst[47].filter       | bloom_filter__parameterized213 |         18 |         18 |       0 |    0 |    2 |      0 |      0 |            0 |
|       gen_filt_inst[48].filter       | bloom_filter__parameterized214 |         18 |         18 |       0 |    0 |    2 |      0 |      0 |            0 |
|       gen_filt_inst[49].filter       | bloom_filter__parameterized215 |         18 |         18 |       0 |    0 |    2 |      0 |      0 |            0 |
|       gen_filt_inst[4].filter        | bloom_filter__parameterized170 |         18 |         18 |       0 |    0 |    2 |      0 |      0 |            0 |
|       gen_filt_inst[50].filter       | bloom_filter__parameterized216 |         18 |         18 |       0 |    0 |    2 |      0 |      0 |            0 |
|       gen_filt_inst[51].filter       | bloom_filter__parameterized217 |         18 |         18 |       0 |    0 |    2 |      0 |      0 |            0 |
|       gen_filt_inst[52].filter       | bloom_filter__parameterized218 |         18 |         18 |       0 |    0 |    2 |      0 |      0 |            0 |
|       gen_filt_inst[53].filter       | bloom_filter__parameterized219 |         18 |         18 |       0 |    0 |    2 |      0 |      0 |            0 |
|       gen_filt_inst[54].filter       | bloom_filter__parameterized220 |         18 |         18 |       0 |    0 |    2 |      0 |      0 |            0 |
|       gen_filt_inst[55].filter       | bloom_filter__parameterized221 |          1 |          1 |       0 |    0 |    2 |      0 |      0 |            0 |
|       gen_filt_inst[5].filter        | bloom_filter__parameterized171 |         18 |         18 |       0 |    0 |    2 |      0 |      0 |            0 |
|       gen_filt_inst[6].filter        | bloom_filter__parameterized172 |         18 |         18 |       0 |    0 |    2 |      0 |      0 |            0 |
|       gen_filt_inst[7].filter        | bloom_filter__parameterized173 |         18 |         18 |       0 |    0 |    2 |      0 |      0 |            0 |
|       gen_filt_inst[8].filter        | bloom_filter__parameterized174 |         18 |         18 |       0 |    0 |    2 |      0 |      0 |            0 |
|       gen_filt_inst[9].filter        | bloom_filter__parameterized175 |         18 |         18 |       0 |    0 |    2 |      0 |      0 |            0 |
|     gen_discriminator[5].discrim     |  discriminator__parameterized3 |       1160 |       1160 |       0 |    0 |  275 |      0 |      0 |            0 |
|       (gen_discriminator[5].discrim) |  discriminator__parameterized3 |         56 |         56 |       0 |    0 |    0 |      0 |      0 |            0 |
|       count                          |                     popcount_7 |        113 |        113 |       0 |    0 |  163 |      0 |      0 |            0 |
|       filter0                        | bloom_filter__parameterized278 |         18 |         18 |       0 |    0 |    2 |      0 |      0 |            0 |
|       gen_filt_inst[10].filter       | bloom_filter__parameterized232 |         18 |         18 |       0 |    0 |    2 |      0 |      0 |            0 |
|       gen_filt_inst[11].filter       | bloom_filter__parameterized233 |         18 |         18 |       0 |    0 |    2 |      0 |      0 |            0 |
|       gen_filt_inst[12].filter       | bloom_filter__parameterized234 |         18 |         18 |       0 |    0 |    2 |      0 |      0 |            0 |
|       gen_filt_inst[13].filter       | bloom_filter__parameterized235 |         18 |         18 |       0 |    0 |    2 |      0 |      0 |            0 |
|       gen_filt_inst[14].filter       | bloom_filter__parameterized236 |         18 |         18 |       0 |    0 |    2 |      0 |      0 |            0 |
|       gen_filt_inst[15].filter       | bloom_filter__parameterized237 |         18 |         18 |       0 |    0 |    2 |      0 |      0 |            0 |
|       gen_filt_inst[16].filter       | bloom_filter__parameterized238 |         18 |         18 |       0 |    0 |    2 |      0 |      0 |            0 |
|       gen_filt_inst[17].filter       | bloom_filter__parameterized239 |         18 |         18 |       0 |    0 |    2 |      0 |      0 |            0 |
|       gen_filt_inst[18].filter       | bloom_filter__parameterized240 |         18 |         18 |       0 |    0 |    2 |      0 |      0 |            0 |
|       gen_filt_inst[19].filter       | bloom_filter__parameterized241 |         18 |         18 |       0 |    0 |    2 |      0 |      0 |            0 |
|       gen_filt_inst[1].filter        | bloom_filter__parameterized223 |         18 |         18 |       0 |    0 |    2 |      0 |      0 |            0 |
|       gen_filt_inst[20].filter       | bloom_filter__parameterized242 |         18 |         18 |       0 |    0 |    2 |      0 |      0 |            0 |
|       gen_filt_inst[21].filter       | bloom_filter__parameterized243 |         18 |         18 |       0 |    0 |    2 |      0 |      0 |            0 |
|       gen_filt_inst[22].filter       | bloom_filter__parameterized244 |         18 |         18 |       0 |    0 |    2 |      0 |      0 |            0 |
|       gen_filt_inst[23].filter       | bloom_filter__parameterized245 |         18 |         18 |       0 |    0 |    2 |      0 |      0 |            0 |
|       gen_filt_inst[24].filter       | bloom_filter__parameterized246 |         18 |         18 |       0 |    0 |    2 |      0 |      0 |            0 |
|       gen_filt_inst[25].filter       | bloom_filter__parameterized247 |         18 |         18 |       0 |    0 |    2 |      0 |      0 |            0 |
|       gen_filt_inst[26].filter       | bloom_filter__parameterized248 |         18 |         18 |       0 |    0 |    2 |      0 |      0 |            0 |
|       gen_filt_inst[27].filter       | bloom_filter__parameterized249 |         18 |         18 |       0 |    0 |    2 |      0 |      0 |            0 |
|       gen_filt_inst[28].filter       | bloom_filter__parameterized250 |         18 |         18 |       0 |    0 |    2 |      0 |      0 |            0 |
|       gen_filt_inst[29].filter       | bloom_filter__parameterized251 |         18 |         18 |       0 |    0 |    2 |      0 |      0 |            0 |
|       gen_filt_inst[2].filter        | bloom_filter__parameterized224 |         18 |         18 |       0 |    0 |    2 |      0 |      0 |            0 |
|       gen_filt_inst[30].filter       | bloom_filter__parameterized252 |         18 |         18 |       0 |    0 |    2 |      0 |      0 |            0 |
|       gen_filt_inst[31].filter       | bloom_filter__parameterized253 |         18 |         18 |       0 |    0 |    2 |      0 |      0 |            0 |
|       gen_filt_inst[32].filter       | bloom_filter__parameterized254 |         18 |         18 |       0 |    0 |    2 |      0 |      0 |            0 |
|       gen_filt_inst[33].filter       | bloom_filter__parameterized255 |         18 |         18 |       0 |    0 |    2 |      0 |      0 |            0 |
|       gen_filt_inst[34].filter       | bloom_filter__parameterized256 |         18 |         18 |       0 |    0 |    2 |      0 |      0 |            0 |
|       gen_filt_inst[35].filter       | bloom_filter__parameterized257 |         18 |         18 |       0 |    0 |    2 |      0 |      0 |            0 |
|       gen_filt_inst[36].filter       | bloom_filter__parameterized258 |         18 |         18 |       0 |    0 |    2 |      0 |      0 |            0 |
|       gen_filt_inst[37].filter       | bloom_filter__parameterized259 |         18 |         18 |       0 |    0 |    2 |      0 |      0 |            0 |
|       gen_filt_inst[38].filter       | bloom_filter__parameterized260 |         18 |         18 |       0 |    0 |    2 |      0 |      0 |            0 |
|       gen_filt_inst[39].filter       | bloom_filter__parameterized261 |         18 |         18 |       0 |    0 |    2 |      0 |      0 |            0 |
|       gen_filt_inst[3].filter        | bloom_filter__parameterized225 |         18 |         18 |       0 |    0 |    2 |      0 |      0 |            0 |
|       gen_filt_inst[40].filter       | bloom_filter__parameterized262 |         18 |         18 |       0 |    0 |    2 |      0 |      0 |            0 |
|       gen_filt_inst[41].filter       | bloom_filter__parameterized263 |         18 |         18 |       0 |    0 |    2 |      0 |      0 |            0 |
|       gen_filt_inst[42].filter       | bloom_filter__parameterized264 |         18 |         18 |       0 |    0 |    2 |      0 |      0 |            0 |
|       gen_filt_inst[43].filter       | bloom_filter__parameterized265 |         18 |         18 |       0 |    0 |    2 |      0 |      0 |            0 |
|       gen_filt_inst[44].filter       | bloom_filter__parameterized266 |         18 |         18 |       0 |    0 |    2 |      0 |      0 |            0 |
|       gen_filt_inst[45].filter       | bloom_filter__parameterized267 |         18 |         18 |       0 |    0 |    2 |      0 |      0 |            0 |
|       gen_filt_inst[46].filter       | bloom_filter__parameterized268 |         18 |         18 |       0 |    0 |    2 |      0 |      0 |            0 |
|       gen_filt_inst[47].filter       | bloom_filter__parameterized269 |         18 |         18 |       0 |    0 |    2 |      0 |      0 |            0 |
|       gen_filt_inst[48].filter       | bloom_filter__parameterized270 |         18 |         18 |       0 |    0 |    2 |      0 |      0 |            0 |
|       gen_filt_inst[49].filter       | bloom_filter__parameterized271 |         18 |         18 |       0 |    0 |    2 |      0 |      0 |            0 |
|       gen_filt_inst[4].filter        | bloom_filter__parameterized226 |         18 |         18 |       0 |    0 |    2 |      0 |      0 |            0 |
|       gen_filt_inst[50].filter       | bloom_filter__parameterized272 |         18 |         18 |       0 |    0 |    2 |      0 |      0 |            0 |
|       gen_filt_inst[51].filter       | bloom_filter__parameterized273 |         18 |         18 |       0 |    0 |    2 |      0 |      0 |            0 |
|       gen_filt_inst[52].filter       | bloom_filter__parameterized274 |         18 |         18 |       0 |    0 |    2 |      0 |      0 |            0 |
|       gen_filt_inst[53].filter       | bloom_filter__parameterized275 |         18 |         18 |       0 |    0 |    2 |      0 |      0 |            0 |
|       gen_filt_inst[54].filter       | bloom_filter__parameterized276 |         18 |         18 |       0 |    0 |    2 |      0 |      0 |            0 |
|       gen_filt_inst[55].filter       | bloom_filter__parameterized277 |          1 |          1 |       0 |    0 |    2 |      0 |      0 |            0 |
|       gen_filt_inst[5].filter        | bloom_filter__parameterized227 |         18 |         18 |       0 |    0 |    2 |      0 |      0 |            0 |
|       gen_filt_inst[6].filter        | bloom_filter__parameterized228 |         18 |         18 |       0 |    0 |    2 |      0 |      0 |            0 |
|       gen_filt_inst[7].filter        | bloom_filter__parameterized229 |         18 |         18 |       0 |    0 |    2 |      0 |      0 |            0 |
|       gen_filt_inst[8].filter        | bloom_filter__parameterized230 |         18 |         18 |       0 |    0 |    2 |      0 |      0 |            0 |
|       gen_filt_inst[9].filter        | bloom_filter__parameterized231 |         18 |         18 |       0 |    0 |    2 |      0 |      0 |            0 |
|     gen_discriminator[6].discrim     |  discriminator__parameterized4 |       1150 |       1150 |       0 |    0 |  275 |      0 |      0 |            0 |
|       (gen_discriminator[6].discrim) |  discriminator__parameterized4 |         56 |         56 |       0 |    0 |    0 |      0 |      0 |            0 |
|       count                          |                     popcount_6 |        105 |        105 |       0 |    0 |  163 |      0 |      0 |            0 |
|       filter0                        | bloom_filter__parameterized334 |         18 |         18 |       0 |    0 |    2 |      0 |      0 |            0 |
|       gen_filt_inst[10].filter       | bloom_filter__parameterized288 |         18 |         18 |       0 |    0 |    2 |      0 |      0 |            0 |
|       gen_filt_inst[11].filter       | bloom_filter__parameterized289 |         18 |         18 |       0 |    0 |    2 |      0 |      0 |            0 |
|       gen_filt_inst[12].filter       | bloom_filter__parameterized290 |         18 |         18 |       0 |    0 |    2 |      0 |      0 |            0 |
|       gen_filt_inst[13].filter       | bloom_filter__parameterized291 |         18 |         18 |       0 |    0 |    2 |      0 |      0 |            0 |
|       gen_filt_inst[14].filter       | bloom_filter__parameterized292 |         18 |         18 |       0 |    0 |    2 |      0 |      0 |            0 |
|       gen_filt_inst[15].filter       | bloom_filter__parameterized293 |         18 |         18 |       0 |    0 |    2 |      0 |      0 |            0 |
|       gen_filt_inst[16].filter       | bloom_filter__parameterized294 |         18 |         18 |       0 |    0 |    2 |      0 |      0 |            0 |
|       gen_filt_inst[17].filter       | bloom_filter__parameterized295 |         18 |         18 |       0 |    0 |    2 |      0 |      0 |            0 |
|       gen_filt_inst[18].filter       | bloom_filter__parameterized296 |         18 |         18 |       0 |    0 |    2 |      0 |      0 |            0 |
|       gen_filt_inst[19].filter       | bloom_filter__parameterized297 |         18 |         18 |       0 |    0 |    2 |      0 |      0 |            0 |
|       gen_filt_inst[1].filter        | bloom_filter__parameterized279 |         17 |         17 |       0 |    0 |    2 |      0 |      0 |            0 |
|       gen_filt_inst[20].filter       | bloom_filter__parameterized298 |         18 |         18 |       0 |    0 |    2 |      0 |      0 |            0 |
|       gen_filt_inst[21].filter       | bloom_filter__parameterized299 |         18 |         18 |       0 |    0 |    2 |      0 |      0 |            0 |
|       gen_filt_inst[22].filter       | bloom_filter__parameterized300 |         18 |         18 |       0 |    0 |    2 |      0 |      0 |            0 |
|       gen_filt_inst[23].filter       | bloom_filter__parameterized301 |         18 |         18 |       0 |    0 |    2 |      0 |      0 |            0 |
|       gen_filt_inst[24].filter       | bloom_filter__parameterized302 |         18 |         18 |       0 |    0 |    2 |      0 |      0 |            0 |
|       gen_filt_inst[25].filter       | bloom_filter__parameterized303 |         18 |         18 |       0 |    0 |    2 |      0 |      0 |            0 |
|       gen_filt_inst[26].filter       | bloom_filter__parameterized304 |         18 |         18 |       0 |    0 |    2 |      0 |      0 |            0 |
|       gen_filt_inst[27].filter       | bloom_filter__parameterized305 |         18 |         18 |       0 |    0 |    2 |      0 |      0 |            0 |
|       gen_filt_inst[28].filter       | bloom_filter__parameterized306 |         18 |         18 |       0 |    0 |    2 |      0 |      0 |            0 |
|       gen_filt_inst[29].filter       | bloom_filter__parameterized307 |         18 |         18 |       0 |    0 |    2 |      0 |      0 |            0 |
|       gen_filt_inst[2].filter        | bloom_filter__parameterized280 |         18 |         18 |       0 |    0 |    2 |      0 |      0 |            0 |
|       gen_filt_inst[30].filter       | bloom_filter__parameterized308 |         18 |         18 |       0 |    0 |    2 |      0 |      0 |            0 |
|       gen_filt_inst[31].filter       | bloom_filter__parameterized309 |         18 |         18 |       0 |    0 |    2 |      0 |      0 |            0 |
|       gen_filt_inst[32].filter       | bloom_filter__parameterized310 |         18 |         18 |       0 |    0 |    2 |      0 |      0 |            0 |
|       gen_filt_inst[33].filter       | bloom_filter__parameterized311 |         18 |         18 |       0 |    0 |    2 |      0 |      0 |            0 |
|       gen_filt_inst[34].filter       | bloom_filter__parameterized312 |         18 |         18 |       0 |    0 |    2 |      0 |      0 |            0 |
|       gen_filt_inst[35].filter       | bloom_filter__parameterized313 |         17 |         17 |       0 |    0 |    2 |      0 |      0 |            0 |
|       gen_filt_inst[36].filter       | bloom_filter__parameterized314 |         18 |         18 |       0 |    0 |    2 |      0 |      0 |            0 |
|       gen_filt_inst[37].filter       | bloom_filter__parameterized315 |         18 |         18 |       0 |    0 |    2 |      0 |      0 |            0 |
|       gen_filt_inst[38].filter       | bloom_filter__parameterized316 |         18 |         18 |       0 |    0 |    2 |      0 |      0 |            0 |
|       gen_filt_inst[39].filter       | bloom_filter__parameterized317 |         18 |         18 |       0 |    0 |    2 |      0 |      0 |            0 |
|       gen_filt_inst[3].filter        | bloom_filter__parameterized281 |         18 |         18 |       0 |    0 |    2 |      0 |      0 |            0 |
|       gen_filt_inst[40].filter       | bloom_filter__parameterized318 |         18 |         18 |       0 |    0 |    2 |      0 |      0 |            0 |
|       gen_filt_inst[41].filter       | bloom_filter__parameterized319 |         18 |         18 |       0 |    0 |    2 |      0 |      0 |            0 |
|       gen_filt_inst[42].filter       | bloom_filter__parameterized320 |         19 |         19 |       0 |    0 |    2 |      0 |      0 |            0 |
|       gen_filt_inst[43].filter       | bloom_filter__parameterized321 |         18 |         18 |       0 |    0 |    2 |      0 |      0 |            0 |
|       gen_filt_inst[44].filter       | bloom_filter__parameterized322 |         18 |         18 |       0 |    0 |    2 |      0 |      0 |            0 |
|       gen_filt_inst[45].filter       | bloom_filter__parameterized323 |         18 |         18 |       0 |    0 |    2 |      0 |      0 |            0 |
|       gen_filt_inst[46].filter       | bloom_filter__parameterized324 |         18 |         18 |       0 |    0 |    2 |      0 |      0 |            0 |
|       gen_filt_inst[47].filter       | bloom_filter__parameterized325 |         18 |         18 |       0 |    0 |    2 |      0 |      0 |            0 |
|       gen_filt_inst[48].filter       | bloom_filter__parameterized326 |         18 |         18 |       0 |    0 |    2 |      0 |      0 |            0 |
|       gen_filt_inst[49].filter       | bloom_filter__parameterized327 |         18 |         18 |       0 |    0 |    2 |      0 |      0 |            0 |
|       gen_filt_inst[4].filter        | bloom_filter__parameterized282 |         18 |         18 |       0 |    0 |    2 |      0 |      0 |            0 |
|       gen_filt_inst[50].filter       | bloom_filter__parameterized328 |         18 |         18 |       0 |    0 |    2 |      0 |      0 |            0 |
|       gen_filt_inst[51].filter       | bloom_filter__parameterized329 |         18 |         18 |       0 |    0 |    2 |      0 |      0 |            0 |
|       gen_filt_inst[52].filter       | bloom_filter__parameterized330 |         18 |         18 |       0 |    0 |    2 |      0 |      0 |            0 |
|       gen_filt_inst[53].filter       | bloom_filter__parameterized331 |         18 |         18 |       0 |    0 |    2 |      0 |      0 |            0 |
|       gen_filt_inst[54].filter       | bloom_filter__parameterized332 |         18 |         18 |       0 |    0 |    2 |      0 |      0 |            0 |
|       gen_filt_inst[55].filter       | bloom_filter__parameterized333 |          0 |          0 |       0 |    0 |    2 |      0 |      0 |            0 |
|       gen_filt_inst[5].filter        | bloom_filter__parameterized283 |         18 |         18 |       0 |    0 |    2 |      0 |      0 |            0 |
|       gen_filt_inst[6].filter        | bloom_filter__parameterized284 |         18 |         18 |       0 |    0 |    2 |      0 |      0 |            0 |
|       gen_filt_inst[7].filter        | bloom_filter__parameterized285 |         18 |         18 |       0 |    0 |    2 |      0 |      0 |            0 |
|       gen_filt_inst[8].filter        | bloom_filter__parameterized286 |         18 |         18 |       0 |    0 |    2 |      0 |      0 |            0 |
|       gen_filt_inst[9].filter        | bloom_filter__parameterized287 |         18 |         18 |       0 |    0 |    2 |      0 |      0 |            0 |
|     gen_discriminator[7].discrim     |  discriminator__parameterized5 |       1159 |       1159 |       0 |    0 |  275 |      0 |      0 |            0 |
|       (gen_discriminator[7].discrim) |  discriminator__parameterized5 |         56 |         56 |       0 |    0 |    0 |      0 |      0 |            0 |
|       count                          |                     popcount_5 |        114 |        114 |       0 |    0 |  163 |      0 |      0 |            0 |
|       filter0                        | bloom_filter__parameterized390 |         18 |         18 |       0 |    0 |    2 |      0 |      0 |            0 |
|       gen_filt_inst[10].filter       | bloom_filter__parameterized344 |         18 |         18 |       0 |    0 |    2 |      0 |      0 |            0 |
|       gen_filt_inst[11].filter       | bloom_filter__parameterized345 |         18 |         18 |       0 |    0 |    2 |      0 |      0 |            0 |
|       gen_filt_inst[12].filter       | bloom_filter__parameterized346 |         18 |         18 |       0 |    0 |    2 |      0 |      0 |            0 |
|       gen_filt_inst[13].filter       | bloom_filter__parameterized347 |         18 |         18 |       0 |    0 |    2 |      0 |      0 |            0 |
|       gen_filt_inst[14].filter       | bloom_filter__parameterized348 |         18 |         18 |       0 |    0 |    2 |      0 |      0 |            0 |
|       gen_filt_inst[15].filter       | bloom_filter__parameterized349 |         17 |         17 |       0 |    0 |    2 |      0 |      0 |            0 |
|       gen_filt_inst[16].filter       | bloom_filter__parameterized350 |         18 |         18 |       0 |    0 |    2 |      0 |      0 |            0 |
|       gen_filt_inst[17].filter       | bloom_filter__parameterized351 |         18 |         18 |       0 |    0 |    2 |      0 |      0 |            0 |
|       gen_filt_inst[18].filter       | bloom_filter__parameterized352 |         18 |         18 |       0 |    0 |    2 |      0 |      0 |            0 |
|       gen_filt_inst[19].filter       | bloom_filter__parameterized353 |         18 |         18 |       0 |    0 |    2 |      0 |      0 |            0 |
|       gen_filt_inst[1].filter        | bloom_filter__parameterized335 |         17 |         17 |       0 |    0 |    2 |      0 |      0 |            0 |
|       gen_filt_inst[20].filter       | bloom_filter__parameterized354 |         17 |         17 |       0 |    0 |    2 |      0 |      0 |            0 |
|       gen_filt_inst[21].filter       | bloom_filter__parameterized355 |         18 |         18 |       0 |    0 |    2 |      0 |      0 |            0 |
|       gen_filt_inst[22].filter       | bloom_filter__parameterized356 |         18 |         18 |       0 |    0 |    2 |      0 |      0 |            0 |
|       gen_filt_inst[23].filter       | bloom_filter__parameterized357 |         18 |         18 |       0 |    0 |    2 |      0 |      0 |            0 |
|       gen_filt_inst[24].filter       | bloom_filter__parameterized358 |         18 |         18 |       0 |    0 |    2 |      0 |      0 |            0 |
|       gen_filt_inst[25].filter       | bloom_filter__parameterized359 |         18 |         18 |       0 |    0 |    2 |      0 |      0 |            0 |
|       gen_filt_inst[26].filter       | bloom_filter__parameterized360 |         18 |         18 |       0 |    0 |    2 |      0 |      0 |            0 |
|       gen_filt_inst[27].filter       | bloom_filter__parameterized361 |         18 |         18 |       0 |    0 |    2 |      0 |      0 |            0 |
|       gen_filt_inst[28].filter       | bloom_filter__parameterized362 |         18 |         18 |       0 |    0 |    2 |      0 |      0 |            0 |
|       gen_filt_inst[29].filter       | bloom_filter__parameterized363 |         18 |         18 |       0 |    0 |    2 |      0 |      0 |            0 |
|       gen_filt_inst[2].filter        | bloom_filter__parameterized336 |         18 |         18 |       0 |    0 |    2 |      0 |      0 |            0 |
|       gen_filt_inst[30].filter       | bloom_filter__parameterized364 |         18 |         18 |       0 |    0 |    2 |      0 |      0 |            0 |
|       gen_filt_inst[31].filter       | bloom_filter__parameterized365 |         18 |         18 |       0 |    0 |    2 |      0 |      0 |            0 |
|       gen_filt_inst[32].filter       | bloom_filter__parameterized366 |         18 |         18 |       0 |    0 |    2 |      0 |      0 |            0 |
|       gen_filt_inst[33].filter       | bloom_filter__parameterized367 |         18 |         18 |       0 |    0 |    2 |      0 |      0 |            0 |
|       gen_filt_inst[34].filter       | bloom_filter__parameterized368 |         18 |         18 |       0 |    0 |    2 |      0 |      0 |            0 |
|       gen_filt_inst[35].filter       | bloom_filter__parameterized369 |         18 |         18 |       0 |    0 |    2 |      0 |      0 |            0 |
|       gen_filt_inst[36].filter       | bloom_filter__parameterized370 |         18 |         18 |       0 |    0 |    2 |      0 |      0 |            0 |
|       gen_filt_inst[37].filter       | bloom_filter__parameterized371 |         18 |         18 |       0 |    0 |    2 |      0 |      0 |            0 |
|       gen_filt_inst[38].filter       | bloom_filter__parameterized372 |         18 |         18 |       0 |    0 |    2 |      0 |      0 |            0 |
|       gen_filt_inst[39].filter       | bloom_filter__parameterized373 |         18 |         18 |       0 |    0 |    2 |      0 |      0 |            0 |
|       gen_filt_inst[3].filter        | bloom_filter__parameterized337 |         18 |         18 |       0 |    0 |    2 |      0 |      0 |            0 |
|       gen_filt_inst[40].filter       | bloom_filter__parameterized374 |         18 |         18 |       0 |    0 |    2 |      0 |      0 |            0 |
|       gen_filt_inst[41].filter       | bloom_filter__parameterized375 |         19 |         19 |       0 |    0 |    2 |      0 |      0 |            0 |
|       gen_filt_inst[42].filter       | bloom_filter__parameterized376 |         18 |         18 |       0 |    0 |    2 |      0 |      0 |            0 |
|       gen_filt_inst[43].filter       | bloom_filter__parameterized377 |         18 |         18 |       0 |    0 |    2 |      0 |      0 |            0 |
|       gen_filt_inst[44].filter       | bloom_filter__parameterized378 |         18 |         18 |       0 |    0 |    2 |      0 |      0 |            0 |
|       gen_filt_inst[45].filter       | bloom_filter__parameterized379 |         18 |         18 |       0 |    0 |    2 |      0 |      0 |            0 |
|       gen_filt_inst[46].filter       | bloom_filter__parameterized380 |         18 |         18 |       0 |    0 |    2 |      0 |      0 |            0 |
|       gen_filt_inst[47].filter       | bloom_filter__parameterized381 |         18 |         18 |       0 |    0 |    2 |      0 |      0 |            0 |
|       gen_filt_inst[48].filter       | bloom_filter__parameterized382 |         18 |         18 |       0 |    0 |    2 |      0 |      0 |            0 |
|       gen_filt_inst[49].filter       | bloom_filter__parameterized383 |         18 |         18 |       0 |    0 |    2 |      0 |      0 |            0 |
|       gen_filt_inst[4].filter        | bloom_filter__parameterized338 |         18 |         18 |       0 |    0 |    2 |      0 |      0 |            0 |
|       gen_filt_inst[50].filter       | bloom_filter__parameterized384 |         18 |         18 |       0 |    0 |    2 |      0 |      0 |            0 |
|       gen_filt_inst[51].filter       | bloom_filter__parameterized385 |         18 |         18 |       0 |    0 |    2 |      0 |      0 |            0 |
|       gen_filt_inst[52].filter       | bloom_filter__parameterized386 |         18 |         18 |       0 |    0 |    2 |      0 |      0 |            0 |
|       gen_filt_inst[53].filter       | bloom_filter__parameterized387 |         18 |         18 |       0 |    0 |    2 |      0 |      0 |            0 |
|       gen_filt_inst[54].filter       | bloom_filter__parameterized388 |         18 |         18 |       0 |    0 |    2 |      0 |      0 |            0 |
|       gen_filt_inst[55].filter       | bloom_filter__parameterized389 |          1 |          1 |       0 |    0 |    2 |      0 |      0 |            0 |
|       gen_filt_inst[5].filter        | bloom_filter__parameterized339 |         18 |         18 |       0 |    0 |    2 |      0 |      0 |            0 |
|       gen_filt_inst[6].filter        | bloom_filter__parameterized340 |         18 |         18 |       0 |    0 |    2 |      0 |      0 |            0 |
|       gen_filt_inst[7].filter        | bloom_filter__parameterized341 |         18 |         18 |       0 |    0 |    2 |      0 |      0 |            0 |
|       gen_filt_inst[8].filter        | bloom_filter__parameterized342 |         18 |         18 |       0 |    0 |    2 |      0 |      0 |            0 |
|       gen_filt_inst[9].filter        | bloom_filter__parameterized343 |         18 |         18 |       0 |    0 |    2 |      0 |      0 |            0 |
|     gen_discriminator[8].discrim     |  discriminator__parameterized6 |       1148 |       1148 |       0 |    0 |  275 |      0 |      0 |            0 |
|       (gen_discriminator[8].discrim) |  discriminator__parameterized6 |         56 |         56 |       0 |    0 |    0 |      0 |      0 |            0 |
|       count                          |                     popcount_4 |        105 |        105 |       0 |    0 |  163 |      0 |      0 |            0 |
|       filter0                        | bloom_filter__parameterized446 |         18 |         18 |       0 |    0 |    2 |      0 |      0 |            0 |
|       gen_filt_inst[10].filter       | bloom_filter__parameterized400 |         18 |         18 |       0 |    0 |    2 |      0 |      0 |            0 |
|       gen_filt_inst[11].filter       | bloom_filter__parameterized401 |         18 |         18 |       0 |    0 |    2 |      0 |      0 |            0 |
|       gen_filt_inst[12].filter       | bloom_filter__parameterized402 |         18 |         18 |       0 |    0 |    2 |      0 |      0 |            0 |
|       gen_filt_inst[13].filter       | bloom_filter__parameterized403 |         18 |         18 |       0 |    0 |    2 |      0 |      0 |            0 |
|       gen_filt_inst[14].filter       | bloom_filter__parameterized404 |         18 |         18 |       0 |    0 |    2 |      0 |      0 |            0 |
|       gen_filt_inst[15].filter       | bloom_filter__parameterized405 |         18 |         18 |       0 |    0 |    2 |      0 |      0 |            0 |
|       gen_filt_inst[16].filter       | bloom_filter__parameterized406 |         18 |         18 |       0 |    0 |    2 |      0 |      0 |            0 |
|       gen_filt_inst[17].filter       | bloom_filter__parameterized407 |         18 |         18 |       0 |    0 |    2 |      0 |      0 |            0 |
|       gen_filt_inst[18].filter       | bloom_filter__parameterized408 |         18 |         18 |       0 |    0 |    2 |      0 |      0 |            0 |
|       gen_filt_inst[19].filter       | bloom_filter__parameterized409 |         18 |         18 |       0 |    0 |    2 |      0 |      0 |            0 |
|       gen_filt_inst[1].filter        | bloom_filter__parameterized391 |         18 |         18 |       0 |    0 |    2 |      0 |      0 |            0 |
|       gen_filt_inst[20].filter       | bloom_filter__parameterized410 |         18 |         18 |       0 |    0 |    2 |      0 |      0 |            0 |
|       gen_filt_inst[21].filter       | bloom_filter__parameterized411 |         18 |         18 |       0 |    0 |    2 |      0 |      0 |            0 |
|       gen_filt_inst[22].filter       | bloom_filter__parameterized412 |         18 |         18 |       0 |    0 |    2 |      0 |      0 |            0 |
|       gen_filt_inst[23].filter       | bloom_filter__parameterized413 |         18 |         18 |       0 |    0 |    2 |      0 |      0 |            0 |
|       gen_filt_inst[24].filter       | bloom_filter__parameterized414 |         18 |         18 |       0 |    0 |    2 |      0 |      0 |            0 |
|       gen_filt_inst[25].filter       | bloom_filter__parameterized415 |         18 |         18 |       0 |    0 |    2 |      0 |      0 |            0 |
|       gen_filt_inst[26].filter       | bloom_filter__parameterized416 |         18 |         18 |       0 |    0 |    2 |      0 |      0 |            0 |
|       gen_filt_inst[27].filter       | bloom_filter__parameterized417 |         18 |         18 |       0 |    0 |    2 |      0 |      0 |            0 |
|       gen_filt_inst[28].filter       | bloom_filter__parameterized418 |         14 |         14 |       0 |    0 |    2 |      0 |      0 |            0 |
|       gen_filt_inst[29].filter       | bloom_filter__parameterized419 |         18 |         18 |       0 |    0 |    2 |      0 |      0 |            0 |
|       gen_filt_inst[2].filter        | bloom_filter__parameterized392 |         18 |         18 |       0 |    0 |    2 |      0 |      0 |            0 |
|       gen_filt_inst[30].filter       | bloom_filter__parameterized420 |         18 |         18 |       0 |    0 |    2 |      0 |      0 |            0 |
|       gen_filt_inst[31].filter       | bloom_filter__parameterized421 |         18 |         18 |       0 |    0 |    2 |      0 |      0 |            0 |
|       gen_filt_inst[32].filter       | bloom_filter__parameterized422 |         18 |         18 |       0 |    0 |    2 |      0 |      0 |            0 |
|       gen_filt_inst[33].filter       | bloom_filter__parameterized423 |         18 |         18 |       0 |    0 |    2 |      0 |      0 |            0 |
|       gen_filt_inst[34].filter       | bloom_filter__parameterized424 |         18 |         18 |       0 |    0 |    2 |      0 |      0 |            0 |
|       gen_filt_inst[35].filter       | bloom_filter__parameterized425 |         18 |         18 |       0 |    0 |    2 |      0 |      0 |            0 |
|       gen_filt_inst[36].filter       | bloom_filter__parameterized426 |         18 |         18 |       0 |    0 |    2 |      0 |      0 |            0 |
|       gen_filt_inst[37].filter       | bloom_filter__parameterized427 |         18 |         18 |       0 |    0 |    2 |      0 |      0 |            0 |
|       gen_filt_inst[38].filter       | bloom_filter__parameterized428 |         18 |         18 |       0 |    0 |    2 |      0 |      0 |            0 |
|       gen_filt_inst[39].filter       | bloom_filter__parameterized429 |         18 |         18 |       0 |    0 |    2 |      0 |      0 |            0 |
|       gen_filt_inst[3].filter        | bloom_filter__parameterized393 |         18 |         18 |       0 |    0 |    2 |      0 |      0 |            0 |
|       gen_filt_inst[40].filter       | bloom_filter__parameterized430 |         18 |         18 |       0 |    0 |    2 |      0 |      0 |            0 |
|       gen_filt_inst[41].filter       | bloom_filter__parameterized431 |         18 |         18 |       0 |    0 |    2 |      0 |      0 |            0 |
|       gen_filt_inst[42].filter       | bloom_filter__parameterized432 |         18 |         18 |       0 |    0 |    2 |      0 |      0 |            0 |
|       gen_filt_inst[43].filter       | bloom_filter__parameterized433 |         18 |         18 |       0 |    0 |    2 |      0 |      0 |            0 |
|       gen_filt_inst[44].filter       | bloom_filter__parameterized434 |         18 |         18 |       0 |    0 |    2 |      0 |      0 |            0 |
|       gen_filt_inst[45].filter       | bloom_filter__parameterized435 |         18 |         18 |       0 |    0 |    2 |      0 |      0 |            0 |
|       gen_filt_inst[46].filter       | bloom_filter__parameterized436 |         18 |         18 |       0 |    0 |    2 |      0 |      0 |            0 |
|       gen_filt_inst[47].filter       | bloom_filter__parameterized437 |         18 |         18 |       0 |    0 |    2 |      0 |      0 |            0 |
|       gen_filt_inst[48].filter       | bloom_filter__parameterized438 |         18 |         18 |       0 |    0 |    2 |      0 |      0 |            0 |
|       gen_filt_inst[49].filter       | bloom_filter__parameterized439 |         18 |         18 |       0 |    0 |    2 |      0 |      0 |            0 |
|       gen_filt_inst[4].filter        | bloom_filter__parameterized394 |         18 |         18 |       0 |    0 |    2 |      0 |      0 |            0 |
|       gen_filt_inst[50].filter       | bloom_filter__parameterized440 |         18 |         18 |       0 |    0 |    2 |      0 |      0 |            0 |
|       gen_filt_inst[51].filter       | bloom_filter__parameterized441 |         18 |         18 |       0 |    0 |    2 |      0 |      0 |            0 |
|       gen_filt_inst[52].filter       | bloom_filter__parameterized442 |         18 |         18 |       0 |    0 |    2 |      0 |      0 |            0 |
|       gen_filt_inst[53].filter       | bloom_filter__parameterized443 |         18 |         18 |       0 |    0 |    2 |      0 |      0 |            0 |
|       gen_filt_inst[54].filter       | bloom_filter__parameterized444 |         18 |         18 |       0 |    0 |    2 |      0 |      0 |            0 |
|       gen_filt_inst[55].filter       | bloom_filter__parameterized445 |          1 |          1 |       0 |    0 |    2 |      0 |      0 |            0 |
|       gen_filt_inst[5].filter        | bloom_filter__parameterized395 |         18 |         18 |       0 |    0 |    2 |      0 |      0 |            0 |
|       gen_filt_inst[6].filter        | bloom_filter__parameterized396 |         18 |         18 |       0 |    0 |    2 |      0 |      0 |            0 |
|       gen_filt_inst[7].filter        | bloom_filter__parameterized397 |         18 |         18 |       0 |    0 |    2 |      0 |      0 |            0 |
|       gen_filt_inst[8].filter        | bloom_filter__parameterized398 |         18 |         18 |       0 |    0 |    2 |      0 |      0 |            0 |
|       gen_filt_inst[9].filter        | bloom_filter__parameterized399 |         18 |         18 |       0 |    0 |    2 |      0 |      0 |            0 |
|     gen_discriminator[9].discrim     |  discriminator__parameterized7 |       1161 |       1161 |       0 |    0 |  275 |      0 |      0 |            0 |
|       (gen_discriminator[9].discrim) |  discriminator__parameterized7 |         56 |         56 |       0 |    0 |    0 |      0 |      0 |            0 |
|       count                          |                       popcount |        113 |        113 |       0 |    0 |  163 |      0 |      0 |            0 |
|       filter0                        | bloom_filter__parameterized502 |         18 |         18 |       0 |    0 |    2 |      0 |      0 |            0 |
|       gen_filt_inst[10].filter       | bloom_filter__parameterized456 |         18 |         18 |       0 |    0 |    2 |      0 |      0 |            0 |
|       gen_filt_inst[11].filter       | bloom_filter__parameterized457 |         18 |         18 |       0 |    0 |    2 |      0 |      0 |            0 |
|       gen_filt_inst[12].filter       | bloom_filter__parameterized458 |         18 |         18 |       0 |    0 |    2 |      0 |      0 |            0 |
|       gen_filt_inst[13].filter       | bloom_filter__parameterized459 |         18 |         18 |       0 |    0 |    2 |      0 |      0 |            0 |
|       gen_filt_inst[14].filter       | bloom_filter__parameterized460 |         18 |         18 |       0 |    0 |    2 |      0 |      0 |            0 |
|       gen_filt_inst[15].filter       | bloom_filter__parameterized461 |         18 |         18 |       0 |    0 |    2 |      0 |      0 |            0 |
|       gen_filt_inst[16].filter       | bloom_filter__parameterized462 |         18 |         18 |       0 |    0 |    2 |      0 |      0 |            0 |
|       gen_filt_inst[17].filter       | bloom_filter__parameterized463 |         18 |         18 |       0 |    0 |    2 |      0 |      0 |            0 |
|       gen_filt_inst[18].filter       | bloom_filter__parameterized464 |         18 |         18 |       0 |    0 |    2 |      0 |      0 |            0 |
|       gen_filt_inst[19].filter       | bloom_filter__parameterized465 |         18 |         18 |       0 |    0 |    2 |      0 |      0 |            0 |
|       gen_filt_inst[1].filter        | bloom_filter__parameterized447 |         18 |         18 |       0 |    0 |    2 |      0 |      0 |            0 |
|       gen_filt_inst[20].filter       | bloom_filter__parameterized466 |         19 |         19 |       0 |    0 |    2 |      0 |      0 |            0 |
|       gen_filt_inst[21].filter       | bloom_filter__parameterized467 |         18 |         18 |       0 |    0 |    2 |      0 |      0 |            0 |
|       gen_filt_inst[22].filter       | bloom_filter__parameterized468 |         18 |         18 |       0 |    0 |    2 |      0 |      0 |            0 |
|       gen_filt_inst[23].filter       | bloom_filter__parameterized469 |         18 |         18 |       0 |    0 |    2 |      0 |      0 |            0 |
|       gen_filt_inst[24].filter       | bloom_filter__parameterized470 |         18 |         18 |       0 |    0 |    2 |      0 |      0 |            0 |
|       gen_filt_inst[25].filter       | bloom_filter__parameterized471 |         18 |         18 |       0 |    0 |    2 |      0 |      0 |            0 |
|       gen_filt_inst[26].filter       | bloom_filter__parameterized472 |         18 |         18 |       0 |    0 |    2 |      0 |      0 |            0 |
|       gen_filt_inst[27].filter       | bloom_filter__parameterized473 |         18 |         18 |       0 |    0 |    2 |      0 |      0 |            0 |
|       gen_filt_inst[28].filter       | bloom_filter__parameterized474 |         18 |         18 |       0 |    0 |    2 |      0 |      0 |            0 |
|       gen_filt_inst[29].filter       | bloom_filter__parameterized475 |         18 |         18 |       0 |    0 |    2 |      0 |      0 |            0 |
|       gen_filt_inst[2].filter        | bloom_filter__parameterized448 |         18 |         18 |       0 |    0 |    2 |      0 |      0 |            0 |
|       gen_filt_inst[30].filter       | bloom_filter__parameterized476 |         18 |         18 |       0 |    0 |    2 |      0 |      0 |            0 |
|       gen_filt_inst[31].filter       | bloom_filter__parameterized477 |         18 |         18 |       0 |    0 |    2 |      0 |      0 |            0 |
|       gen_filt_inst[32].filter       | bloom_filter__parameterized478 |         18 |         18 |       0 |    0 |    2 |      0 |      0 |            0 |
|       gen_filt_inst[33].filter       | bloom_filter__parameterized479 |         18 |         18 |       0 |    0 |    2 |      0 |      0 |            0 |
|       gen_filt_inst[34].filter       | bloom_filter__parameterized480 |         18 |         18 |       0 |    0 |    2 |      0 |      0 |            0 |
|       gen_filt_inst[35].filter       | bloom_filter__parameterized481 |         18 |         18 |       0 |    0 |    2 |      0 |      0 |            0 |
|       gen_filt_inst[36].filter       | bloom_filter__parameterized482 |         18 |         18 |       0 |    0 |    2 |      0 |      0 |            0 |
|       gen_filt_inst[37].filter       | bloom_filter__parameterized483 |         18 |         18 |       0 |    0 |    2 |      0 |      0 |            0 |
|       gen_filt_inst[38].filter       | bloom_filter__parameterized484 |         18 |         18 |       0 |    0 |    2 |      0 |      0 |            0 |
|       gen_filt_inst[39].filter       | bloom_filter__parameterized485 |         18 |         18 |       0 |    0 |    2 |      0 |      0 |            0 |
|       gen_filt_inst[3].filter        | bloom_filter__parameterized449 |         18 |         18 |       0 |    0 |    2 |      0 |      0 |            0 |
|       gen_filt_inst[40].filter       | bloom_filter__parameterized486 |         18 |         18 |       0 |    0 |    2 |      0 |      0 |            0 |
|       gen_filt_inst[41].filter       | bloom_filter__parameterized487 |         18 |         18 |       0 |    0 |    2 |      0 |      0 |            0 |
|       gen_filt_inst[42].filter       | bloom_filter__parameterized488 |         18 |         18 |       0 |    0 |    2 |      0 |      0 |            0 |
|       gen_filt_inst[43].filter       | bloom_filter__parameterized489 |         18 |         18 |       0 |    0 |    2 |      0 |      0 |            0 |
|       gen_filt_inst[44].filter       | bloom_filter__parameterized490 |         18 |         18 |       0 |    0 |    2 |      0 |      0 |            0 |
|       gen_filt_inst[45].filter       | bloom_filter__parameterized491 |         18 |         18 |       0 |    0 |    2 |      0 |      0 |            0 |
|       gen_filt_inst[46].filter       | bloom_filter__parameterized492 |         18 |         18 |       0 |    0 |    2 |      0 |      0 |            0 |
|       gen_filt_inst[47].filter       | bloom_filter__parameterized493 |         18 |         18 |       0 |    0 |    2 |      0 |      0 |            0 |
|       gen_filt_inst[48].filter       | bloom_filter__parameterized494 |         18 |         18 |       0 |    0 |    2 |      0 |      0 |            0 |
|       gen_filt_inst[49].filter       | bloom_filter__parameterized495 |         18 |         18 |       0 |    0 |    2 |      0 |      0 |            0 |
|       gen_filt_inst[4].filter        | bloom_filter__parameterized450 |         18 |         18 |       0 |    0 |    2 |      0 |      0 |            0 |
|       gen_filt_inst[50].filter       | bloom_filter__parameterized496 |         18 |         18 |       0 |    0 |    2 |      0 |      0 |            0 |
|       gen_filt_inst[51].filter       | bloom_filter__parameterized497 |         18 |         18 |       0 |    0 |    2 |      0 |      0 |            0 |
|       gen_filt_inst[52].filter       | bloom_filter__parameterized498 |         18 |         18 |       0 |    0 |    2 |      0 |      0 |            0 |
|       gen_filt_inst[53].filter       | bloom_filter__parameterized499 |         18 |         18 |       0 |    0 |    2 |      0 |      0 |            0 |
|       gen_filt_inst[54].filter       | bloom_filter__parameterized500 |         18 |         18 |       0 |    0 |    2 |      0 |      0 |            0 |
|       gen_filt_inst[55].filter       | bloom_filter__parameterized501 |          1 |          1 |       0 |    0 |    2 |      0 |      0 |            0 |
|       gen_filt_inst[5].filter        | bloom_filter__parameterized451 |         18 |         18 |       0 |    0 |    2 |      0 |      0 |            0 |
|       gen_filt_inst[6].filter        | bloom_filter__parameterized452 |         18 |         18 |       0 |    0 |    2 |      0 |      0 |            0 |
|       gen_filt_inst[7].filter        | bloom_filter__parameterized453 |         18 |         18 |       0 |    0 |    2 |      0 |      0 |            0 |
|       gen_filt_inst[8].filter        | bloom_filter__parameterized454 |         18 |         18 |       0 |    0 |    2 |      0 |      0 |            0 |
|       gen_filt_inst[9].filter        | bloom_filter__parameterized455 |         18 |         18 |       0 |    0 |    2 |      0 |      0 |            0 |
|     gen_hash_inst[1].hasher          |                        h3_hash |        169 |        169 |       0 |    0 |   10 |      0 |      0 |            0 |
|     gen_hash_inst[2].hasher          |                      h3_hash_0 |        167 |        167 |       0 |    0 |   10 |      0 |      0 |            0 |
|     gen_hash_inst[3].hasher          |                      h3_hash_1 |        171 |        171 |       0 |    0 |   10 |      0 |      0 |            0 |
|     gen_hash_inst[4].hasher          |                      h3_hash_2 |        167 |        167 |       0 |    0 |   10 |      0 |      0 |            0 |
|     hasher0                          |                      h3_hash_3 |        358 |        358 |       0 |    0 |   11 |      0 |      0 |            0 |
|     max                              |                        max_idx |         33 |         29 |       0 |    4 |   70 |      0 |      0 |            0 |
+--------------------------------------+--------------------------------+------------+------------+---------+------+------+--------+--------+--------------+
* Note: The sum of lower-level cells may be larger than their parent cells total, due to cross-hierarchy LUT combining


