Copyright 1986-2019 Xilinx, Inc. All Rights Reserved.
----------------------------------------------------------------------------------------------------------------------------------------------------------------------
| Tool Version     : Vivado v.2019.2 (lin64) Build 2708876 Wed Nov  6 21:39:14 MST 2019
| Date             : Tue Nov 16 12:23:57 2021
| Host             : mario.ece.utexas.edu running 64-bit CentOS Linux release 7.9.2009 (Core)
| Command          : report_power -file device_interface_power_routed.rpt -pb device_interface_power_summary_routed.pb -rpx device_interface_power_routed.rpx
| Design           : device_interface
| Device           : xcku035-ffva1156-1-c
| Design State     : routed
| Grade            : commercial
| Process          : typical
| Characterization : Production
----------------------------------------------------------------------------------------------------------------------------------------------------------------------

Power Report

Table of Contents
-----------------
1. Summary
1.1 On-Chip Components
1.2 Power Supply Summary
1.3 Confidence Level
2. Settings
2.1 Environment
2.2 Clock Constraints
3. Detailed Reports
3.1 By Hierarchy

1. Summary
----------

+--------------------------+--------------+
| Total On-Chip Power (W)  | 3.509        |
| Design Power Budget (W)  | Unspecified* |
| Power Budget Margin (W)  | NA           |
| Dynamic (W)              | 3.007        |
| Device Static (W)        | 0.502        |
| Effective TJA (C/W)      | 1.4          |
| Max Ambient (C)          | 80.0         |
| Junction Temperature (C) | 30.0         |
| Confidence Level         | Low          |
| Setting File             | ---          |
| Simulation Activity File | ---          |
| Design Nets Matched      | NA           |
+--------------------------+--------------+
* Specify Design Power Budget using, set_operating_conditions -design_power_budget <value in Watts>


1.1 On-Chip Components
----------------------

+--------------------------+-----------+----------+-----------+-----------------+
| On-Chip                  | Power (W) | Used     | Available | Utilization (%) |
+--------------------------+-----------+----------+-----------+-----------------+
| Clocks                   |     0.137 |        3 |       --- |             --- |
| CLB Logic                |     1.568 |   273327 |       --- |             --- |
|   LUT as Logic           |     1.532 |   146191 |    203128 |           71.97 |
|   Register               |     0.015 |    18796 |    406256 |            4.63 |
|   F7/F8 Muxes            |     0.014 |    91980 |    242400 |           37.95 |
|   LUT as Distributed RAM |     0.006 |     5506 |    112800 |            4.88 |
|   LUT as Shift Register  |    <0.001 |        7 |    112800 |           <0.01 |
|   CARRY8                 |    <0.001 |       29 |     30300 |            0.10 |
|   BUFG                   |    <0.001 |        3 |        80 |            3.75 |
|   Others                 |     0.000 |     1153 |       --- |             --- |
| Signals                  |     1.295 |    77460 |       --- |             --- |
| I/O                      |     0.007 |       73 |       520 |           14.04 |
| Static Power             |     0.502 |          |           |                 |
| Total                    |     3.509 |          |           |                 |
+--------------------------+-----------+----------+-----------+-----------------+


1.2 Power Supply Summary
------------------------

+------------+-------------+-----------+-------------+------------+
| Source     | Voltage (V) | Total (A) | Dynamic (A) | Static (A) |
+------------+-------------+-----------+-------------+------------+
| Vccint     |       0.950 |     3.324 |       3.157 |      0.167 |
| Vccaux     |       1.800 |     0.097 |       0.000 |      0.097 |
| Vccaux_io  |       1.800 |     0.065 |       0.000 |      0.065 |
| Vccint_io  |       0.950 |     0.022 |       0.005 |      0.018 |
| Vcco33     |       3.300 |     0.000 |       0.000 |      0.000 |
| Vcco25     |       2.500 |     0.000 |       0.000 |      0.000 |
| Vcco18     |       1.800 |     0.001 |       0.001 |      0.000 |
| Vcco15     |       1.500 |     0.000 |       0.000 |      0.000 |
| Vcco135    |       1.350 |     0.000 |       0.000 |      0.000 |
| Vcco12     |       1.200 |     0.000 |       0.000 |      0.000 |
| Vcco10     |       1.000 |     0.000 |       0.000 |      0.000 |
| Vccbram    |       0.950 |     0.011 |       0.000 |      0.011 |
| MGTAVcc    |       1.000 |     0.000 |       0.000 |      0.000 |
| MGTAVtt    |       1.200 |     0.000 |       0.000 |      0.000 |
| MGTVccaux  |       1.800 |     0.000 |       0.000 |      0.000 |
| Vccadc     |       1.800 |     0.014 |       0.000 |      0.014 |
| MGTYVccaux |       1.800 |     0.000 |       0.000 |      0.000 |
| MGTYAVcc   |       1.000 |     0.000 |       0.000 |      0.000 |
| MGTYAVtt   |       1.200 |     0.000 |       0.000 |      0.000 |
+------------+-------------+-----------+-------------+------------+


1.3 Confidence Level
--------------------

+-----------------------------+------------+--------------------------------------------------------+------------------------------------------------------------------------------------------------------------+
| User Input Data             | Confidence | Details                                                | Action                                                                                                     |
+-----------------------------+------------+--------------------------------------------------------+------------------------------------------------------------------------------------------------------------+
| Design implementation state | High       | Design is routed                                       |                                                                                                            |
| Clock nodes activity        | High       | User specified more than 95% of clocks                 |                                                                                                            |
| I/O nodes activity          | Low        | More than 75% of inputs are missing user specification | Provide missing input activity with simulation results or by editing the "By Resource Type -> I/Os" view   |
| Internal nodes activity     | Medium     | User specified less than 25% of internal nodes         | Provide missing internal nodes activity with simulation results or by editing the "By Resource Type" views |
| Device models               | High       | Device models are Production                           |                                                                                                            |
|                             |            |                                                        |                                                                                                            |
| Overall confidence level    | Low        |                                                        |                                                                                                            |
+-----------------------------+------------+--------------------------------------------------------+------------------------------------------------------------------------------------------------------------+


2. Settings
-----------

2.1 Environment
---------------

+-----------------------+--------------------------+
| Ambient Temp (C)      | 25.0                     |
| ThetaJA (C/W)         | 1.4                      |
| Airflow (LFM)         | 250                      |
| Heat Sink             | medium (Medium Profile)  |
| ThetaSA (C/W)         | 2.4                      |
| Board Selection       | medium (10"x10")         |
| # of Board Layers     | 12to15 (12 to 15 Layers) |
| Board Temperature (C) | 25.0                     |
+-----------------------+--------------------------+


2.2 Clock Constraints
---------------------

+-------+--------+-----------------+
| Clock | Domain | Constraint (ns) |
+-------+--------+-----------------+
| clk   | clk    |            10.0 |
+-------+--------+-----------------+


3. Detailed Reports
-------------------

3.1 By Hierarchy
----------------

+----------------------------------+-----------+
| Name                             | Power (W) |
+----------------------------------+-----------+
| device_interface                 |     3.007 |
|   model                          |     2.923 |
|     discrim0                     |     0.170 |
|       count                      |     0.004 |
|       filter0                    |     0.002 |
|       gen_filt_inst[10].filter   |     0.002 |
|       gen_filt_inst[11].filter   |     0.002 |
|       gen_filt_inst[12].filter   |     0.002 |
|       gen_filt_inst[13].filter   |     0.002 |
|       gen_filt_inst[14].filter   |     0.002 |
|       gen_filt_inst[15].filter   |     0.002 |
|       gen_filt_inst[16].filter   |     0.002 |
|       gen_filt_inst[17].filter   |     0.002 |
|       gen_filt_inst[18].filter   |     0.002 |
|       gen_filt_inst[19].filter   |     0.002 |
|       gen_filt_inst[1].filter    |     0.002 |
|       gen_filt_inst[20].filter   |     0.002 |
|       gen_filt_inst[21].filter   |     0.002 |
|       gen_filt_inst[22].filter   |     0.002 |
|       gen_filt_inst[23].filter   |     0.002 |
|       gen_filt_inst[24].filter   |     0.002 |
|       gen_filt_inst[25].filter   |     0.002 |
|       gen_filt_inst[26].filter   |     0.002 |
|       gen_filt_inst[27].filter   |     0.002 |
|       gen_filt_inst[28].filter   |     0.002 |
|       gen_filt_inst[29].filter   |     0.002 |
|       gen_filt_inst[2].filter    |     0.002 |
|       gen_filt_inst[30].filter   |     0.002 |
|       gen_filt_inst[31].filter   |     0.002 |
|       gen_filt_inst[32].filter   |     0.002 |
|       gen_filt_inst[33].filter   |     0.002 |
|       gen_filt_inst[34].filter   |     0.002 |
|       gen_filt_inst[35].filter   |     0.002 |
|       gen_filt_inst[36].filter   |     0.002 |
|       gen_filt_inst[37].filter   |     0.002 |
|       gen_filt_inst[38].filter   |     0.002 |
|       gen_filt_inst[39].filter   |     0.002 |
|       gen_filt_inst[3].filter    |     0.002 |
|       gen_filt_inst[40].filter   |     0.002 |
|       gen_filt_inst[41].filter   |     0.002 |
|       gen_filt_inst[42].filter   |     0.002 |
|       gen_filt_inst[43].filter   |     0.002 |
|       gen_filt_inst[44].filter   |     0.002 |
|       gen_filt_inst[45].filter   |     0.002 |
|       gen_filt_inst[46].filter   |     0.002 |
|       gen_filt_inst[47].filter   |     0.002 |
|       gen_filt_inst[48].filter   |     0.002 |
|       gen_filt_inst[49].filter   |     0.002 |
|       gen_filt_inst[4].filter    |     0.002 |
|       gen_filt_inst[50].filter   |     0.002 |
|       gen_filt_inst[51].filter   |     0.002 |
|       gen_filt_inst[52].filter   |     0.002 |
|       gen_filt_inst[53].filter   |     0.002 |
|       gen_filt_inst[54].filter   |     0.002 |
|       gen_filt_inst[55].filter   |     0.002 |
|       gen_filt_inst[56].filter   |     0.002 |
|       gen_filt_inst[57].filter   |     0.002 |
|       gen_filt_inst[58].filter   |     0.002 |
|       gen_filt_inst[59].filter   |     0.002 |
|       gen_filt_inst[5].filter    |     0.002 |
|       gen_filt_inst[60].filter   |     0.002 |
|       gen_filt_inst[61].filter   |     0.002 |
|       gen_filt_inst[62].filter   |     0.002 |
|       gen_filt_inst[63].filter   |     0.002 |
|       gen_filt_inst[64].filter   |     0.002 |
|       gen_filt_inst[65].filter   |     0.002 |
|       gen_filt_inst[66].filter   |     0.002 |
|       gen_filt_inst[67].filter   |     0.002 |
|       gen_filt_inst[68].filter   |     0.002 |
|       gen_filt_inst[69].filter   |     0.002 |
|       gen_filt_inst[6].filter    |     0.002 |
|       gen_filt_inst[70].filter   |     0.002 |
|       gen_filt_inst[71].filter   |     0.002 |
|       gen_filt_inst[72].filter   |     0.002 |
|       gen_filt_inst[73].filter   |     0.002 |
|       gen_filt_inst[74].filter   |     0.002 |
|       gen_filt_inst[75].filter   |     0.002 |
|       gen_filt_inst[76].filter   |     0.002 |
|       gen_filt_inst[77].filter   |     0.002 |
|       gen_filt_inst[78].filter   |     0.002 |
|       gen_filt_inst[79].filter   |     0.002 |
|       gen_filt_inst[7].filter    |     0.002 |
|       gen_filt_inst[80].filter   |     0.002 |
|       gen_filt_inst[81].filter   |     0.002 |
|       gen_filt_inst[82].filter   |     0.002 |
|       gen_filt_inst[83].filter   |     0.002 |
|       gen_filt_inst[84].filter   |     0.002 |
|       gen_filt_inst[85].filter   |     0.002 |
|       gen_filt_inst[86].filter   |     0.002 |
|       gen_filt_inst[87].filter   |     0.002 |
|       gen_filt_inst[88].filter   |     0.002 |
|       gen_filt_inst[89].filter   |     0.002 |
|       gen_filt_inst[8].filter    |     0.002 |
|       gen_filt_inst[9].filter    |     0.002 |
|     gen_discriminator[1].discrim |     0.146 |
|       count                      |     0.003 |
|       filter0                    |     0.002 |
|       gen_filt_inst[10].filter   |     0.001 |
|       gen_filt_inst[11].filter   |     0.002 |
|       gen_filt_inst[12].filter   |     0.002 |
|       gen_filt_inst[13].filter   |     0.001 |
|       gen_filt_inst[14].filter   |     0.002 |
|       gen_filt_inst[15].filter   |     0.002 |
|       gen_filt_inst[16].filter   |     0.002 |
|       gen_filt_inst[17].filter   |     0.002 |
|       gen_filt_inst[18].filter   |     0.002 |
|       gen_filt_inst[19].filter   |     0.001 |
|       gen_filt_inst[1].filter    |     0.001 |
|       gen_filt_inst[20].filter   |     0.002 |
|       gen_filt_inst[21].filter   |     0.002 |
|       gen_filt_inst[22].filter   |     0.002 |
|       gen_filt_inst[23].filter   |     0.002 |
|       gen_filt_inst[24].filter   |     0.001 |
|       gen_filt_inst[25].filter   |     0.002 |
|       gen_filt_inst[26].filter   |     0.001 |
|       gen_filt_inst[27].filter   |     0.001 |
|       gen_filt_inst[28].filter   |     0.001 |
|       gen_filt_inst[29].filter   |     0.001 |
|       gen_filt_inst[2].filter    |     0.001 |
|       gen_filt_inst[30].filter   |     0.002 |
|       gen_filt_inst[31].filter   |     0.002 |
|       gen_filt_inst[32].filter   |     0.002 |
|       gen_filt_inst[33].filter   |     0.001 |
|       gen_filt_inst[34].filter   |     0.002 |
|       gen_filt_inst[35].filter   |     0.002 |
|       gen_filt_inst[36].filter   |     0.002 |
|       gen_filt_inst[37].filter   |     0.002 |
|       gen_filt_inst[38].filter   |     0.002 |
|       gen_filt_inst[39].filter   |     0.002 |
|       gen_filt_inst[3].filter    |     0.002 |
|       gen_filt_inst[40].filter   |     0.001 |
|       gen_filt_inst[41].filter   |     0.002 |
|       gen_filt_inst[42].filter   |     0.001 |
|       gen_filt_inst[43].filter   |     0.001 |
|       gen_filt_inst[44].filter   |     0.002 |
|       gen_filt_inst[45].filter   |     0.002 |
|       gen_filt_inst[46].filter   |     0.002 |
|       gen_filt_inst[47].filter   |     0.001 |
|       gen_filt_inst[48].filter   |     0.001 |
|       gen_filt_inst[49].filter   |     0.001 |
|       gen_filt_inst[4].filter    |     0.002 |
|       gen_filt_inst[50].filter   |     0.002 |
|       gen_filt_inst[51].filter   |     0.002 |
|       gen_filt_inst[52].filter   |     0.002 |
|       gen_filt_inst[53].filter   |     0.002 |
|       gen_filt_inst[54].filter   |     0.002 |
|       gen_filt_inst[55].filter   |     0.001 |
|       gen_filt_inst[56].filter   |     0.002 |
|       gen_filt_inst[57].filter   |     0.001 |
|       gen_filt_inst[58].filter   |     0.002 |
|       gen_filt_inst[59].filter   |     0.002 |
|       gen_filt_inst[5].filter    |     0.002 |
|       gen_filt_inst[60].filter   |     0.001 |
|       gen_filt_inst[61].filter   |     0.001 |
|       gen_filt_inst[62].filter   |     0.002 |
|       gen_filt_inst[63].filter   |     0.001 |
|       gen_filt_inst[64].filter   |     0.002 |
|       gen_filt_inst[65].filter   |     0.002 |
|       gen_filt_inst[66].filter   |     0.002 |
|       gen_filt_inst[67].filter   |     0.002 |
|       gen_filt_inst[68].filter   |     0.002 |
|       gen_filt_inst[69].filter   |     0.002 |
|       gen_filt_inst[6].filter    |     0.001 |
|       gen_filt_inst[70].filter   |     0.002 |
|       gen_filt_inst[71].filter   |     0.002 |
|       gen_filt_inst[72].filter   |     0.001 |
|       gen_filt_inst[73].filter   |     0.002 |
|       gen_filt_inst[74].filter   |     0.001 |
|       gen_filt_inst[75].filter   |     0.002 |
|       gen_filt_inst[76].filter   |     0.002 |
|       gen_filt_inst[77].filter   |     0.001 |
|       gen_filt_inst[78].filter   |     0.002 |
|       gen_filt_inst[79].filter   |     0.001 |
|       gen_filt_inst[7].filter    |     0.002 |
|       gen_filt_inst[80].filter   |     0.002 |
|       gen_filt_inst[81].filter   |     0.002 |
|       gen_filt_inst[82].filter   |     0.001 |
|       gen_filt_inst[83].filter   |     0.002 |
|       gen_filt_inst[84].filter   |     0.002 |
|       gen_filt_inst[85].filter   |     0.002 |
|       gen_filt_inst[86].filter   |     0.001 |
|       gen_filt_inst[87].filter   |     0.002 |
|       gen_filt_inst[88].filter   |     0.001 |
|       gen_filt_inst[89].filter   |     0.001 |
|       gen_filt_inst[8].filter    |     0.002 |
|       gen_filt_inst[9].filter    |     0.002 |
|     gen_discriminator[2].discrim |     0.175 |
|       count                      |     0.004 |
|       filter0                    |     0.002 |
|       gen_filt_inst[10].filter   |     0.002 |
|       gen_filt_inst[11].filter   |     0.002 |
|       gen_filt_inst[12].filter   |     0.002 |
|       gen_filt_inst[13].filter   |     0.002 |
|       gen_filt_inst[14].filter   |     0.002 |
|       gen_filt_inst[15].filter   |     0.002 |
|       gen_filt_inst[16].filter   |     0.002 |
|       gen_filt_inst[17].filter   |     0.002 |
|       gen_filt_inst[18].filter   |     0.002 |
|       gen_filt_inst[19].filter   |     0.002 |
|       gen_filt_inst[1].filter    |     0.002 |
|       gen_filt_inst[20].filter   |     0.002 |
|       gen_filt_inst[21].filter   |     0.002 |
|       gen_filt_inst[22].filter   |     0.002 |
|       gen_filt_inst[23].filter   |     0.002 |
|       gen_filt_inst[24].filter   |     0.002 |
|       gen_filt_inst[25].filter   |     0.002 |
|       gen_filt_inst[26].filter   |     0.002 |
|       gen_filt_inst[27].filter   |     0.002 |
|       gen_filt_inst[28].filter   |     0.002 |
|       gen_filt_inst[29].filter   |     0.002 |
|       gen_filt_inst[2].filter    |     0.002 |
|       gen_filt_inst[30].filter   |     0.002 |
|       gen_filt_inst[31].filter   |     0.002 |
|       gen_filt_inst[32].filter   |     0.002 |
|       gen_filt_inst[33].filter   |     0.002 |
|       gen_filt_inst[34].filter   |     0.002 |
|       gen_filt_inst[35].filter   |     0.002 |
|       gen_filt_inst[36].filter   |     0.002 |
|       gen_filt_inst[37].filter   |     0.002 |
|       gen_filt_inst[38].filter   |     0.002 |
|       gen_filt_inst[39].filter   |     0.002 |
|       gen_filt_inst[3].filter    |     0.002 |
|       gen_filt_inst[40].filter   |     0.002 |
|       gen_filt_inst[41].filter   |     0.002 |
|       gen_filt_inst[42].filter   |     0.002 |
|       gen_filt_inst[43].filter   |     0.002 |
|       gen_filt_inst[44].filter   |     0.002 |
|       gen_filt_inst[45].filter   |     0.002 |
|       gen_filt_inst[46].filter   |     0.002 |
|       gen_filt_inst[47].filter   |     0.002 |
|       gen_filt_inst[48].filter   |     0.002 |
|       gen_filt_inst[49].filter   |     0.002 |
|       gen_filt_inst[4].filter    |     0.002 |
|       gen_filt_inst[50].filter   |     0.002 |
|       gen_filt_inst[51].filter   |     0.002 |
|       gen_filt_inst[52].filter   |     0.002 |
|       gen_filt_inst[53].filter   |     0.002 |
|       gen_filt_inst[54].filter   |     0.002 |
|       gen_filt_inst[55].filter   |     0.002 |
|       gen_filt_inst[56].filter   |     0.002 |
|       gen_filt_inst[57].filter   |     0.002 |
|       gen_filt_inst[58].filter   |     0.002 |
|       gen_filt_inst[59].filter   |     0.002 |
|       gen_filt_inst[5].filter    |     0.002 |
|       gen_filt_inst[60].filter   |     0.002 |
|       gen_filt_inst[61].filter   |     0.002 |
|       gen_filt_inst[62].filter   |     0.002 |
|       gen_filt_inst[63].filter   |     0.002 |
|       gen_filt_inst[64].filter   |     0.002 |
|       gen_filt_inst[65].filter   |     0.002 |
|       gen_filt_inst[66].filter   |     0.002 |
|       gen_filt_inst[67].filter   |     0.002 |
|       gen_filt_inst[68].filter   |     0.002 |
|       gen_filt_inst[69].filter   |     0.002 |
|       gen_filt_inst[6].filter    |     0.002 |
|       gen_filt_inst[70].filter   |     0.002 |
|       gen_filt_inst[71].filter   |     0.002 |
|       gen_filt_inst[72].filter   |     0.002 |
|       gen_filt_inst[73].filter   |     0.002 |
|       gen_filt_inst[74].filter   |     0.002 |
|       gen_filt_inst[75].filter   |     0.002 |
|       gen_filt_inst[76].filter   |     0.002 |
|       gen_filt_inst[77].filter   |     0.002 |
|       gen_filt_inst[78].filter   |     0.002 |
|       gen_filt_inst[79].filter   |     0.002 |
|       gen_filt_inst[7].filter    |     0.002 |
|       gen_filt_inst[80].filter   |     0.002 |
|       gen_filt_inst[81].filter   |     0.002 |
|       gen_filt_inst[82].filter   |     0.002 |
|       gen_filt_inst[83].filter   |     0.002 |
|       gen_filt_inst[84].filter   |     0.002 |
|       gen_filt_inst[85].filter   |     0.002 |
|       gen_filt_inst[86].filter   |     0.002 |
|       gen_filt_inst[87].filter   |     0.002 |
|       gen_filt_inst[88].filter   |     0.002 |
|       gen_filt_inst[89].filter   |     0.002 |
|       gen_filt_inst[8].filter    |     0.002 |
|       gen_filt_inst[9].filter    |     0.002 |
|     gen_discriminator[3].discrim |     0.170 |
|       count                      |     0.004 |
|       filter0                    |     0.002 |
|       gen_filt_inst[10].filter   |     0.002 |
|       gen_filt_inst[11].filter   |     0.002 |
|       gen_filt_inst[12].filter   |     0.002 |
|       gen_filt_inst[13].filter   |     0.002 |
|       gen_filt_inst[14].filter   |     0.002 |
|       gen_filt_inst[15].filter   |     0.002 |
|       gen_filt_inst[16].filter   |     0.002 |
|       gen_filt_inst[17].filter   |     0.002 |
|       gen_filt_inst[18].filter   |     0.002 |
|       gen_filt_inst[19].filter   |     0.002 |
|       gen_filt_inst[1].filter    |     0.002 |
|       gen_filt_inst[20].filter   |     0.002 |
|       gen_filt_inst[21].filter   |     0.002 |
|       gen_filt_inst[22].filter   |     0.002 |
|       gen_filt_inst[23].filter   |     0.002 |
|       gen_filt_inst[24].filter   |     0.002 |
|       gen_filt_inst[25].filter   |     0.002 |
|       gen_filt_inst[26].filter   |     0.002 |
|       gen_filt_inst[27].filter   |     0.002 |
|       gen_filt_inst[28].filter   |     0.002 |
|       gen_filt_inst[29].filter   |     0.002 |
|       gen_filt_inst[2].filter    |     0.002 |
|       gen_filt_inst[30].filter   |     0.002 |
|       gen_filt_inst[31].filter   |     0.002 |
|       gen_filt_inst[32].filter   |     0.002 |
|       gen_filt_inst[33].filter   |     0.002 |
|       gen_filt_inst[34].filter   |     0.002 |
|       gen_filt_inst[35].filter   |     0.002 |
|       gen_filt_inst[36].filter   |     0.002 |
|       gen_filt_inst[37].filter   |     0.002 |
|       gen_filt_inst[38].filter   |     0.002 |
|       gen_filt_inst[39].filter   |     0.002 |
|       gen_filt_inst[3].filter    |     0.002 |
|       gen_filt_inst[40].filter   |     0.002 |
|       gen_filt_inst[41].filter   |     0.002 |
|       gen_filt_inst[42].filter   |     0.002 |
|       gen_filt_inst[43].filter   |     0.002 |
|       gen_filt_inst[44].filter   |     0.002 |
|       gen_filt_inst[45].filter   |     0.002 |
|       gen_filt_inst[46].filter   |     0.002 |
|       gen_filt_inst[47].filter   |     0.002 |
|       gen_filt_inst[48].filter   |     0.002 |
|       gen_filt_inst[49].filter   |     0.002 |
|       gen_filt_inst[4].filter    |     0.002 |
|       gen_filt_inst[50].filter   |     0.002 |
|       gen_filt_inst[51].filter   |     0.002 |
|       gen_filt_inst[52].filter   |     0.002 |
|       gen_filt_inst[53].filter   |     0.002 |
|       gen_filt_inst[54].filter   |     0.002 |
|       gen_filt_inst[55].filter   |     0.002 |
|       gen_filt_inst[56].filter   |     0.002 |
|       gen_filt_inst[57].filter   |     0.002 |
|       gen_filt_inst[58].filter   |     0.002 |
|       gen_filt_inst[59].filter   |     0.002 |
|       gen_filt_inst[5].filter    |     0.002 |
|       gen_filt_inst[60].filter   |     0.002 |
|       gen_filt_inst[61].filter   |     0.002 |
|       gen_filt_inst[62].filter   |     0.002 |
|       gen_filt_inst[63].filter   |     0.002 |
|       gen_filt_inst[64].filter   |     0.002 |
|       gen_filt_inst[65].filter   |     0.002 |
|       gen_filt_inst[66].filter   |     0.002 |
|       gen_filt_inst[67].filter   |     0.002 |
|       gen_filt_inst[68].filter   |     0.002 |
|       gen_filt_inst[69].filter   |     0.002 |
|       gen_filt_inst[6].filter    |     0.002 |
|       gen_filt_inst[70].filter   |     0.002 |
|       gen_filt_inst[71].filter   |     0.002 |
|       gen_filt_inst[72].filter   |     0.002 |
|       gen_filt_inst[73].filter   |     0.002 |
|       gen_filt_inst[74].filter   |     0.002 |
|       gen_filt_inst[75].filter   |     0.002 |
|       gen_filt_inst[76].filter   |     0.002 |
|       gen_filt_inst[77].filter   |     0.002 |
|       gen_filt_inst[78].filter   |     0.002 |
|       gen_filt_inst[79].filter   |     0.002 |
|       gen_filt_inst[7].filter    |     0.002 |
|       gen_filt_inst[80].filter   |     0.002 |
|       gen_filt_inst[81].filter   |     0.002 |
|       gen_filt_inst[82].filter   |     0.002 |
|       gen_filt_inst[83].filter   |     0.002 |
|       gen_filt_inst[84].filter   |     0.002 |
|       gen_filt_inst[85].filter   |     0.002 |
|       gen_filt_inst[86].filter   |     0.002 |
|       gen_filt_inst[87].filter   |     0.002 |
|       gen_filt_inst[88].filter   |     0.002 |
|       gen_filt_inst[89].filter   |     0.002 |
|       gen_filt_inst[8].filter    |     0.002 |
|       gen_filt_inst[9].filter    |     0.002 |
|     gen_discriminator[4].discrim |     0.173 |
|       count                      |     0.004 |
|       filter0                    |     0.002 |
|       gen_filt_inst[10].filter   |     0.002 |
|       gen_filt_inst[11].filter   |     0.002 |
|       gen_filt_inst[12].filter   |     0.002 |
|       gen_filt_inst[13].filter   |     0.002 |
|       gen_filt_inst[14].filter   |     0.002 |
|       gen_filt_inst[15].filter   |     0.002 |
|       gen_filt_inst[16].filter   |     0.002 |
|       gen_filt_inst[17].filter   |     0.002 |
|       gen_filt_inst[18].filter   |     0.002 |
|       gen_filt_inst[19].filter   |     0.002 |
|       gen_filt_inst[1].filter    |     0.002 |
|       gen_filt_inst[20].filter   |     0.002 |
|       gen_filt_inst[21].filter   |     0.002 |
|       gen_filt_inst[22].filter   |     0.002 |
|       gen_filt_inst[23].filter   |     0.002 |
|       gen_filt_inst[24].filter   |     0.002 |
|       gen_filt_inst[25].filter   |     0.002 |
|       gen_filt_inst[26].filter   |     0.002 |
|       gen_filt_inst[27].filter   |     0.002 |
|       gen_filt_inst[28].filter   |     0.002 |
|       gen_filt_inst[29].filter   |     0.002 |
|       gen_filt_inst[2].filter    |     0.002 |
|       gen_filt_inst[30].filter   |     0.002 |
|       gen_filt_inst[31].filter   |     0.002 |
|       gen_filt_inst[32].filter   |     0.002 |
|       gen_filt_inst[33].filter   |     0.002 |
|       gen_filt_inst[34].filter   |     0.002 |
|       gen_filt_inst[35].filter   |     0.002 |
|       gen_filt_inst[36].filter   |     0.002 |
|       gen_filt_inst[37].filter   |     0.002 |
|       gen_filt_inst[38].filter   |     0.002 |
|       gen_filt_inst[39].filter   |     0.002 |
|       gen_filt_inst[3].filter    |     0.002 |
|       gen_filt_inst[40].filter   |     0.002 |
|       gen_filt_inst[41].filter   |     0.002 |
|       gen_filt_inst[42].filter   |     0.002 |
|       gen_filt_inst[43].filter   |     0.002 |
|       gen_filt_inst[44].filter   |     0.002 |
|       gen_filt_inst[45].filter   |     0.002 |
|       gen_filt_inst[46].filter   |     0.002 |
|       gen_filt_inst[47].filter   |     0.002 |
|       gen_filt_inst[48].filter   |     0.002 |
|       gen_filt_inst[49].filter   |     0.002 |
|       gen_filt_inst[4].filter    |     0.002 |
|       gen_filt_inst[50].filter   |     0.002 |
|       gen_filt_inst[51].filter   |     0.002 |
|       gen_filt_inst[52].filter   |     0.002 |
|       gen_filt_inst[53].filter   |     0.002 |
|       gen_filt_inst[54].filter   |     0.002 |
|       gen_filt_inst[55].filter   |     0.002 |
|       gen_filt_inst[56].filter   |     0.002 |
|       gen_filt_inst[57].filter   |     0.002 |
|       gen_filt_inst[58].filter   |     0.002 |
|       gen_filt_inst[59].filter   |     0.002 |
|       gen_filt_inst[5].filter    |     0.002 |
|       gen_filt_inst[60].filter   |     0.002 |
|       gen_filt_inst[61].filter   |     0.002 |
|       gen_filt_inst[62].filter   |     0.002 |
|       gen_filt_inst[63].filter   |     0.002 |
|       gen_filt_inst[64].filter   |     0.002 |
|       gen_filt_inst[65].filter   |     0.002 |
|       gen_filt_inst[66].filter   |     0.002 |
|       gen_filt_inst[67].filter   |     0.002 |
|       gen_filt_inst[68].filter   |     0.002 |
|       gen_filt_inst[69].filter   |     0.002 |
|       gen_filt_inst[6].filter    |     0.002 |
|       gen_filt_inst[70].filter   |     0.002 |
|       gen_filt_inst[71].filter   |     0.002 |
|       gen_filt_inst[72].filter   |     0.002 |
|       gen_filt_inst[73].filter   |     0.002 |
|       gen_filt_inst[74].filter   |     0.002 |
|       gen_filt_inst[75].filter   |     0.002 |
|       gen_filt_inst[76].filter   |     0.002 |
|       gen_filt_inst[77].filter   |     0.002 |
|       gen_filt_inst[78].filter   |     0.002 |
|       gen_filt_inst[79].filter   |     0.002 |
|       gen_filt_inst[7].filter    |     0.002 |
|       gen_filt_inst[80].filter   |     0.002 |
|       gen_filt_inst[81].filter   |     0.002 |
|       gen_filt_inst[82].filter   |     0.002 |
|       gen_filt_inst[83].filter   |     0.002 |
|       gen_filt_inst[84].filter   |     0.002 |
|       gen_filt_inst[85].filter   |     0.002 |
|       gen_filt_inst[86].filter   |     0.002 |
|       gen_filt_inst[87].filter   |     0.002 |
|       gen_filt_inst[88].filter   |     0.002 |
|       gen_filt_inst[89].filter   |     0.002 |
|       gen_filt_inst[8].filter    |     0.002 |
|       gen_filt_inst[92].filter   |     0.002 |
|       gen_filt_inst[93].filter   |     0.002 |
|       gen_filt_inst[9].filter    |     0.002 |
|     gen_discriminator[5].discrim |     0.171 |
|       count                      |     0.003 |
|       filter0                    |     0.002 |
|       gen_filt_inst[10].filter   |     0.002 |
|       gen_filt_inst[11].filter   |     0.002 |
|       gen_filt_inst[12].filter   |     0.002 |
|       gen_filt_inst[13].filter   |     0.002 |
|       gen_filt_inst[14].filter   |     0.002 |
|       gen_filt_inst[15].filter   |     0.002 |
|       gen_filt_inst[16].filter   |     0.002 |
|       gen_filt_inst[17].filter   |     0.002 |
|       gen_filt_inst[18].filter   |     0.002 |
|       gen_filt_inst[19].filter   |     0.002 |
|       gen_filt_inst[1].filter    |     0.002 |
|       gen_filt_inst[20].filter   |     0.002 |
|       gen_filt_inst[21].filter   |     0.002 |
|       gen_filt_inst[22].filter   |     0.002 |
|       gen_filt_inst[23].filter   |     0.002 |
|       gen_filt_inst[24].filter   |     0.002 |
|       gen_filt_inst[25].filter   |     0.002 |
|       gen_filt_inst[26].filter   |     0.002 |
|       gen_filt_inst[27].filter   |     0.002 |
|       gen_filt_inst[28].filter   |     0.002 |
|       gen_filt_inst[29].filter   |     0.002 |
|       gen_filt_inst[2].filter    |     0.002 |
|       gen_filt_inst[30].filter   |     0.002 |
|       gen_filt_inst[31].filter   |     0.002 |
|       gen_filt_inst[32].filter   |     0.002 |
|       gen_filt_inst[33].filter   |     0.002 |
|       gen_filt_inst[34].filter   |     0.002 |
|       gen_filt_inst[35].filter   |     0.002 |
|       gen_filt_inst[36].filter   |     0.002 |
|       gen_filt_inst[37].filter   |     0.002 |
|       gen_filt_inst[38].filter   |     0.002 |
|       gen_filt_inst[39].filter   |     0.002 |
|       gen_filt_inst[3].filter    |     0.002 |
|       gen_filt_inst[40].filter   |     0.002 |
|       gen_filt_inst[41].filter   |     0.002 |
|       gen_filt_inst[42].filter   |     0.002 |
|       gen_filt_inst[43].filter   |     0.002 |
|       gen_filt_inst[44].filter   |     0.002 |
|       gen_filt_inst[45].filter   |     0.002 |
|       gen_filt_inst[46].filter   |     0.002 |
|       gen_filt_inst[47].filter   |     0.002 |
|       gen_filt_inst[48].filter   |     0.002 |
|       gen_filt_inst[49].filter   |     0.002 |
|       gen_filt_inst[4].filter    |     0.002 |
|       gen_filt_inst[50].filter   |     0.002 |
|       gen_filt_inst[51].filter   |     0.002 |
|       gen_filt_inst[52].filter   |     0.002 |
|       gen_filt_inst[53].filter   |     0.002 |
|       gen_filt_inst[54].filter   |     0.002 |
|       gen_filt_inst[55].filter   |     0.002 |
|       gen_filt_inst[56].filter   |     0.002 |
|       gen_filt_inst[57].filter   |     0.002 |
|       gen_filt_inst[58].filter   |     0.002 |
|       gen_filt_inst[59].filter   |     0.002 |
|       gen_filt_inst[5].filter    |     0.002 |
|       gen_filt_inst[60].filter   |     0.002 |
|       gen_filt_inst[61].filter   |     0.002 |
|       gen_filt_inst[62].filter   |     0.002 |
|       gen_filt_inst[63].filter   |     0.002 |
|       gen_filt_inst[64].filter   |     0.002 |
|       gen_filt_inst[65].filter   |     0.002 |
|       gen_filt_inst[66].filter   |     0.002 |
|       gen_filt_inst[67].filter   |     0.002 |
|       gen_filt_inst[68].filter   |     0.002 |
|       gen_filt_inst[69].filter   |     0.002 |
|       gen_filt_inst[6].filter    |     0.002 |
|       gen_filt_inst[70].filter   |     0.002 |
|       gen_filt_inst[71].filter   |     0.002 |
|       gen_filt_inst[72].filter   |     0.002 |
|       gen_filt_inst[73].filter   |     0.002 |
|       gen_filt_inst[74].filter   |     0.002 |
|       gen_filt_inst[75].filter   |     0.002 |
|       gen_filt_inst[76].filter   |     0.002 |
|       gen_filt_inst[77].filter   |     0.002 |
|       gen_filt_inst[78].filter   |     0.002 |
|       gen_filt_inst[79].filter   |     0.002 |
|       gen_filt_inst[7].filter    |     0.002 |
|       gen_filt_inst[80].filter   |     0.002 |
|       gen_filt_inst[81].filter   |     0.002 |
|       gen_filt_inst[82].filter   |     0.002 |
|       gen_filt_inst[83].filter   |     0.002 |
|       gen_filt_inst[84].filter   |     0.002 |
|       gen_filt_inst[85].filter   |     0.002 |
|       gen_filt_inst[86].filter   |     0.002 |
|       gen_filt_inst[87].filter   |     0.002 |
|       gen_filt_inst[88].filter   |     0.002 |
|       gen_filt_inst[89].filter   |     0.002 |
|       gen_filt_inst[8].filter    |     0.002 |
|       gen_filt_inst[9].filter    |     0.002 |
|     gen_discriminator[6].discrim |     0.169 |
|       count                      |     0.003 |
|       filter0                    |     0.002 |
|       gen_filt_inst[10].filter   |     0.002 |
|       gen_filt_inst[11].filter   |     0.002 |
|       gen_filt_inst[12].filter   |     0.002 |
|       gen_filt_inst[13].filter   |     0.002 |
|       gen_filt_inst[14].filter   |     0.002 |
|       gen_filt_inst[15].filter   |     0.002 |
|       gen_filt_inst[16].filter   |     0.002 |
|       gen_filt_inst[17].filter   |     0.002 |
|       gen_filt_inst[18].filter   |     0.002 |
|       gen_filt_inst[19].filter   |     0.002 |
|       gen_filt_inst[1].filter    |     0.002 |
|       gen_filt_inst[20].filter   |     0.002 |
|       gen_filt_inst[21].filter   |     0.002 |
|       gen_filt_inst[22].filter   |     0.002 |
|       gen_filt_inst[23].filter   |     0.002 |
|       gen_filt_inst[24].filter   |     0.002 |
|       gen_filt_inst[25].filter   |     0.002 |
|       gen_filt_inst[26].filter   |     0.002 |
|       gen_filt_inst[27].filter   |     0.002 |
|       gen_filt_inst[28].filter   |     0.002 |
|       gen_filt_inst[29].filter   |     0.002 |
|       gen_filt_inst[2].filter    |     0.002 |
|       gen_filt_inst[30].filter   |     0.002 |
|       gen_filt_inst[31].filter   |     0.002 |
|       gen_filt_inst[32].filter   |     0.002 |
|       gen_filt_inst[33].filter   |     0.002 |
|       gen_filt_inst[34].filter   |     0.002 |
|       gen_filt_inst[35].filter   |     0.002 |
|       gen_filt_inst[36].filter   |     0.002 |
|       gen_filt_inst[37].filter   |     0.002 |
|       gen_filt_inst[38].filter   |     0.002 |
|       gen_filt_inst[39].filter   |     0.002 |
|       gen_filt_inst[3].filter    |     0.002 |
|       gen_filt_inst[40].filter   |     0.002 |
|       gen_filt_inst[41].filter   |     0.002 |
|       gen_filt_inst[42].filter   |     0.002 |
|       gen_filt_inst[43].filter   |     0.002 |
|       gen_filt_inst[44].filter   |     0.002 |
|       gen_filt_inst[45].filter   |     0.002 |
|       gen_filt_inst[46].filter   |     0.002 |
|       gen_filt_inst[47].filter   |     0.002 |
|       gen_filt_inst[48].filter   |     0.002 |
|       gen_filt_inst[49].filter   |     0.002 |
|       gen_filt_inst[4].filter    |     0.002 |
|       gen_filt_inst[50].filter   |     0.002 |
|       gen_filt_inst[51].filter   |     0.002 |
|       gen_filt_inst[52].filter   |     0.002 |
|       gen_filt_inst[53].filter   |     0.002 |
|       gen_filt_inst[54].filter   |     0.002 |
|       gen_filt_inst[55].filter   |     0.002 |
|       gen_filt_inst[56].filter   |     0.002 |
|       gen_filt_inst[57].filter   |     0.002 |
|       gen_filt_inst[58].filter   |     0.002 |
|       gen_filt_inst[59].filter   |     0.002 |
|       gen_filt_inst[5].filter    |     0.002 |
|       gen_filt_inst[60].filter   |     0.002 |
|       gen_filt_inst[61].filter   |     0.002 |
|       gen_filt_inst[62].filter   |     0.002 |
|       gen_filt_inst[63].filter   |     0.002 |
|       gen_filt_inst[64].filter   |     0.002 |
|       gen_filt_inst[65].filter   |     0.002 |
|       gen_filt_inst[66].filter   |     0.002 |
|       gen_filt_inst[67].filter   |     0.002 |
|       gen_filt_inst[68].filter   |     0.002 |
|       gen_filt_inst[69].filter   |     0.002 |
|       gen_filt_inst[6].filter    |     0.002 |
|       gen_filt_inst[70].filter   |     0.002 |
|       gen_filt_inst[71].filter   |     0.002 |
|       gen_filt_inst[72].filter   |     0.002 |
|       gen_filt_inst[73].filter   |     0.002 |
|       gen_filt_inst[74].filter   |     0.002 |
|       gen_filt_inst[75].filter   |     0.002 |
|       gen_filt_inst[76].filter   |     0.002 |
|       gen_filt_inst[77].filter   |     0.002 |
|       gen_filt_inst[78].filter   |     0.002 |
|       gen_filt_inst[79].filter   |     0.002 |
|       gen_filt_inst[7].filter    |     0.002 |
|       gen_filt_inst[80].filter   |     0.002 |
|       gen_filt_inst[81].filter   |     0.002 |
|       gen_filt_inst[82].filter   |     0.002 |
|       gen_filt_inst[83].filter   |     0.002 |
|       gen_filt_inst[84].filter   |     0.002 |
|       gen_filt_inst[85].filter   |     0.002 |
|       gen_filt_inst[86].filter   |     0.002 |
|       gen_filt_inst[87].filter   |     0.002 |
|       gen_filt_inst[88].filter   |     0.002 |
|       gen_filt_inst[89].filter   |     0.002 |
|       gen_filt_inst[8].filter    |     0.002 |
|       gen_filt_inst[9].filter    |     0.002 |
|     gen_discriminator[7].discrim |     0.169 |
|       count                      |     0.003 |
|       filter0                    |     0.002 |
|       gen_filt_inst[10].filter   |     0.002 |
|       gen_filt_inst[11].filter   |     0.002 |
|       gen_filt_inst[12].filter   |     0.002 |
|       gen_filt_inst[13].filter   |     0.002 |
|       gen_filt_inst[14].filter   |     0.002 |
|       gen_filt_inst[15].filter   |     0.002 |
|       gen_filt_inst[16].filter   |     0.002 |
|       gen_filt_inst[17].filter   |     0.002 |
|       gen_filt_inst[18].filter   |     0.002 |
|       gen_filt_inst[19].filter   |     0.002 |
|       gen_filt_inst[1].filter    |     0.002 |
|       gen_filt_inst[20].filter   |     0.002 |
|       gen_filt_inst[21].filter   |     0.002 |
|       gen_filt_inst[22].filter   |     0.002 |
|       gen_filt_inst[23].filter   |     0.002 |
|       gen_filt_inst[24].filter   |     0.002 |
|       gen_filt_inst[25].filter   |     0.002 |
|       gen_filt_inst[26].filter   |     0.002 |
|       gen_filt_inst[27].filter   |     0.002 |
|       gen_filt_inst[28].filter   |     0.002 |
|       gen_filt_inst[29].filter   |     0.002 |
|       gen_filt_inst[2].filter    |     0.002 |
|       gen_filt_inst[30].filter   |     0.002 |
|       gen_filt_inst[31].filter   |     0.002 |
|       gen_filt_inst[32].filter   |     0.002 |
|       gen_filt_inst[33].filter   |     0.002 |
|       gen_filt_inst[34].filter   |     0.002 |
|       gen_filt_inst[35].filter   |     0.002 |
|       gen_filt_inst[36].filter   |     0.002 |
|       gen_filt_inst[37].filter   |     0.002 |
|       gen_filt_inst[38].filter   |     0.002 |
|       gen_filt_inst[39].filter   |     0.002 |
|       gen_filt_inst[3].filter    |     0.002 |
|       gen_filt_inst[40].filter   |     0.002 |
|       gen_filt_inst[41].filter   |     0.002 |
|       gen_filt_inst[42].filter   |     0.002 |
|       gen_filt_inst[43].filter   |     0.002 |
|       gen_filt_inst[44].filter   |     0.002 |
|       gen_filt_inst[45].filter   |     0.002 |
|       gen_filt_inst[46].filter   |     0.002 |
|       gen_filt_inst[47].filter   |     0.002 |
|       gen_filt_inst[48].filter   |     0.002 |
|       gen_filt_inst[49].filter   |     0.002 |
|       gen_filt_inst[4].filter    |     0.002 |
|       gen_filt_inst[50].filter   |     0.002 |
|       gen_filt_inst[51].filter   |     0.002 |
|       gen_filt_inst[52].filter   |     0.002 |
|       gen_filt_inst[53].filter   |     0.002 |
|       gen_filt_inst[54].filter   |     0.002 |
|       gen_filt_inst[55].filter   |     0.002 |
|       gen_filt_inst[56].filter   |     0.002 |
|       gen_filt_inst[57].filter   |     0.002 |
|       gen_filt_inst[58].filter   |     0.002 |
|       gen_filt_inst[59].filter   |     0.002 |
|       gen_filt_inst[5].filter    |     0.002 |
|       gen_filt_inst[60].filter   |     0.002 |
|       gen_filt_inst[61].filter   |     0.002 |
|       gen_filt_inst[62].filter   |     0.002 |
|       gen_filt_inst[63].filter   |     0.002 |
|       gen_filt_inst[64].filter   |     0.002 |
|       gen_filt_inst[65].filter   |     0.002 |
|       gen_filt_inst[66].filter   |     0.002 |
|       gen_filt_inst[67].filter   |     0.002 |
|       gen_filt_inst[68].filter   |     0.002 |
|       gen_filt_inst[69].filter   |     0.002 |
|       gen_filt_inst[6].filter    |     0.002 |
|       gen_filt_inst[70].filter   |     0.002 |
|       gen_filt_inst[71].filter   |     0.002 |
|       gen_filt_inst[72].filter   |     0.002 |
|       gen_filt_inst[73].filter   |     0.002 |
|       gen_filt_inst[74].filter   |     0.002 |
|       gen_filt_inst[75].filter   |     0.002 |
|       gen_filt_inst[76].filter   |     0.002 |
|       gen_filt_inst[77].filter   |     0.002 |
|       gen_filt_inst[78].filter   |     0.002 |
|       gen_filt_inst[79].filter   |     0.002 |
|       gen_filt_inst[7].filter    |     0.002 |
|       gen_filt_inst[80].filter   |     0.002 |
|       gen_filt_inst[81].filter   |     0.002 |
|       gen_filt_inst[82].filter   |     0.002 |
|       gen_filt_inst[83].filter   |     0.002 |
|       gen_filt_inst[84].filter   |     0.002 |
|       gen_filt_inst[85].filter   |     0.002 |
|       gen_filt_inst[86].filter   |     0.002 |
|       gen_filt_inst[87].filter   |     0.002 |
|       gen_filt_inst[88].filter   |     0.002 |
|       gen_filt_inst[89].filter   |     0.002 |
|       gen_filt_inst[8].filter    |     0.002 |
|       gen_filt_inst[9].filter    |     0.002 |
|     gen_discriminator[8].discrim |     0.173 |
|       count                      |     0.004 |
|       filter0                    |     0.002 |
|       gen_filt_inst[10].filter   |     0.002 |
|       gen_filt_inst[11].filter   |     0.002 |
|       gen_filt_inst[12].filter   |     0.002 |
|       gen_filt_inst[13].filter   |     0.002 |
|       gen_filt_inst[14].filter   |     0.002 |
|       gen_filt_inst[15].filter   |     0.002 |
|       gen_filt_inst[16].filter   |     0.002 |
|       gen_filt_inst[17].filter   |     0.002 |
|       gen_filt_inst[18].filter   |     0.002 |
|       gen_filt_inst[19].filter   |     0.002 |
|       gen_filt_inst[1].filter    |     0.002 |
|       gen_filt_inst[20].filter   |     0.002 |
|       gen_filt_inst[21].filter   |     0.002 |
|       gen_filt_inst[22].filter   |     0.002 |
|       gen_filt_inst[23].filter   |     0.002 |
|       gen_filt_inst[24].filter   |     0.002 |
|       gen_filt_inst[25].filter   |     0.002 |
|       gen_filt_inst[26].filter   |     0.002 |
|       gen_filt_inst[27].filter   |     0.002 |
|       gen_filt_inst[28].filter   |     0.002 |
|       gen_filt_inst[29].filter   |     0.002 |
|       gen_filt_inst[2].filter    |     0.002 |
|       gen_filt_inst[30].filter   |     0.002 |
|       gen_filt_inst[31].filter   |     0.002 |
|       gen_filt_inst[32].filter   |     0.002 |
|       gen_filt_inst[33].filter   |     0.002 |
|       gen_filt_inst[34].filter   |     0.002 |
|       gen_filt_inst[35].filter   |     0.002 |
|       gen_filt_inst[36].filter   |     0.002 |
|       gen_filt_inst[37].filter   |     0.002 |
|       gen_filt_inst[38].filter   |     0.002 |
|       gen_filt_inst[39].filter   |     0.002 |
|       gen_filt_inst[3].filter    |     0.002 |
|       gen_filt_inst[40].filter   |     0.002 |
|       gen_filt_inst[41].filter   |     0.002 |
|       gen_filt_inst[42].filter   |     0.002 |
|       gen_filt_inst[43].filter   |     0.002 |
|       gen_filt_inst[44].filter   |     0.002 |
|       gen_filt_inst[45].filter   |     0.002 |
|       gen_filt_inst[46].filter   |     0.002 |
|       gen_filt_inst[47].filter   |     0.002 |
|       gen_filt_inst[48].filter   |     0.002 |
|       gen_filt_inst[49].filter   |     0.002 |
|       gen_filt_inst[4].filter    |     0.002 |
|       gen_filt_inst[50].filter   |     0.002 |
|       gen_filt_inst[51].filter   |     0.002 |
|       gen_filt_inst[52].filter   |     0.002 |
|       gen_filt_inst[53].filter   |     0.002 |
|       gen_filt_inst[54].filter   |     0.002 |
|       gen_filt_inst[55].filter   |     0.002 |
|       gen_filt_inst[56].filter   |     0.002 |
|       gen_filt_inst[57].filter   |     0.002 |
|       gen_filt_inst[58].filter   |     0.002 |
|       gen_filt_inst[59].filter   |     0.002 |
|       gen_filt_inst[5].filter    |     0.002 |
|       gen_filt_inst[60].filter   |     0.002 |
|       gen_filt_inst[61].filter   |     0.002 |
|       gen_filt_inst[62].filter   |     0.002 |
|       gen_filt_inst[63].filter   |     0.002 |
|       gen_filt_inst[64].filter   |     0.002 |
|       gen_filt_inst[65].filter   |     0.002 |
|       gen_filt_inst[66].filter   |     0.002 |
|       gen_filt_inst[67].filter   |     0.002 |
|       gen_filt_inst[68].filter   |     0.002 |
|       gen_filt_inst[69].filter   |     0.002 |
|       gen_filt_inst[6].filter    |     0.002 |
|       gen_filt_inst[70].filter   |     0.002 |
|       gen_filt_inst[71].filter   |     0.002 |
|       gen_filt_inst[72].filter   |     0.002 |
|       gen_filt_inst[73].filter   |     0.002 |
|       gen_filt_inst[74].filter   |     0.002 |
|       gen_filt_inst[75].filter   |     0.002 |
|       gen_filt_inst[76].filter   |     0.002 |
|       gen_filt_inst[77].filter   |     0.002 |
|       gen_filt_inst[78].filter   |     0.002 |
|       gen_filt_inst[79].filter   |     0.002 |
|       gen_filt_inst[7].filter    |     0.002 |
|       gen_filt_inst[80].filter   |     0.002 |
|       gen_filt_inst[81].filter   |     0.002 |
|       gen_filt_inst[82].filter   |     0.002 |
|       gen_filt_inst[83].filter   |     0.002 |
|       gen_filt_inst[84].filter   |     0.002 |
|       gen_filt_inst[85].filter   |     0.002 |
|       gen_filt_inst[86].filter   |     0.002 |
|       gen_filt_inst[87].filter   |     0.002 |
|       gen_filt_inst[88].filter   |     0.002 |
|       gen_filt_inst[89].filter   |     0.002 |
|       gen_filt_inst[8].filter    |     0.002 |
|       gen_filt_inst[9].filter    |     0.002 |
|     gen_discriminator[9].discrim |     0.166 |
|       count                      |     0.003 |
|       filter0                    |     0.002 |
|       gen_filt_inst[10].filter   |     0.002 |
|       gen_filt_inst[11].filter   |     0.002 |
|       gen_filt_inst[12].filter   |     0.002 |
|       gen_filt_inst[13].filter   |     0.002 |
|       gen_filt_inst[14].filter   |     0.002 |
|       gen_filt_inst[15].filter   |     0.002 |
|       gen_filt_inst[16].filter   |     0.002 |
|       gen_filt_inst[17].filter   |     0.002 |
|       gen_filt_inst[18].filter   |     0.002 |
|       gen_filt_inst[19].filter   |     0.002 |
|       gen_filt_inst[1].filter    |     0.002 |
|       gen_filt_inst[20].filter   |     0.002 |
|       gen_filt_inst[21].filter   |     0.002 |
|       gen_filt_inst[22].filter   |     0.002 |
|       gen_filt_inst[23].filter   |     0.002 |
|       gen_filt_inst[24].filter   |     0.002 |
|       gen_filt_inst[25].filter   |     0.002 |
|       gen_filt_inst[26].filter   |     0.002 |
|       gen_filt_inst[27].filter   |     0.002 |
|       gen_filt_inst[28].filter   |     0.002 |
|       gen_filt_inst[29].filter   |     0.002 |
|       gen_filt_inst[2].filter    |     0.002 |
|       gen_filt_inst[30].filter   |     0.002 |
|       gen_filt_inst[31].filter   |     0.002 |
|       gen_filt_inst[32].filter   |     0.002 |
|       gen_filt_inst[33].filter   |     0.002 |
|       gen_filt_inst[34].filter   |     0.002 |
|       gen_filt_inst[35].filter   |     0.002 |
|       gen_filt_inst[36].filter   |     0.002 |
|       gen_filt_inst[37].filter   |     0.002 |
|       gen_filt_inst[38].filter   |     0.002 |
|       gen_filt_inst[39].filter   |     0.002 |
|       gen_filt_inst[3].filter    |     0.002 |
|       gen_filt_inst[40].filter   |     0.002 |
|       gen_filt_inst[41].filter   |     0.002 |
|       gen_filt_inst[42].filter   |     0.002 |
|       gen_filt_inst[43].filter   |     0.002 |
|       gen_filt_inst[44].filter   |     0.002 |
|       gen_filt_inst[45].filter   |     0.002 |
|       gen_filt_inst[46].filter   |     0.002 |
|       gen_filt_inst[47].filter   |     0.002 |
|       gen_filt_inst[48].filter   |     0.002 |
|       gen_filt_inst[49].filter   |     0.002 |
|       gen_filt_inst[4].filter    |     0.002 |
|       gen_filt_inst[50].filter   |     0.002 |
|       gen_filt_inst[51].filter   |     0.002 |
|       gen_filt_inst[52].filter   |     0.002 |
|       gen_filt_inst[53].filter   |     0.002 |
|       gen_filt_inst[54].filter   |     0.002 |
|       gen_filt_inst[55].filter   |     0.002 |
|       gen_filt_inst[56].filter   |     0.002 |
|       gen_filt_inst[57].filter   |     0.002 |
|       gen_filt_inst[58].filter   |     0.002 |
|       gen_filt_inst[59].filter   |     0.002 |
|       gen_filt_inst[5].filter    |     0.002 |
|       gen_filt_inst[60].filter   |     0.002 |
|       gen_filt_inst[61].filter   |     0.002 |
|       gen_filt_inst[62].filter   |     0.002 |
|       gen_filt_inst[63].filter   |     0.002 |
|       gen_filt_inst[64].filter   |     0.002 |
|       gen_filt_inst[65].filter   |     0.002 |
|       gen_filt_inst[66].filter   |     0.002 |
|       gen_filt_inst[67].filter   |     0.002 |
|       gen_filt_inst[68].filter   |     0.002 |
|       gen_filt_inst[69].filter   |     0.002 |
|       gen_filt_inst[6].filter    |     0.002 |
|       gen_filt_inst[70].filter   |     0.002 |
|       gen_filt_inst[71].filter   |     0.002 |
|       gen_filt_inst[72].filter   |     0.002 |
|       gen_filt_inst[73].filter   |     0.002 |
|       gen_filt_inst[74].filter   |     0.002 |
|       gen_filt_inst[75].filter   |     0.002 |
|       gen_filt_inst[76].filter   |     0.002 |
|       gen_filt_inst[77].filter   |     0.002 |
|       gen_filt_inst[78].filter   |     0.002 |
|       gen_filt_inst[79].filter   |     0.002 |
|       gen_filt_inst[7].filter    |     0.002 |
|       gen_filt_inst[80].filter   |     0.002 |
|       gen_filt_inst[81].filter   |     0.002 |
|       gen_filt_inst[82].filter   |     0.002 |
|       gen_filt_inst[83].filter   |     0.002 |
|       gen_filt_inst[84].filter   |     0.002 |
|       gen_filt_inst[85].filter   |     0.002 |
|       gen_filt_inst[86].filter   |     0.002 |
|       gen_filt_inst[87].filter   |     0.002 |
|       gen_filt_inst[88].filter   |     0.002 |
|       gen_filt_inst[89].filter   |     0.002 |
|       gen_filt_inst[8].filter    |     0.002 |
|       gen_filt_inst[9].filter    |     0.002 |
|     gen_hash_inst[1].hasher      |     0.037 |
|     gen_hash_inst[2].hasher      |     0.032 |
|     gen_hash_inst[3].hasher      |     0.034 |
|     gen_hash_inst[4].hasher      |     0.034 |
|     gen_hash_inst[5].hasher      |     0.035 |
|     hasher0                      |     0.042 |
|     max                          |     0.002 |
+----------------------------------+-----------+


